Mauro Alessandri:Partito=Partito Democratico:Nome=Mauro:Cognome=Alessandri
Federico Ascani:Partito=Partito Democratico:Nome=Federico:Cognome=Ascani
Maria Gemma Azuni:Partito=LS METROPOLITANA:Nome=Maria Gemma:Cognome=Azuni
Pasquale Boccia:Partito=Partito Democratico:Nome=Pasquale:Cognome=Boccia
Massimiliano Borrelli:Partito=Partito Democratico:Nome=Massimiliano:Cognome=Borrelli
Michela Califano:Partito=Partito Democratico:Nome=Michela:Cognome=Califano
Svetlana Celli:Partito=Partito Democratico:Nome=Svetlana:Cognome=Celli
Mirko Coratti:Partito=Partito Democratico:Nome=Mirko:Cognome=Coratti
Orlando Corsetti:Partito=Partito Democratico:Nome=Orlando:Cognome=Corsetti
Ignazio Cozzoli Poli:Partito=Forza Italia:Nome=Ignazio:Cognome=Cozzoli Poli
Emanuele Dessi':Partito=Movimento 5 Stelle:Nome=Emanuele:Cognome=Dessi'
Carlo Eufemi:Partito=Forza Italia:Nome=Carlo:Cognome=Eufemi
Massimiliano Giordani:Partito=Forza Italia:Nome=Massimiliano:Cognome=Giordani
Dario Nanni:Partito=Partito Democratico:Nome=Dario:Cognome=Nanni
Marco Palumbo:Partito=Partito Democratico:Nome=Marco:Cognome=Palumbo
Giovanni Paris:Partito=Partito Democratico:Nome=Giovanni:Cognome=Paris
Pierpaolo Pedetti:Partito=Partito Democratico:Nome=Pierpaolo:Cognome=Pedetti
Marco Pomarici:Partito=Nuovo Centro Destra:Nome=Marco:Cognome=Pomarici
Alessandro Priori:Partito=Nuovo Centro Destra:Nome=Alessandro:Cognome=Priori
Marco Silvestroni:Partito=LS METROPOLITANA:Nome=Marco:Cognome=Silvestroni
Danilo Sordi:Partito=Partito Democratico:Nome=Danilo:Cognome=Sordi
Antonio Stampete:Partito=Partito Democratico:Nome=Antonio:Cognome=Stampete
Enrico Stefano:Partito=Movimento 5 Stelle:Nome=Enrico:Cognome=Stefano
Andrea Volpi:Partito=Forza Italia:Nome=Andrea:Cognome=Volpi
