Mario Abbruzzese:Partito=Popolo della Libertà:Nome=Mario:Cognome=Abbruzzese
Riccardo Agostini:Partito=Partito Democratico:Nome=Riccardo:Cognome=Agostini
Antonio Aurigemma:Partito=Popolo della Libertà:Nome=Antonio:Cognome=Aurigemma
Cristiana Avenali:Partito=Lista Civica - Cen-Sin:Nome=Cristiana:Cognome=Avenali
Michele Baldi:Partito=Lista Civica - Cen-Sin:Nome=Michele:Cognome=Baldi
Davide Barillari:Partito=Movimento 5 Stelle:Nome=Davide:Cognome=Barillari
Fabio Bellini:Partito=Partito Democratico:Nome=Fabio:Cognome=Bellini
Daniela Bianchi:Partito=Partito Democratico:Nome=Daniela:Cognome=Bianchi
Silvia Blasi:Partito=Movimento 5 Stelle:Nome=Silvia:Cognome=Blasi
Marta Bonafoni:Partito=Lista Civica - Cen-Sin:Nome=Marta:Cognome=Bonafoni
Mauro Buschini:Partito=Partito Democratico:Nome=Mauro:Cognome=Buschini
Giuseppe Emanuele Cangemi:Partito=Area Popolare (NCD-UDC):Nome=Giuseppe Emanuele:Cognome=Cangemi
Cristian Carrara:Partito=Lista Civica - Cen-Sin:Nome=Cristian:Cognome=Carrara
Mario Ciarla:Partito=Partito Democratico:Nome=Mario:Cognome=Ciarla
Valentina Corrado:Partito=Movimento 5 Stelle:Nome=Valentina:Cognome=Corrado
Fabio De Lillo:Partito=Area Popolare (NCD-UDC):Nome=Fabio:Cognome=De Lillo
Gino De Paolis:Partito=Sinistra Ecologia e Libertà:Nome=Gino:Cognome=De Paolis
Silvana Denicolò:Partito=Movimento 5 Stelle:Nome=Silvana:Cognome=Denicolò
Pietro Di Paolantonio:Partito=Area Popolare (NCD-UDC):Nome=Pietro:Cognome=Di Paolantonio
Marino Fardelli:Partito=Unione Democratici Cristiani:Nome=Marino:Cognome=Fardelli
Baldassare Favara:Partito=Lista Civica - Cen-Sin:Nome=Baldassare:Cognome=Favara
Daniele Fichera:Partito=Partito Socialista Italiano:Nome=Daniele:Cognome=Fichera
Enrico Maria Forte:Partito=Partito Democratico:Nome=Enrico Maria:Cognome=Forte
Rosa Giancola:Partito=Altro:Nome=Rosa:Cognome=Giancola
Rodolfo Lena:Partito=Partito Democratico:Nome=Rodolfo:Cognome=Lena
Simone Lupi:Partito=Partito Democratico:Nome=Simone:Cognome=Lupi
Luca Malcotti:Partito=Non specificato:Nome=Luca:Cognome=Malcotti
Gian Paolo Manzella:Partito=Lista Civica - Cen-Sin:Nome=Gian Paolo:Cognome=Manzella
Daniele Mitolo:Partito=Lista Civica - Cen-Sin:Nome=Daniele:Cognome=Mitolo
Adriano Palozzi:Partito=Popolo della Libertà:Nome=Adriano:Cognome=Palozzi
Enrico Panunzi:Partito=Partito Democratico:Nome=Enrico:Cognome=Panunzi
Eugenio Patane':Partito=Partito Democratico:Nome=Eugenio:Cognome=Patane'
Gianluca Perilli:Partito=Movimento 5 Stelle:Nome=Gianluca:Cognome=Perilli
Gaia Pernarella:Partito=Movimento 5 Stelle:Nome=Gaia:Cognome=Pernarella
Maria Teresa Petrangolini:Partito=Altro:Nome=Maria Teresa:Cognome=Petrangolini
Piero Petrassi:Partito=CENTRO DEMOCRATICO:Nome=Piero:Cognome=Petrassi
Devid Porrello:Partito=Movimento 5 Stelle:Nome=Devid:Cognome=Porrello
Gianluca Quadrana:Partito=Lista Civica - Cen-Sin:Nome=Gianluca:Cognome=Quadrana
Giancarlo Righini:Partito=Fratelli d'Italia Centrodestra nazionale:Nome=Giancarlo:Cognome=Righini
Daniele Sabatini:Partito=Area Popolare (NCD-UDC):Nome=Daniele:Cognome=Sabatini
Fabrizio Santori:Partito=La Destra:Nome=Fabrizio:Cognome=Santori
Pietro Sbardella:Partito=Unione Democratici Cristiani:Nome=Pietro:Cognome=Sbardella
Giuseppe Simeone:Partito=Popolo della Libertà:Nome=Giuseppe:Cognome=Simeone
Francesco Storace:Partito=La Destra:Nome=Francesco:Cognome=Storace
Olimpia Tarzia:Partito=Lista Civica - Cen-Des:Nome=Olimpia:Cognome=Tarzia
Riccardo Valentini:Partito=Lista Civica - Cen-Sin:Nome=Riccardo:Cognome=Valentini
Massimiliano Valeriani:Partito=Partito Democratico:Nome=Massimiliano:Cognome=Valeriani
Marco Vincenzi:Partito=Partito Democratico:Nome=Marco:Cognome=Vincenzi
Gianfranco Zambelli:Partito=Partito Democratico:Nome=Gianfranco:Cognome=Zambelli
