29 Giugno
Abecedario
Agape Roma
Albatros
Ambiente e Lavoro
APE Altri percorsi
Artemisia onlus
Artemisia onlus
Artware Services Società Coop.Soc.Integrata
Atlante
Azzurra 84
Bottega Solidale
Cantieri Sociali
Capodarco Società Cooperativa Sociale Integrata
Casa Comune 2000
Centro per l'Autonomia Soc.Coop.Sociale
CO.S.A.
Cons. ESSE
Cons. Parsifal
Cons. Solaris Lazio
Consorzio di Coop. Sociali "Alberto Bastiani" Onlus
Consorzio Meglio Insieme So.Coop.Soc
Conto alla Rovescia
Coop. VITA NOVA
Coop.va Il Sogno
Cooperativa Sociale Integrata PEGASO
Costruire Insieme
Data Coop
Demetra
Edera
Eriches 29-Consorzio Soc.Coop. Sociali – ONLUS
Europe Consulting
Fedra Comunicazione
Formula Sociale Soc. Cooperativa Sociale
Gruppo Iskra
Handy Systems
Girasoli
I.SO.LA.
Il Gabbiano Multiservizi Onlus
Il Gheppio
Il Grande Carro
Il Melograno Consorzio Onlus
Il Trattore
Impegno per la Promozione
L' Arancia Coop.Soc arl
Inopera Global Service
La Cacciarella
La Ginestra
La Prora
La Ragnatela
La XIII
L'Agrifoglio Cooperativa Sociale
Le Tamerici
Linea Sociale
Magazzino
Marisol
Mediterranea
Men at Work O.n.l.u.s
Metro Service
Nausicaa Consorzio Onlus Coop.Soc
New Horizons
Parco di Veio
Parsec Consortium
Parsec Flor
PIN.GO Società Cooperativa Sociale Integrata"
Queens Servizi
Cooperativa Sociale Integrata L'Acquedotto
Re.RO
Roma & Service
Roy's
SINTESI
SOL.CO Solidarietà e Cooperazione Soc. Coop. Soc. Onlus
Soleluna
Tandem
Team Project Lazio
Villa Maraini Cooperativa Sociale Onlus
Viola
Virtus Roma
Cooperativa Sociale Integrata DIVERSO VIAGGIARE
NUOVA PROSPETTIVA Coop.Soc.Integrata
TRIOMARC Coop.Soc
OMNIBUS Soc Coop. Sociale
CONSORZIO FORMULAAMBIENT E Coop.Soc
Coop Sociale LA ISLA BONITA
Coop Sociale SARO
Coop Sociale Help
Coop Sociale FATTIVAMENTE
Coop Sociale PROGETTO COLONNA
Coop Sociale P.I.D.
SOCIAL GREEN Coop Sociale
AD ACCESS POINT Coop Sociale onlus
RA.LA.M. Soc. Coop. Sociale
IL SOL.CO Consorzio Sociale Onlus
Co.So.Prol.
IL MONDO DEI MESTIERI Soc. Coop. Arl
ARTICOLO 3 Società Cooperativa Sociale Onlus
CONSORZIO VALCOMINO Società Cooperativa Sociale
Cooperativa Sociale IL PARCHETTO
G.S.A. SCARL
KAIROS soc.coop sociale a.r.l. onlus
PROGRAMMA INTEGRA s.c. a.r.l
NOVA SERVICE Cooperativa Sociale a.r.l Onlus
Innocenti Agricola Coop. Soc. a.r.l.
Cooperativa Sociale A.r.l. Onlus Green Field
Società Cooperativa Sociale R.A.U.
Società Cooperativa Sociale Onlus Monte Razzano
Rebibbia Agricola Coop. Soc.
Great Green Cooperativa Sociale a.r.l.
Cooperativa Sociale Tortuga
Cooperativa Sociale Arcobaleno
Cooperativa Sociale Onlus Azimuth
Società cooperativa Sociale P.D.M.
Società cooperativa Sociale G.S.I.
CADIS Cooperativa Agricola di Integrazione Sociale
Cooperativa Sociale LML
Società Cooperativa Sociale Integrata CONSORTIUM
Società Cooperativa Sociale Integrata Six Sigma
La Prora
Il Faro
