Ignazio Abrignani:Partito=Gruppo Misto:Nome=Ignazio:Cognome=Abrignani
Ferdinando Adornato:Partito=Area Popolare (NCD-UDC):Nome=Ferdinando:Cognome=Adornato
Donatella Agostinelli:Partito=Movimento 5 stelle:Nome=Donatella:Cognome=Agostinelli
Roberta Agostini:Partito=Partito Democratico:Nome=Roberta:Cognome=Agostini
Luciano Agostini:Partito=Partito Democratico:Nome=Luciano:Cognome=Agostini
Ferdinando Aiello:Partito=Partito Democratico:Nome=Ferdinando:Cognome=Aiello
Giorgio Airaudo:Partito=Sinistra Italiana-Sinistra ecologia e libertà:Nome=Giorgio:Cognome=Airaudo
Luisella Albanella:Partito=Partito Democratico:Nome=Luisella:Cognome=Albanella
Dino Alberti:Partito=Movimento 5 stelle:Nome=Dino:Cognome=Alberti
Tea Albini:Partito=Partito Democratico:Nome=Tea:Cognome=Albini
Gioacchino Alfano:Partito=Area Popolare (NCD-UDC):Nome=Gioacchino:Cognome=Alfano
Angelino Alfano:Partito=Area Popolare (NCD-UDC):Nome=Angelino:Cognome=Alfano
Daniel Alfreider:Partito=Gruppo Misto:Nome=Daniel:Cognome=Alfreider
Stefano Allasia:Partito=Lega Nord e autonomie:Nome=Stefano:Cognome=Allasia
Paolo Alli:Partito=Area Popolare (NCD-UDC):Nome=Paolo:Cognome=Alli
Trifone Altieri:Partito=Popolo della Libertà:Nome=Trifone:Cognome=Altieri
Maria Amato:Partito=Partito Democratico:Nome=Maria:Cognome=Amato
Vincenzo Amendola:Partito=Partito Democratico:Nome=Vincenzo:Cognome=Amendola
Sesa Amici:Partito=Partito Democratico:Nome=Sesa:Cognome=Amici
Sofia Amoddio:Partito=Partito Democratico:Nome=Sofia:Cognome=Amoddio
Antonio Angelucci:Partito=Popolo della Libertà:Nome=Antonio:Cognome=Angelucci
Maria Antezza:Partito=Partito Democratico:Nome=Maria:Cognome=Antezza
Michele Anzaldi:Partito=Partito Democratico:Nome=Michele:Cognome=Anzaldi
Bruno Archi:Partito=Popolo della Libertà:Nome=Bruno:Cognome=Archi
Ileana Argentin:Partito=Partito Democratico:Nome=Ileana:Cognome=Argentin
Tiziano Arlotti:Partito=Partito Democratico:Nome=Tiziano:Cognome=Arlotti
Massimo Artini:Partito=Gruppo Misto:Nome=Massimo:Cognome=Artini
Anna Ascani:Partito=Partito Democratico:Nome=Anna:Cognome=Ascani
Angelo Attaguile:Partito=Lega Nord e autonomie:Nome=Angelo:Cognome=Attaguile
Marco Baldassarre:Partito=Gruppo Misto:Nome=Marco:Cognome=Baldassarre
Simone Baldelli:Partito=Popolo della Libertà:Nome=Simone:Cognome=Baldelli
Maurizio Baradello:Partito=Per L'Italia:Nome=Maurizio:Cognome=Baradello
Sebastiano Barbanti:Partito=Gruppo Misto:Nome=Sebastiano:Cognome=Barbanti
Pier Paolo Baretta:Partito=Partito Democratico:Nome=Pier Paolo:Cognome=Baretta
Cristina Bargero:Partito=Partito Democratico:Nome=Cristina:Cognome=Bargero
Massimo Enrico Baroni:Partito=Movimento 5 stelle:Nome=Massimo Enrico:Cognome=Baroni
Davide Baruffi:Partito=Partito Democratico:Nome=Davide:Cognome=Baruffi
Tatiana Basilio:Partito=Movimento 5 stelle:Nome=Tatiana:Cognome=Basilio
Lorenzo Basso:Partito=Partito Democratico:Nome=Lorenzo:Cognome=Basso
Demetrio Battaglia:Partito=Partito Democratico:Nome=Demetrio:Cognome=Battaglia
Sergio Battelli:Partito=Movimento 5 stelle:Nome=Sergio:Cognome=Battelli
Alfredo Bazoli:Partito=Partito Democratico:Nome=Alfredo:Cognome=Bazoli
Lorenzo Becattini:Partito=Partito Democratico:Nome=Lorenzo:Cognome=Becattini
Eleonora Bechis:Partito=Gruppo Misto:Nome=Eleonora:Cognome=Bechis
Teresa Bellanova:Partito=Partito Democratico:Nome=Teresa:Cognome=Bellanova
Gianluca Benamati:Partito=Partito Democratico:Nome=Gianluca:Cognome=Benamati
Silvia Benedetti:Partito=Movimento 5 stelle:Nome=Silvia:Cognome=Benedetti
Paolo Beni:Partito=Partito Democratico:Nome=Paolo:Cognome=Beni
Deborah Bergamini:Partito=Popolo della Libertà:Nome=Deborah:Cognome=Bergamini
Marco Bergonzi:Partito=Partito Democratico:Nome=Marco:Cognome=Bergonzi
Marina Berlinghieri:Partito=Partito Democratico:Nome=Marina:Cognome=Berlinghieri
Maurizio Bernardo:Partito=Area Popolare (NCD-UDC):Nome=Maurizio:Cognome=Bernardo
Paolo Bernini:Partito=Movimento 5 stelle:Nome=Paolo:Cognome=Bernini
Massimiliano Bernini:Partito=Movimento 5 stelle:Nome=Massimiliano:Cognome=Bernini
Giuseppe Berretta:Partito=Partito Democratico:Nome=Giuseppe:Cognome=Berretta
Pier Luigi Bersani:Partito=Partito Democratico:Nome=Pier Luigi:Cognome=Bersani
Dorina Bianchi:Partito=Area Popolare (NCD-UDC):Nome=Dorina:Cognome=Bianchi
Mariastella Bianchi:Partito=Partito Democratico:Nome=Mariastella:Cognome=Bianchi
Nicola Bianchi:Partito=Movimento 5 stelle:Nome=Nicola:Cognome=Bianchi
Michaela Biancofiore:Partito=Popolo della Libertà:Nome=Michaela:Cognome=Biancofiore
Maurizio Bianconi:Partito=Popolo della Libertà:Nome=Maurizio:Cognome=Bianconi
Sandro Biasotti:Partito=Popolo della Libertà:Nome=Sandro:Cognome=Biasotti
Rosy Bindi:Partito=Partito Democratico:Nome=Rosy:Cognome=Bindi
Paola Binetti:Partito=Area Popolare (NCD-UDC):Nome=Paola:Cognome=Binetti
Caterina Bini:Partito=Partito Democratico:Nome=Caterina:Cognome=Bini
Franca Maria Grazia Biondelli:Partito=Partito Democratico:Nome=Franca Maria Grazia:Cognome=Biondelli
Tamara Blazina:Partito=Partito Democratico:Nome=Tamara:Cognome=Blazina
Luigi Bobba:Partito=Partito Democratico:Nome=Luigi:Cognome=Bobba
Sergio Boccadutri:Partito=Partito Democratico:Nome=Sergio:Cognome=Boccadutri
Gianpiero Bocci:Partito=Partito Democratico:Nome=Gianpiero:Cognome=Bocci
Francesco Boccia:Partito=Partito Democratico:Nome=Francesco:Cognome=Boccia
Antonio Boccuzzi:Partito=Partito Democratico:Nome=Antonio:Cognome=Boccuzzi
Laura Boldrini:Partito=Sinistra Italiana-Sinistra ecologia e libertà:Nome=Laura:Cognome=Boldrini
Paola Boldrini:Partito=Partito Democratico:Nome=Paola:Cognome=Boldrini
Paolo Bolognesi:Partito=Partito Democratico:Nome=Paolo:Cognome=Bolognesi
Alberto Bombassei:Partito=Scelta civica per l'Italia:Nome=Alberto:Cognome=Bombassei
Lorenza Bonaccorsi:Partito=Partito Democratico:Nome=Lorenza:Cognome=Bonaccorsi
Alfonso Bonafede:Partito=Movimento 5 stelle:Nome=Alfonso:Cognome=Bonafede
Francesco Bonifazi:Partito=Partito Democratico:Nome=Francesco:Cognome=Bonifazi
Francesca Bonomo:Partito=Partito Democratico:Nome=Francesca:Cognome=Bonomo
Michele Bordo:Partito=Partito Democratico:Nome=Michele:Cognome=Bordo
Franco Bordo:Partito=Sinistra Italiana-Sinistra ecologia e libertà:Nome=Franco:Cognome=Bordo
Mario Borghese:Partito=Gruppo Misto:Nome=Mario:Cognome=Borghese
Stefano Borghesi:Partito=Lega Nord e autonomie:Nome=Stefano:Cognome=Borghesi
Enrico Borghi:Partito=Partito Democratico:Nome=Enrico:Cognome=Borghi
Ilaria Borletti Buitoni:Partito=Scelta civica per l'Italia:Nome=Ilaria:Cognome=Borletti Buitoni
Maria Elena Boschi:Partito=Partito Democratico:Nome=Maria Elena:Cognome=Boschi
Antonino Bosco:Partito=Area Popolare (NCD-UDC):Nome=Antonino:Cognome=Bosco
Luisa Bossa:Partito=Partito Democratico:Nome=Luisa:Cognome=Bossa
Umberto Bossi:Partito=Lega Nord e autonomie:Nome=Umberto:Cognome=Bossi
Chiara Braga:Partito=Partito Democratico:Nome=Chiara:Cognome=Braga
Matteo Bragantini:Partito=Gruppo Misto:Nome=Matteo:Cognome=Bragantini
Paola Bragantini:Partito=Partito Democratico:Nome=Paola:Cognome=Bragantini
Michela Vittoria Brambilla:Partito=Popolo della Libertà:Nome=Michela Vittoria:Cognome=Brambilla
Giorgio Brandolin:Partito=Partito Democratico:Nome=Giorgio:Cognome=Brandolin
Alessandro Bratti:Partito=Partito Democratico:Nome=Alessandro:Cognome=Bratti
Giuseppe Brescia:Partito=Movimento 5 stelle:Nome=Giuseppe:Cognome=Brescia
Gianclaudio Bressa:Partito=Partito Democratico:Nome=Gianclaudio:Cognome=Bressa
Beatrice Brignone:Partito=Gruppo Misto:Nome=Beatrice:Cognome=Brignone
Marco Brugnerotto:Partito=Movimento 5 stelle:Nome=Marco:Cognome=Brugnerotto
Renato Brunetta:Partito=Popolo della Libertà:Nome=Renato:Cognome=Brunetta
Franco Bruno:Partito=Gruppo Misto:Nome=Franco:Cognome=Bruno
Enza Bruno Bossio:Partito=Partito Democratico:Nome=Enza:Cognome=Bruno Bossio
Renata Bueno:Partito=Gruppo Misto:Nome=Renata:Cognome=Bueno
Giovanni Burtone:Partito=Partito Democratico:Nome=Giovanni:Cognome=Burtone
Filippo Busin:Partito=Lega Nord e autonomie:Nome=Filippo:Cognome=Busin
Francesca Businarolo:Partito=Movimento 5 stelle:Nome=Francesca:Cognome=Businarolo
Mirko Busto:Partito=Movimento 5 stelle:Nome=Mirko:Cognome=Busto
Rocco Buttiglione:Partito=Area Popolare (NCD-UDC):Nome=Rocco:Cognome=Buttiglione
Annagrazia Calabria:Partito=Popolo della Libertà:Nome=Annagrazia:Cognome=Calabria
Raffaele Calabro':Partito=Area Popolare (NCD-UDC):Nome=Raffaele:Cognome=Calabro'
Vanessa Camani:Partito=Partito Democratico:Nome=Vanessa:Cognome=Camani
Micaela Campana:Partito=Partito Democratico:Nome=Micaela:Cognome=Campana
Azzurra Cancelleri:Partito=Movimento 5 stelle:Nome=Azzurra:Cognome=Cancelleri
Emanuele Cani:Partito=Partito Democratico:Nome=Emanuele:Cognome=Cani
Roberto Caon:Partito=Gruppo Misto:Nome=Roberto:Cognome=Caon
Davide Caparini:Partito=Lega Nord e autonomie:Nome=Davide:Cognome=Caparini
Roberto Capelli:Partito=Per L'Italia:Nome=Roberto:Cognome=Capelli
Daniele Capezzone:Partito=Popolo della Libertà:Nome=Daniele:Cognome=Capezzone
Angelo Capodicasa:Partito=Partito Democratico:Nome=Angelo:Cognome=Capodicasa
Salvatore Capone:Partito=Partito Democratico:Nome=Salvatore:Cognome=Capone
Sabrina Capozzolo:Partito=Partito Democratico:Nome=Sabrina:Cognome=Capozzolo
Ilaria Capua:Partito=Scelta civica per l'Italia:Nome=Ilaria:Cognome=Capua
Ernesto Carbone:Partito=Partito Democratico:Nome=Ernesto:Cognome=Carbone
Daniela Cardinale:Partito=Partito Democratico:Nome=Daniela:Cognome=Cardinale
Renzo Carella:Partito=Partito Democratico:Nome=Renzo:Cognome=Carella
Mara Carfagna:Partito=Popolo della Libertà:Nome=Mara:Cognome=Carfagna
Francesco Cariello:Partito=Movimento 5 stelle:Nome=Francesco:Cognome=Cariello
Paola Carinelli:Partito=Movimento 5 stelle:Nome=Paola:Cognome=Carinelli
Anna Maria Carloni:Partito=Partito Democratico:Nome=Anna Maria:Cognome=Carloni
Elena Carnevali:Partito=Partito Democratico:Nome=Elena:Cognome=Carnevali
Mara Carocci:Partito=Partito Democratico:Nome=Mara:Cognome=Carocci
Marco Carra:Partito=Partito Democratico:Nome=Marco:Cognome=Carra
Piergiorgio Carrescia:Partito=Partito Democratico:Nome=Piergiorgio:Cognome=Carrescia
Maria Chiara Carrozza:Partito=Partito Democratico:Nome=Maria Chiara:Cognome=Carrozza
Mario Caruso:Partito=Per L'Italia:Nome=Mario:Cognome=Caruso
Ezio Primo Casati:Partito=Partito Democratico:Nome=Ezio Primo:Cognome=Casati
Floriana Casellato:Partito=Partito Democratico:Nome=Floriana:Cognome=Casellato
Luigi Casero:Partito=Area Popolare (NCD-UDC):Nome=Luigi:Cognome=Casero
Vincenzo Caso:Partito=Movimento 5 stelle:Nome=Vincenzo:Cognome=Caso
Franco Cassano:Partito=Partito Democratico:Nome=Franco:Cognome=Cassano
Laura Castelli:Partito=Movimento 5 stelle:Nome=Laura:Cognome=Castelli
Giuseppina Castiello:Partito=Popolo della Libertà:Nome=Giuseppina:Cognome=Castiello
Giuseppe Castiglione:Partito=Area Popolare (NCD-UDC):Nome=Giuseppe:Cognome=Castiglione
Antonio Castricone:Partito=Partito Democratico:Nome=Antonio:Cognome=Castricone
Ivan Catalano:Partito=Scelta civica per l'Italia:Nome=Ivan:Cognome=Catalano
Mario Catania:Partito=Scelta civica per l'Italia:Nome=Mario:Cognome=Catania
Basilio Catanoso:Partito=Popolo della Libertà:Nome=Basilio:Cognome=Catanoso
Marco Causi:Partito=Partito Democratico:Nome=Marco:Cognome=Causi
Andrea Causin:Partito=Area Popolare (NCD-UDC):Nome=Andrea:Cognome=Causin
Andrea Cecconi:Partito=Movimento 5 stelle:Nome=Andrea:Cognome=Cecconi
Susanna Cenni:Partito=Partito Democratico:Nome=Susanna:Cognome=Cenni
Bruno Censore:Partito=Partito Democratico:Nome=Bruno:Cognome=Censore
Elena Centemero:Partito=Popolo della Libertà:Nome=Elena:Cognome=Centemero
Angelo Cera:Partito=Area Popolare (NCD-UDC):Nome=Angelo:Cognome=Cera
Luigi Cesaro:Partito=Popolo della Libertà:Nome=Luigi:Cognome=Cesaro
Antimo Cesaro:Partito=Scelta civica per l'Italia:Nome=Antimo:Cognome=Cesaro
Khalid Chaouki:Partito=Partito Democratico:Nome=Khalid:Cognome=Chaouki
Gianfranco Chiarelli:Partito=Popolo della Libertà:Nome=Gianfranco:Cognome=Chiarelli
Silvia Chimienti:Partito=Movimento 5 stelle:Nome=Silvia:Cognome=Chimienti
Fabrizio Cicchitto:Partito=Area Popolare (NCD-UDC):Nome=Fabrizio:Cognome=Cicchitto
Eleonora Cimbro:Partito=Partito Democratico:Nome=Eleonora:Cognome=Cimbro
Tiziana Ciprini:Partito=Movimento 5 stelle:Nome=Tiziana:Cognome=Ciprini
Nicola Ciraci':Partito=Popolo della Libertà:Nome=Nicola:Cognome=Ciraci'
Edmondo Cirielli:Partito=Fratelli d'Italia - Centrodestra Nazionale:Nome=Edmondo:Cognome=Cirielli
Giuseppe Civati:Partito=Gruppo Misto:Nome=Giuseppe:Cognome=Civati
Laura Coccia:Partito=Partito Democratico:Nome=Laura:Cognome=Coccia
Matteo Colaninno:Partito=Partito Democratico:Nome=Matteo:Cognome=Colaninno
Andrea Colletti:Partito=Movimento 5 stelle:Nome=Andrea:Cognome=Colletti
Vega Colonnese:Partito=Movimento 5 stelle:Nome=Vega:Cognome=Colonnese
Claudio Cominardi:Partito=Movimento 5 stelle:Nome=Claudio:Cognome=Cominardi
Miriam Cominelli:Partito=Partito Democratico:Nome=Miriam:Cognome=Cominelli
Paolo Coppola:Partito=Partito Democratico:Nome=Paolo:Cognome=Coppola
Emanuela Corda:Partito=Movimento 5 stelle:Nome=Emanuela:Cognome=Corda
Massimo Corsaro:Partito=Gruppo Misto:Nome=Massimo:Cognome=Corsaro
Maria Coscia:Partito=Partito Democratico:Nome=Maria:Cognome=Coscia
Enrico Costa:Partito=Area Popolare (NCD-UDC):Nome=Enrico:Cognome=Costa
Celestina Costantino:Partito=Sinistra Italiana-Sinistra ecologia e libertà:Nome=Celestina:Cognome=Costantino
Paolo Cova:Partito=Partito Democratico:Nome=Paolo:Cognome=Cova
Stefania Covello:Partito=Partito Democratico:Nome=Stefania:Cognome=Covello
Emanuele Cozzolino:Partito=Movimento 5 stelle:Nome=Emanuele:Cognome=Cozzolino
Filippo Crimì:Partito=Partito Democratico:Nome=Filippo:Cognome=Crimì
Rocco Crimi:Partito=Popolo della Libertà:Nome=Rocco:Cognome=Crimi
Davide Crippa:Partito=Movimento 5 stelle:Nome=Davide:Cognome=Crippa
Diego Crivellari:Partito=Partito Democratico:Nome=Diego:Cognome=Crivellari
Magda Culotta:Partito=Partito Democratico:Nome=Magda:Cognome=Culotta
Antonio Cuomo:Partito=Partito Democratico:Nome=Antonio:Cognome=Cuomo
Giovanni Cuperlo:Partito=Partito Democratico:Nome=Giovanni:Cognome=Cuperlo
Tommaso Currò:Partito=Partito Democratico:Nome=Tommaso:Cognome=Currò
Angelo D'Agostino:Partito=Scelta civica per l'Italia:Nome=Angelo:Cognome=D'Agostino
Luca D'Alessandro:Partito=Gruppo Misto:Nome=Luca:Cognome=D'Alessandro
Gianpiero D'Alia:Partito=Area Popolare (NCD-UDC):Nome=Gianpiero:Cognome=D'Alia
Giuseppe D'Ambrosio:Partito=Movimento 5 stelle:Nome=Giuseppe:Cognome=D'Ambrosio
Vincenzo D'Arienzo:Partito=Partito Democratico:Nome=Vincenzo:Cognome=D'Arienzo
Alfredo D'Attorre:Partito=Sinistra Italiana-Sinistra ecologia e libertà:Nome=Alfredo:Cognome=D'Attorre
Federico D'Incà:Partito=Movimento 5 stelle:Nome=Federico:Cognome=D'Incà
Vittoria D'Incecco:Partito=Partito Democratico:Nome=Vittoria:Cognome=D'Incecco
Umberto D'Ottavio:Partito=Partito Democratico:Nome=Umberto:Cognome=D'Ottavio
Francesco D'Uva:Partito=Movimento 5 stelle:Nome=Francesco:Cognome=D'Uva
Marco Da Villa:Partito=Movimento 5 stelle:Nome=Marco:Cognome=Da Villa
Fabiana Dadone:Partito=Movimento 5 stelle:Nome=Fabiana:Cognome=Dadone
Federica Daga:Partito=Movimento 5 stelle:Nome=Federica:Cognome=Daga
Gian Pietro Dal Moro:Partito=Partito Democratico:Nome=Gian Pietro:Cognome=Dal Moro
Matteo Dall'osso:Partito=Movimento 5 stelle:Nome=Matteo:Cognome=Dall'osso
Luigi Dallai:Partito=Partito Democratico:Nome=Luigi:Cognome=Dallai
Stefano Dambruoso:Partito=Scelta civica per l'Italia:Nome=Stefano:Cognome=Dambruoso
Cesare Damiano:Partito=Partito Democratico:Nome=Cesare:Cognome=Damiano
Nunzia De Girolamo:Partito=Popolo della Libertà:Nome=Nunzia:Cognome=De Girolamo
Diego De Lorenzis:Partito=Movimento 5 stelle:Nome=Diego:Cognome=De Lorenzis
Andrea De Maria:Partito=Partito Democratico:Nome=Andrea:Cognome=De Maria
Roger De Menech:Partito=Partito Democratico:Nome=Roger:Cognome=De Menech
Paola De Micheli:Partito=Partito Democratico:Nome=Paola:Cognome=De Micheli
Giuseppe De Mita:Partito=Area Popolare (NCD-UDC):Nome=Giuseppe:Cognome=De Mita
Massimo De Rosa:Partito=Movimento 5 stelle:Nome=Massimo:Cognome=De Rosa
Umberto Del Basso De Caro:Partito=Partito Democratico:Nome=Umberto:Cognome=Del Basso De Caro
Daniele Del Grosso:Partito=Movimento 5 stelle:Nome=Daniele:Cognome=Del Grosso
Carlo Dell'aringa:Partito=Partito Democratico:Nome=Carlo:Cognome=Dell'aringa
Michele Dell'Orco:Partito=Movimento 5 stelle:Nome=Michele:Cognome=Dell'Orco
Ivan Della Valle:Partito=Movimento 5 stelle:Nome=Ivan:Cognome=Della Valle
Lorenzo Dellai:Partito=Per L'Italia:Nome=Lorenzo:Cognome=Dellai
Alessandro Di Battista:Partito=Movimento 5 stelle:Nome=Alessandro:Cognome=Di Battista
Chiara Di Benedetto:Partito=Movimento 5 stelle:Nome=Chiara:Cognome=Di Benedetto
Raffaele Di Gioia:Partito=Gruppo Misto:Nome=Raffaele:Cognome=Di Gioia
Marco Di Lello:Partito=Gruppo Misto:Nome=Marco:Cognome=Di Lello
Luigi Di Maio:Partito=Movimento 5 stelle:Nome=Luigi:Cognome=Di Maio
Marco Di Maio:Partito=Partito Democratico:Nome=Marco:Cognome=Di Maio
Titti Di Salvo:Partito=Partito Democratico:Nome=Titti:Cognome=Di Salvo
Manlio Di Stefano:Partito=Movimento 5 stelle:Nome=Manlio:Cognome=Di Stefano
Fabrizio Di Stefano:Partito=Popolo della Libertà:Nome=Fabrizio:Cognome=Di Stefano
Marco Di Stefano:Partito=Partito Democratico:Nome=Marco:Cognome=Di Stefano
Giulia Di Vita:Partito=Movimento 5 stelle:Nome=Giulia:Cognome=Di Vita
Federica Dieni:Partito=Movimento 5 stelle:Nome=Federica:Cognome=Dieni
Antonio Distaso:Partito=Popolo della Libertà:Nome=Antonio:Cognome=Distaso
Marco Donati:Partito=Partito Democratico:Nome=Marco:Cognome=Donati
Donatella Duranti:Partito=Sinistra Italiana-Sinistra ecologia e libertà:Nome=Donatella:Cognome=Duranti
Guglielmo Epifani:Partito=Partito Democratico:Nome=Guglielmo:Cognome=Epifani
David Ermini:Partito=Partito Democratico:Nome=David:Cognome=Ermini
Marilena Fabbri:Partito=Partito Democratico:Nome=Marilena:Cognome=Fabbri
Monica Faenzi:Partito=Gruppo Misto:Nome=Monica:Cognome=Faenzi
Giovanni Falcone:Partito=Partito Democratico:Nome=Giovanni:Cognome=Falcone
Luigi Famiglietti:Partito=Partito Democratico:Nome=Luigi:Cognome=Famiglietti
Mattia Fantinati:Partito=Movimento 5 stelle:Nome=Mattia:Cognome=Fantinati
Edoardo Fanucci:Partito=Partito Democratico:Nome=Edoardo:Cognome=Fanucci
Davide Faraone:Partito=Partito Democratico:Nome=Davide:Cognome=Faraone
Daniele Farina:Partito=Sinistra Italiana-Sinistra ecologia e libertà:Nome=Daniele:Cognome=Farina
Gianni Farina:Partito=Partito Democratico:Nome=Gianni:Cognome=Farina
Stefano Fassina:Partito=Sinistra Italiana-Sinistra ecologia e libertà:Nome=Stefano:Cognome=Fassina
Federico Fauttilli:Partito=Per L'Italia:Nome=Federico:Cognome=Fauttilli
Claudio Fava:Partito=Sinistra Italiana-Sinistra ecologia e libertà:Nome=Claudio:Cognome=Fava
Marco Fedi:Partito=Partito Democratico:Nome=Marco:Cognome=Fedi
Massimiliano Fedriga:Partito=Lega Nord e autonomie:Nome=Massimiliano:Cognome=Fedriga
Donatella Ferranti:Partito=Partito Democratico:Nome=Donatella:Cognome=Ferranti
Francesco Ferrara:Partito=Sinistra Italiana-Sinistra ecologia e libertà:Nome=Francesco:Cognome=Ferrara
Vittorio Ferraresi:Partito=Movimento 5 stelle:Nome=Vittorio:Cognome=Ferraresi
Alan Ferrari:Partito=Partito Democratico:Nome=Alan:Cognome=Ferrari
Andrea Ferro:Partito=Partito Democratico:Nome=Andrea:Cognome=Ferro
Emanuele Fiano:Partito=Partito Democratico:Nome=Emanuele:Cognome=Fiano
Roberto Fico:Partito=Movimento 5 stelle:Nome=Roberto:Cognome=Fico
Massimo Fiorio:Partito=Partito Democratico:Nome=Massimo:Cognome=Fiorio
Giuseppe Fioroni:Partito=Partito Democratico:Nome=Giuseppe:Cognome=Fioroni
Vincenzo Folino:Partito=Sinistra Italiana-Sinistra ecologia e libertà:Nome=Vincenzo:Cognome=Folino
Gregorio Fontana:Partito=Popolo della Libertà:Nome=Gregorio:Cognome=Fontana
Cinzia Maria Fontana:Partito=Partito Democratico:Nome=Cinzia Maria:Cognome=Fontana
Paolo Fontanelli:Partito=Partito Democratico:Nome=Paolo:Cognome=Fontanelli
Aniello Formisano:Partito=Gruppo Misto:Nome=Aniello:Cognome=Formisano
Filippo Fossati:Partito=Partito Democratico:Nome=Filippo:Cognome=Fossati
Riccardo Fraccaro:Partito=Movimento 5 stelle:Nome=Riccardo:Cognome=Fraccaro
Gian Mario Fragomeli:Partito=Partito Democratico:Nome=Gian Mario:Cognome=Fragomeli
Dario Franceschini:Partito=Partito Democratico:Nome=Dario:Cognome=Franceschini
Nicola Fratoianni:Partito=Sinistra Italiana-Sinistra ecologia e libertà:Nome=Nicola:Cognome=Fratoianni
Silvia Fregolent:Partito=Partito Democratico:Nome=Silvia:Cognome=Fregolent
Luca Frusone:Partito=Movimento 5 stelle:Nome=Luca:Cognome=Frusone
Benedetto Fucci:Partito=Popolo della Libertà:Nome=Benedetto:Cognome=Fucci
Alessandro Furnari:Partito=Gruppo Misto:Nome=Alessandro:Cognome=Furnari
Gianluca Fusilli:Partito=Partito Democratico:Nome=Gianluca:Cognome=Fusilli
Maria Chiara Gadda:Partito=Partito Democratico:Nome=Maria Chiara:Cognome=Gadda
Chiara Gagnarli:Partito=Movimento 5 stelle:Nome=Chiara:Cognome=Gagnarli
Giancarlo Galan:Partito=Popolo della Libertà:Nome=Giancarlo:Cognome=Galan
Giuseppe Galati:Partito=Gruppo Misto:Nome=Giuseppe:Cognome=Galati
Adriana Galgano:Partito=Scelta civica per l'Italia:Nome=Adriana:Cognome=Galgano
Carlo Galli:Partito=Sinistra Italiana-Sinistra ecologia e libertà:Nome=Carlo:Cognome=Galli
Giampaolo Galli:Partito=Partito Democratico:Nome=Giampaolo:Cognome=Galli
Filippo Gallinella:Partito=Movimento 5 stelle:Nome=Filippo:Cognome=Gallinella
Luigi Gallo:Partito=Movimento 5 stelle:Nome=Luigi:Cognome=Gallo
Riccardo Gallo Afflitto:Partito=Popolo della Libertà:Nome=Riccardo:Cognome=Gallo Afflitto
Guido Galperti:Partito=Partito Democratico:Nome=Guido:Cognome=Galperti
Paolo Gandolfi:Partito=Partito Democratico:Nome=Paolo:Cognome=Gandolfi
Laura Garavini:Partito=Partito Democratico:Nome=Laura:Cognome=Garavini
Daniela Santanchè:Partito=Popolo della Libertà:Nome=Daniela:Cognome=Santanchè
Vincenzo Garofalo:Partito=Area Popolare (NCD-UDC):Nome=Vincenzo:Cognome=Garofalo
Francesco Saverio Garofani:Partito=Partito Democratico:Nome=Francesco Saverio:Cognome=Garofani
Daniela Gasparini:Partito=Partito Democratico:Nome=Daniela:Cognome=Gasparini
Renate Gebhard:Partito=Gruppo Misto:Nome=Renate:Cognome=Gebhard
Federico Gelli:Partito=Partito Democratico:Nome=Federico:Cognome=Gelli
Mariastella Gelmini:Partito=Popolo della Libertà:Nome=Mariastella:Cognome=Gelmini
Francantonio Genovese:Partito=Partito Democratico:Nome=Francantonio:Cognome=Genovese
Paolo Gentiloni:Partito=Partito Democratico:Nome=Paolo:Cognome=Gentiloni
Manuela Ghizzoni:Partito=Partito Democratico:Nome=Manuela:Cognome=Ghizzoni
Roberto Giachetti:Partito=Partito Democratico:Nome=Roberto:Cognome=Giachetti
Anna Giacobbe:Partito=Partito Democratico:Nome=Anna:Cognome=Giacobbe
Antonello Giacomelli:Partito=Partito Democratico:Nome=Antonello:Cognome=Giacomelli
Sestino Giacomoni:Partito=Popolo della Libertà:Nome=Sestino:Cognome=Giacomoni
Gabriella Giammanco:Partito=Popolo della Libertà:Nome=Gabriella:Cognome=Giammanco
Gian Luigi Gigli:Partito=Per L'Italia:Nome=Gian Luigi:Cognome=Gigli
Federico Ginato:Partito=Partito Democratico:Nome=Federico:Cognome=Ginato
Dario Ginefra:Partito=Partito Democratico:Nome=Dario:Cognome=Ginefra
Tommaso Ginoble:Partito=Partito Democratico:Nome=Tommaso:Cognome=Ginoble
Silvia Giordano:Partito=Movimento 5 stelle:Nome=Silvia:Cognome=Giordano
Giancarlo Giordano:Partito=Sinistra Italiana-Sinistra ecologia e libertà:Nome=Giancarlo:Cognome=Giordano
Giancarlo Giorgetti:Partito=Lega Nord e autonomie:Nome=Giancarlo:Cognome=Giorgetti
Alberto Giorgetti:Partito=Popolo della Libertà:Nome=Alberto:Cognome=Giorgetti
Andrea Giorgis:Partito=Partito Democratico:Nome=Andrea:Cognome=Giorgis
Gregorio Gitti:Partito=Partito Democratico:Nome=Gregorio:Cognome=Gitti
Fabrizia Giuliani:Partito=Partito Democratico:Nome=Fabrizia:Cognome=Giuliani
Giampiero Giulietti:Partito=Partito Democratico:Nome=Giampiero:Cognome=Giulietti
Maria Luisa Gnecchi:Partito=Partito Democratico:Nome=Maria Luisa:Cognome=Gnecchi
Sandro Gozi:Partito=Partito Democratico:Nome=Sandro:Cognome=Gozi
Marta Grande:Partito=Movimento 5 stelle:Nome=Marta:Cognome=Grande
Gero Grassi:Partito=Partito Democratico:Nome=Gero:Cognome=Grassi
Maria Gaetana Greco:Partito=Partito Democratico:Nome=Maria Gaetana:Cognome=Greco
Monica Gregori:Partito=Sinistra Italiana-Sinistra ecologia e libertà:Nome=Monica:Cognome=Gregori
Chiara Gribaudo:Partito=Partito Democratico:Nome=Chiara:Cognome=Gribaudo
Giulia Grillo:Partito=Movimento 5 stelle:Nome=Giulia:Cognome=Grillo
Paolo Grimoldi:Partito=Lega Nord e autonomie:Nome=Paolo:Cognome=Grimoldi
Giuseppe Guerini:Partito=Partito Democratico:Nome=Giuseppe:Cognome=Guerini
Lorenzo Guerini:Partito=Partito Democratico:Nome=Lorenzo:Cognome=Guerini
Mauro Guerra:Partito=Partito Democratico:Nome=Mauro:Cognome=Guerra
Guido Guidesi:Partito=Lega Nord e autonomie:Nome=Guido:Cognome=Guidesi
Maria Tindara Gullo:Partito=Partito Democratico:Nome=Maria Tindara:Cognome=Gullo
Itzhak Yoram Gutgeld:Partito=Partito Democratico:Nome=Itzhak Yoram:Cognome=Gutgeld
Maria Iacono:Partito=Partito Democratico:Nome=Maria:Cognome=Iacono
Tino Iannuzzi:Partito=Partito Democratico:Nome=Tino:Cognome=Iannuzzi
Cristian Iannuzzi:Partito=Gruppo Misto:Nome=Cristian:Cognome=Iannuzzi
Leonardo Impegno:Partito=Partito Democratico:Nome=Leonardo:Cognome=Impegno
Antonella Incerti:Partito=Partito Democratico:Nome=Antonella:Cognome=Incerti
Cristian Invernizzi:Partito=Lega Nord e autonomie:Nome=Cristian:Cognome=Invernizzi
Vanna Iori:Partito=Partito Democratico:Nome=Vanna:Cognome=Iori
Florian Kronbichler:Partito=Sinistra Italiana-Sinistra ecologia e libertà:Nome=Florian:Cognome=Kronbichler
Giuseppe L'Abbate:Partito=Movimento 5 stelle:Nome=Giuseppe:Cognome=L'Abbate
Francesca La Marca:Partito=Partito Democratico:Nome=Francesca:Cognome=La Marca
Ignazio La Russa:Partito=Fratelli d'Italia - Centrodestra Nazionale:Nome=Ignazio:Cognome=La Russa
Vincenza Labriola:Partito=Gruppo Misto:Nome=Vincenza:Cognome=Labriola
Luigi Lacquaniti:Partito=Partito Democratico:Nome=Luigi:Cognome=Lacquaniti
Pietro Laffranco:Partito=Popolo della Libertà:Nome=Pietro:Cognome=Laffranco
Francesco Laforgia:Partito=Partito Democratico:Nome=Francesco:Cognome=Laforgia
Giorgio Lainati:Partito=Popolo della Libertà:Nome=Giorgio:Cognome=Lainati
Cosimo Latronico:Partito=Popolo della Libertà:Nome=Cosimo:Cognome=Latronico
Enzo Lattuca:Partito=Partito Democratico:Nome=Enzo:Cognome=Lattuca
Giuseppe Lauricella:Partito=Partito Democratico:Nome=Giuseppe:Cognome=Lauricella
Fabio Lavagno:Partito=Partito Democratico:Nome=Fabio:Cognome=Lavagno
Donata Lenzi:Partito=Partito Democratico:Nome=Donata:Cognome=Lenzi
Danilo Leva:Partito=Partito Democratico:Nome=Danilo:Cognome=Leva
Gianfranco Librandi:Partito=Scelta civica per l'Italia:Nome=Gianfranco:Cognome=Librandi
Mirella Liuzzi:Partito=Movimento 5 stelle:Nome=Mirella:Cognome=Liuzzi
Carmelo Lo Monte:Partito=Gruppo Misto:Nome=Carmelo:Cognome=Lo Monte
Pia Locatelli:Partito=Gruppo Misto:Nome=Pia:Cognome=Locatelli
Emanuele Lodolini:Partito=Partito Democratico:Nome=Emanuele:Cognome=Lodolini
Roberta Lombardi:Partito=Movimento 5 stelle:Nome=Roberta:Cognome=Lombardi
Piero Longo:Partito=Popolo della Libertà:Nome=Piero:Cognome=Longo
Marialucia Lorefice:Partito=Movimento 5 stelle:Nome=Marialucia:Cognome=Lorefice
Beatrice Lorenzin:Partito=Area Popolare (NCD-UDC):Nome=Beatrice:Cognome=Lorenzin
Alberto Losacco:Partito=Partito Democratico:Nome=Alberto:Cognome=Losacco
Luca Lotti:Partito=Partito Democratico:Nome=Luca:Cognome=Lotti
Maurizio Lupi:Partito=Area Popolare (NCD-UDC):Nome=Maurizio:Cognome=Lupi
Loredana Lupo:Partito=Movimento 5 stelle:Nome=Loredana:Cognome=Lupo
Maria Anna Madia:Partito=Partito Democratico:Nome=Maria Anna:Cognome=Madia
Patrizia Maestri:Partito=Partito Democratico:Nome=Patrizia:Cognome=Maestri
Andrea Maestri:Partito=Gruppo Misto:Nome=Andrea:Cognome=Maestri
Ernesto Magorno:Partito=Partito Democratico:Nome=Ernesto:Cognome=Magorno
Pasquale Maietta:Partito=Fratelli d'Italia - Centrodestra Nazionale:Nome=Pasquale:Cognome=Maietta
Gianna Malisani:Partito=Partito Democratico:Nome=Gianna:Cognome=Malisani
Simona Flavia Malpezzi:Partito=Partito Democratico:Nome=Simona Flavia:Cognome=Malpezzi
Andrea Manciulli:Partito=Partito Democratico:Nome=Andrea:Cognome=Manciulli
Massimiliano Manfredi:Partito=Partito Democratico:Nome=Massimiliano:Cognome=Manfredi
Claudia Mannino:Partito=Movimento 5 stelle:Nome=Claudia:Cognome=Mannino
Matteo Mantero:Partito=Movimento 5 stelle:Nome=Matteo:Cognome=Mantero
Irene Manzi:Partito=Partito Democratico:Nome=Irene:Cognome=Manzi
Daniele Marantelli:Partito=Partito Democratico:Nome=Daniele:Cognome=Marantelli
Mario Marazziti:Partito=Per L'Italia:Nome=Mario:Cognome=Marazziti
Marco Marchetti:Partito=Partito Democratico:Nome=Marco:Cognome=Marchetti
Maino Marchi:Partito=Partito Democratico:Nome=Maino:Cognome=Marchi
Marco Marcolin:Partito=Gruppo Misto:Nome=Marco:Cognome=Marcolin
Giulio Marcon:Partito=Sinistra Italiana-Sinistra ecologia e libertà:Nome=Giulio:Cognome=Marcon
Rudi Franco Marguerettaz:Partito=Gruppo Misto:Nome=Rudi Franco:Cognome=Marguerettaz
Raffaella Mariani:Partito=Partito Democratico:Nome=Raffaella:Cognome=Mariani
Elisa Mariano:Partito=Partito Democratico:Nome=Elisa:Cognome=Mariano
Antonio Marotta:Partito=Area Popolare (NCD-UDC):Nome=Antonio:Cognome=Marotta
Siro Marrocu:Partito=Partito Democratico:Nome=Siro:Cognome=Marrocu
Umberto Marroni:Partito=Partito Democratico:Nome=Umberto:Cognome=Marroni
Andrea Martella:Partito=Partito Democratico:Nome=Andrea:Cognome=Martella
Giovanna Martelli:Partito=Partito Democratico:Nome=Giovanna:Cognome=Martelli
Roberto Marti:Partito=Popolo della Libertà:Nome=Roberto:Cognome=Marti
Marco Martinelli:Partito=Popolo della Libertà:Nome=Marco:Cognome=Martinelli
Antonio Martino:Partito=Popolo della Libertà:Nome=Antonio:Cognome=Martino
Pierdomenico Martino:Partito=Partito Democratico:Nome=Pierdomenico:Cognome=Martino
Maria Marzana:Partito=Movimento 5 stelle:Nome=Maria:Cognome=Marzana
Michela Marzano:Partito=Partito Democratico:Nome=Michela:Cognome=Marzano
Federico Massa:Partito=Partito Democratico:Nome=Federico:Cognome=Massa
Antonio Matarrelli:Partito=Gruppo Misto:Nome=Antonio:Cognome=Matarrelli
Salvatore Matarrese:Partito=Scelta civica per l'Italia:Nome=Salvatore:Cognome=Matarrese
Davide Mattiello:Partito=Partito Democratico:Nome=Davide:Cognome=Mattiello
Matteo Mauri:Partito=Partito Democratico:Nome=Matteo:Cognome=Mauri
Andrea Mazziotti Di Celso:Partito=Scelta civica per l'Italia:Nome=Andrea:Cognome=Mazziotti Di Celso
Alessandro Mazzoli:Partito=Partito Democratico:Nome=Alessandro:Cognome=Mazzoli
Gianni Melilla:Partito=Sinistra Italiana-Sinistra ecologia e libertà:Nome=Gianni:Cognome=Melilla
Fabio Melilli:Partito=Partito Democratico:Nome=Fabio:Cognome=Melilli
Giorgia Meloni:Partito=Fratelli d'Italia - Centrodestra Nazionale:Nome=Giorgia:Cognome=Meloni
Marco Meloni:Partito=Partito Democratico:Nome=Marco:Cognome=Meloni
Ricardo Antonio Merlo:Partito=Gruppo Misto:Nome=Ricardo Antonio:Cognome=Merlo
Michele Pompeo Meta:Partito=Partito Democratico:Nome=Michele Pompeo:Cognome=Meta
Marco Miccoli:Partito=Partito Democratico:Nome=Marco:Cognome=Miccoli
Salvatore Micillo:Partito=Movimento 5 stelle:Nome=Salvatore:Cognome=Micillo
Gennaro Migliore:Partito=Partito Democratico:Nome=Gennaro:Cognome=Migliore
Lorena Milanato:Partito=Popolo della Libertà:Nome=Lorena:Cognome=Milanato
Antonino Minardo:Partito=Area Popolare (NCD-UDC):Nome=Antonino:Cognome=Minardo
Emiliano Minnucci:Partito=Partito Democratico:Nome=Emiliano:Cognome=Minnucci
Anna Margherita Miotto:Partito=Partito Democratico:Nome=Anna Margherita:Cognome=Miotto
Antonio Misiani:Partito=Partito Democratico:Nome=Antonio:Cognome=Misiani
Salvatore Misuraca:Partito=Area Popolare (NCD-UDC):Nome=Salvatore:Cognome=Misuraca
Michele Mognato:Partito=Partito Democratico:Nome=Michele:Cognome=Mognato
Bruno Molea:Partito=Scelta civica per l'Italia:Nome=Bruno:Cognome=Molea
Nicola Molteni:Partito=Lega Nord e autonomie:Nome=Nicola:Cognome=Molteni
Francesco Monaco:Partito=Partito Democratico:Nome=Francesco:Cognome=Monaco
Giovanni Monchiero:Partito=Scelta civica per l'Italia:Nome=Giovanni:Cognome=Monchiero
Colomba Mongiello:Partito=Partito Democratico:Nome=Colomba:Cognome=Mongiello
Daniele Montroni:Partito=Partito Democratico:Nome=Daniele:Cognome=Montroni
Alessia Morani:Partito=Partito Democratico:Nome=Alessia:Cognome=Morani
Roberto Morassut:Partito=Partito Democratico:Nome=Roberto:Cognome=Morassut
Sara Moretto:Partito=Partito Democratico:Nome=Sara:Cognome=Moretto
Antonino Moscatt:Partito=Partito Democratico:Nome=Antonino:Cognome=Moscatt
Giovanni Carlo Francesco Mottola:Partito=Gruppo Misto:Nome=Giovanni Carlo Francesco:Cognome=Mottola
Mara Mucci:Partito=Gruppo Misto:Nome=Mara:Cognome=Mucci
Romina Mura:Partito=Partito Democratico:Nome=Romina:Cognome=Mura
Delia Murer:Partito=Partito Democratico:Nome=Delia:Cognome=Murer
Alessandro Naccarato:Partito=Partito Democratico:Nome=Alessandro:Cognome=Naccarato
Martina Nardi:Partito=Partito Democratico:Nome=Martina:Cognome=Nardi
Giulia Narduolo:Partito=Partito Democratico:Nome=Giulia:Cognome=Narduolo
Gaetano Nastri:Partito=Fratelli d'Italia - Centrodestra Nazionale:Nome=Gaetano:Cognome=Nastri
Dalila Nesci:Partito=Movimento 5 stelle:Nome=Dalila:Cognome=Nesci
Edoardo Nesi:Partito=Gruppo Misto:Nome=Edoardo:Cognome=Nesi
Marisa Nicchi:Partito=Sinistra Italiana-Sinistra ecologia e libertà:Nome=Marisa:Cognome=Nicchi
Michele Nicoletti:Partito=Partito Democratico:Nome=Michele:Cognome=Nicoletti
Angela Rosaria Nissoli:Partito=Per L'Italia:Nome=Angela Rosaria:Cognome=Nissoli
Settimo Nizzi:Partito=Popolo della Libertà:Nome=Settimo:Cognome=Nizzi
Riccardo Nuti:Partito=Movimento 5 stelle:Nome=Riccardo:Cognome=Nuti
Roberto Occhiuto:Partito=Popolo della Libertà:Nome=Roberto:Cognome=Occhiuto
Roberta Oliaro:Partito=Scelta civica per l'Italia:Nome=Roberta:Cognome=Oliaro
Nicodemo Nazzareno Oliverio:Partito=Partito Democratico:Nome=Nicodemo Nazzareno:Cognome=Oliverio
Matteo Orfini:Partito=Partito Democratico:Nome=Matteo:Cognome=Orfini
Andrea Orlando:Partito=Partito Democratico:Nome=Andrea:Cognome=Orlando
Mauro Ottobre:Partito=Gruppo Misto:Nome=Mauro:Cognome=Ottobre
Alberto Pagani:Partito=Partito Democratico:Nome=Alberto:Cognome=Pagani
Alessandro Pagano:Partito=Area Popolare (NCD-UDC):Nome=Alessandro:Cognome=Pagano
Giovanni Paglia:Partito=Sinistra Italiana-Sinistra ecologia e libertà:Nome=Giovanni:Cognome=Paglia
Erasmo Palazzotto:Partito=Sinistra Italiana-Sinistra ecologia e libertà:Nome=Erasmo:Cognome=Palazzotto
Rocco Palese:Partito=Popolo della Libertà:Nome=Rocco:Cognome=Palese
Giovanni Palladino:Partito=Scelta civica per l'Italia:Nome=Giovanni:Cognome=Palladino
Giovanna Palma:Partito=Partito Democratico:Nome=Giovanna:Cognome=Palma
Antonio Palmieri:Partito=Popolo della Libertà:Nome=Antonio:Cognome=Palmieri
Elio Massimo Palmizio:Partito=Popolo della Libertà:Nome=Elio Massimo:Cognome=Palmizio
Annalisa Pannarale:Partito=Sinistra Italiana-Sinistra ecologia e libertà:Nome=Annalisa:Cognome=Pannarale
Paolo Parentela:Partito=Movimento 5 stelle:Nome=Paolo:Cognome=Parentela
Valentina Paris:Partito=Partito Democratico:Nome=Valentina:Cognome=Paris
Massimo Parisi:Partito=Gruppo Misto:Nome=Massimo:Cognome=Parisi
Dario Parrini:Partito=Partito Democratico:Nome=Dario:Cognome=Parrini
Oreste Pastorelli:Partito=Gruppo Misto:Nome=Oreste:Cognome=Pastorelli
Luca Pastorino:Partito=Gruppo Misto:Nome=Luca:Cognome=Pastorino
Edoardo Patriarca:Partito=Partito Democratico:Nome=Edoardo:Cognome=Patriarca
Michele Pelillo:Partito=Partito Democratico:Nome=Michele:Cognome=Pelillo
Serena Pellegrino:Partito=Sinistra Italiana-Sinistra ecologia e libertà:Nome=Serena:Cognome=Pellegrino
Vinicio Peluffo:Partito=Partito Democratico:Nome=Vinicio:Cognome=Peluffo
Caterina Pes:Partito=Partito Democratico:Nome=Caterina:Cognome=Pes
Daniele Pesco:Partito=Movimento 5 stelle:Nome=Daniele:Cognome=Pesco
Cosimo Petraroli:Partito=Movimento 5 stelle:Nome=Cosimo:Cognome=Petraroli
Giovanna Petrenga:Partito=Popolo della Libertà:Nome=Giovanna:Cognome=Petrenga
Paolo Petrini:Partito=Partito Democratico:Nome=Paolo:Cognome=Petrini
Ileana Piazzoni:Partito=Partito Democratico:Nome=Ileana:Cognome=Piazzoni
Guglielmo Picchi:Partito=Popolo della Libertà:Nome=Guglielmo:Cognome=Picchi
Teresa Piccione:Partito=Partito Democratico:Nome=Teresa:Cognome=Piccione
Flavia Piccoli Nardelli:Partito=Partito Democratico:Nome=Flavia:Cognome=Piccoli Nardelli
Salvatore Piccolo:Partito=Partito Democratico:Nome=Salvatore:Cognome=Piccolo
Giorgio Piccolo:Partito=Partito Democratico:Nome=Giorgio:Cognome=Piccolo
Filippo Piccone:Partito=Area Popolare (NCD-UDC):Nome=Filippo:Cognome=Piccone
Gaetano Piepoli:Partito=Per L'Italia:Nome=Gaetano:Cognome=Piepoli
Mauro Pili:Partito=Gruppo Misto:Nome=Mauro:Cognome=Pili
Nazzareno Pilozzi:Partito=Partito Democratico:Nome=Nazzareno:Cognome=Pilozzi
Giuditta Pini:Partito=Partito Democratico:Nome=Giuditta:Cognome=Pini
Gianluca Pini:Partito=Lega Nord e autonomie:Nome=Gianluca:Cognome=Pini
Paola Pinna:Partito=Scelta civica per l'Italia:Nome=Paola:Cognome=Pinna
Michele Piras:Partito=Sinistra Italiana-Sinistra ecologia e libertà:Nome=Michele:Cognome=Piras
Girolamo Pisano:Partito=Movimento 5 stelle:Nome=Girolamo:Cognome=Pisano
Pino Pisicchio:Partito=Gruppo Misto:Nome=Pino:Cognome=Pisicchio
Vincenzo Piso:Partito=Area Popolare (NCD-UDC):Nome=Vincenzo:Cognome=Piso
Sergio Pizzolante:Partito=Area Popolare (NCD-UDC):Nome=Sergio:Cognome=Pizzolante
Antonio Placido:Partito=Sinistra Italiana-Sinistra ecologia e libertà:Nome=Antonio:Cognome=Placido
Albrecht Plangger:Partito=Gruppo Misto:Nome=Albrecht:Cognome=Plangger
Catia Polidori:Partito=Popolo della Libertà:Nome=Catia:Cognome=Polidori
Barbara Pollastrini:Partito=Partito Democratico:Nome=Barbara:Cognome=Pollastrini
Renata Polverini:Partito=Popolo della Libertà:Nome=Renata:Cognome=Polverini
Fabio Porta:Partito=Partito Democratico:Nome=Fabio:Cognome=Porta
Giacomo Antonio Portas:Partito=Partito Democratico:Nome=Giacomo Antonio:Cognome=Portas
Emanuele Prataviera:Partito=Gruppo Misto:Nome=Emanuele:Cognome=Prataviera
Stefania Prestigiacomo:Partito=Popolo della Libertà:Nome=Stefania:Cognome=Prestigiacomo
Ernesto Preziosi:Partito=Partito Democratico:Nome=Ernesto:Cognome=Preziosi
Francesco Prina:Partito=Partito Democratico:Nome=Francesco:Cognome=Prina
Aris Prodani:Partito=Gruppo Misto:Nome=Aris:Cognome=Prodani
Stefano Quaranta:Partito=Sinistra Italiana-Sinistra ecologia e libertà:Nome=Stefano:Cognome=Quaranta
Lia Quartapelle Procopio:Partito=Partito Democratico:Nome=Lia:Cognome=Quartapelle Procopio
Stefano Quintarelli:Partito=Scelta civica per l'Italia:Nome=Stefano:Cognome=Quintarelli
Mariano Rabino:Partito=Scelta civica per l'Italia:Nome=Mariano:Cognome=Rabino
Fausto Raciti:Partito=Partito Democratico:Nome=Fausto:Cognome=Raciti
Michele Ragosta:Partito=Partito Democratico:Nome=Michele:Cognome=Ragosta
Fabio Rampelli:Partito=Fratelli d'Italia - Centrodestra Nazionale:Nome=Fabio:Cognome=Rampelli
Roberto Rampi:Partito=Partito Democratico:Nome=Roberto:Cognome=Rampi
Laura Ravetto:Partito=Popolo della Libertà:Nome=Laura:Cognome=Ravetto
Ermete Realacci:Partito=Partito Democratico:Nome=Ermete:Cognome=Realacci
Francesco Ribaudo:Partito=Partito Democratico:Nome=Francesco:Cognome=Ribaudo
Lara Ricciatti:Partito=Sinistra Italiana-Sinistra ecologia e libertà:Nome=Lara:Cognome=Ricciatti
Matteo Richetti:Partito=Partito Democratico:Nome=Matteo:Cognome=Richetti
Andrea Rigoni:Partito=Partito Democratico:Nome=Andrea:Cognome=Rigoni
Walter Rizzetto:Partito=Gruppo Misto:Nome=Walter:Cognome=Rizzetto
Gianluca Rizzo:Partito=Movimento 5 stelle:Nome=Gianluca:Cognome=Rizzo
Eugenia Roccella:Partito=Area Popolare (NCD-UDC):Nome=Eugenia:Cognome=Roccella
Maria Rocchi:Partito=Partito Democratico:Nome=Maria:Cognome=Rocchi
Giuseppe Romanini:Partito=Partito Democratico:Nome=Giuseppe:Cognome=Romanini
Francesco Romano:Partito=Gruppo Misto:Nome=Francesco:Cognome=Romano
Andrea Romano:Partito=Partito Democratico:Nome=Andrea:Cognome=Romano
Paolo Romano:Partito=Movimento 5 stelle:Nome=Paolo:Cognome=Romano
Giuseppe Romele:Partito=Popolo della Libertà:Nome=Giuseppe:Cognome=Romele
Marco Rondini:Partito=Lega Nord e autonomie:Nome=Marco:Cognome=Rondini
Ettore Rosato:Partito=Partito Democratico:Nome=Ettore:Cognome=Rosato
Domenico Rossi:Partito=Per L'Italia:Nome=Domenico:Cognome=Rossi
Paolo Rossi:Partito=Partito Democratico:Nome=Paolo:Cognome=Rossi
Anna Rossomando:Partito=Partito Democratico:Nome=Anna:Cognome=Rossomando
Michela Rostan:Partito=Partito Democratico:Nome=Michela:Cognome=Rostan
Gessica Rostellato:Partito=Partito Democratico:Nome=Gessica:Cognome=Rostellato
Gianfranco Rotondi:Partito=Popolo della Libertà:Nome=Gianfranco:Cognome=Rotondi
Alessia Rotta:Partito=Partito Democratico:Nome=Alessia:Cognome=Rotta
Simonetta Rubinato:Partito=Partito Democratico:Nome=Simonetta:Cognome=Rubinato
Angelo Rughetti:Partito=Partito Democratico:Nome=Angelo:Cognome=Rughetti
Carla Ruocco:Partito=Movimento 5 stelle:Nome=Carla:Cognome=Ruocco
Paolo Russo:Partito=Popolo della Libertà:Nome=Paolo:Cognome=Russo
Barbara Saltamartini:Partito=Lega Nord e autonomie:Nome=Barbara:Cognome=Saltamartini
Gianfranco Sammarco:Partito=Area Popolare (NCD-UDC):Nome=Gianfranco:Cognome=Sammarco
Giovanni Sanga:Partito=Partito Democratico:Nome=Giovanni:Cognome=Sanga
Luca Sani:Partito=Partito Democratico:Nome=Luca:Cognome=Sani
Giovanna Sanna:Partito=Partito Democratico:Nome=Giovanna:Cognome=Sanna
Francesco Sanna:Partito=Partito Democratico:Nome=Francesco:Cognome=Sanna
Arcangelo Sannicandro:Partito=Sinistra Italiana-Sinistra ecologia e libertà:Nome=Arcangelo:Cognome=Sannicandro
Jole Santelli:Partito=Popolo della Libertà:Nome=Jole:Cognome=Santelli
Milena Santerini:Partito=Per L'Italia:Nome=Milena:Cognome=Santerini
Carlo Sarro:Partito=Popolo della Libertà:Nome=Carlo:Cognome=Sarro
Giulia Sarti:Partito=Movimento 5 stelle:Nome=Giulia:Cognome=Sarti
Sandra Savino:Partito=Popolo della Libertà:Nome=Sandra:Cognome=Savino
Elvira Savino:Partito=Popolo della Libertà:Nome=Elvira:Cognome=Savino
Mario Sberna:Partito=Per L'Italia:Nome=Mario:Cognome=Sberna
Daniela Sbrollini:Partito=Partito Democratico:Nome=Daniela:Cognome=Sbrollini
Emanuele Scagliusi:Partito=Movimento 5 stelle:Nome=Emanuele:Cognome=Scagliusi
Ivan Scalfarotto:Partito=Partito Democratico:Nome=Ivan:Cognome=Scalfarotto
Gian Piero Scanu:Partito=Partito Democratico:Nome=Gian Piero:Cognome=Scanu
Gea Schirò:Partito=Partito Democratico:Nome=Gea:Cognome=Schirò
Manfred Schullian:Partito=Gruppo Misto:Nome=Manfred:Cognome=Schullian
Rosanna Scopelliti:Partito=Area Popolare (NCD-UDC):Nome=Rosanna:Cognome=Scopelliti
Arturo Scotto:Partito=Sinistra Italiana-Sinistra ecologia e libertà:Nome=Arturo:Cognome=Scotto
Chiara Scuvera:Partito=Partito Democratico:Nome=Chiara:Cognome=Scuvera
Samuele Segoni:Partito=Gruppo Misto:Nome=Samuele:Cognome=Segoni
Angelo Senaldi:Partito=Partito Democratico:Nome=Angelo:Cognome=Senaldi
Marina Sereni:Partito=Partito Democratico:Nome=Marina:Cognome=Sereni
Camilla Sgambato:Partito=Partito Democratico:Nome=Camilla:Cognome=Sgambato
Carlo Sibilia:Partito=Movimento 5 stelle:Nome=Carlo:Cognome=Sibilia
Roberto Simonetti:Partito=Lega Nord e autonomie:Nome=Roberto:Cognome=Simonetti
Elisa Simoni:Partito=Partito Democratico:Nome=Elisa:Cognome=Simoni
Francesco Paolo Sisto:Partito=Popolo della Libertà:Nome=Francesco Paolo:Cognome=Sisto
Girgis Giorgio Sorial:Partito=Movimento 5 stelle:Nome=Girgis Giorgio:Cognome=Sorial
Giulio Sottanelli:Partito=Scelta civica per l'Italia:Nome=Giulio:Cognome=Sottanelli
Maria Edera Spadoni:Partito=Movimento 5 stelle:Nome=Maria Edera:Cognome=Spadoni
Roberto Speranza:Partito=Partito Democratico:Nome=Roberto:Cognome=Speranza
Arianna Spessotto:Partito=Movimento 5 stelle:Nome=Arianna:Cognome=Spessotto
Luca Squeri:Partito=Popolo della Libertà:Nome=Luca:Cognome=Squeri
Nico Stumpo:Partito=Partito Democratico:Nome=Nico:Cognome=Stumpo
Bruno Tabacci:Partito=Per L'Italia:Nome=Bruno:Cognome=Tabacci
Alessio Tacconi:Partito=Partito Democratico:Nome=Alessio:Cognome=Tacconi
Marcello Taglialatela:Partito=Fratelli d'Italia - Centrodestra Nazionale:Nome=Marcello:Cognome=Taglialatela
Paolo Tancredi:Partito=Area Popolare (NCD-UDC):Nome=Paolo:Cognome=Tancredi
Luigi Taranto:Partito=Partito Democratico:Nome=Luigi:Cognome=Taranto
Giacomino Taricco:Partito=Partito Democratico:Nome=Giacomino:Cognome=Taricco
Assunta Tartaglione:Partito=Partito Democratico:Nome=Assunta:Cognome=Tartaglione
Veronica Tentori:Partito=Partito Democratico:Nome=Veronica:Cognome=Tentori
Alessandra Terrosi:Partito=Partito Democratico:Nome=Alessandra:Cognome=Terrosi
Patrizia Terzoni:Partito=Movimento 5 stelle:Nome=Patrizia:Cognome=Terzoni
Marietta Tidei:Partito=Partito Democratico:Nome=Marietta:Cognome=Tidei
Irene Tinagli:Partito=Scelta civica per l'Italia:Nome=Irene:Cognome=Tinagli
Angelo Tofalo:Partito=Movimento 5 stelle:Nome=Angelo:Cognome=Tofalo
Danilo Toninelli:Partito=Movimento 5 stelle:Nome=Danilo:Cognome=Toninelli
Achille Totaro:Partito=Fratelli d'Italia - Centrodestra Nazionale:Nome=Achille:Cognome=Totaro
Davide Tripiedi:Partito=Movimento 5 stelle:Nome=Davide:Cognome=Tripiedi
Mario Tullo:Partito=Partito Democratico:Nome=Mario:Cognome=Tullo
Tancredi Turco:Partito=Gruppo Misto:Nome=Tancredi:Cognome=Turco
Gianluca Vacca:Partito=Movimento 5 stelle:Nome=Gianluca:Cognome=Vacca
Guglielmo Vaccaro:Partito=Gruppo Misto:Nome=Guglielmo:Cognome=Vaccaro
Valeria Valente:Partito=Partito Democratico:Nome=Valeria:Cognome=Valente
Simone Valente:Partito=Movimento 5 stelle:Nome=Simone:Cognome=Valente
Valentino Valentini:Partito=Popolo della Libertà:Nome=Valentino:Cognome=Valentini
Simone Valiante:Partito=Partito Democratico:Nome=Simone:Cognome=Valiante
Andrea Vallascas:Partito=Movimento 5 stelle:Nome=Andrea:Cognome=Vallascas
Pierpaolo Vargiu:Partito=Scelta civica per l'Italia:Nome=Pierpaolo:Cognome=Vargiu
Franco Vazio:Partito=Partito Democratico:Nome=Franco:Cognome=Vazio
Andrea Vecchio:Partito=Scelta civica per l'Italia:Nome=Andrea:Cognome=Vecchio
Paolo Vella:Partito=Popolo della Libertà:Nome=Paolo:Cognome=Vella
Silvia Velo:Partito=Partito Democratico:Nome=Silvia:Cognome=Velo
Laura Venittelli:Partito=Partito Democratico:Nome=Laura:Cognome=Venittelli
Liliana Ventricelli:Partito=Partito Democratico:Nome=Liliana:Cognome=Ventricelli
Walter Verini:Partito=Partito Democratico:Nome=Walter:Cognome=Verini
Valentina Vezzali:Partito=Scelta civica per l'Italia:Nome=Valentina:Cognome=Vezzali
Ludovico Vico:Partito=Partito Democratico:Nome=Ludovico:Cognome=Vico
Raffaello Vignali:Partito=Area Popolare (NCD-UDC):Nome=Raffaello:Cognome=Vignali
Stefano Vignaroli:Partito=Movimento 5 stelle:Nome=Stefano:Cognome=Vignaroli
Alessio Villarosa:Partito=Movimento 5 stelle:Nome=Alessio:Cognome=Villarosa
Rosa Maria Villecco Calipari:Partito=Partito Democratico:Nome=Rosa Maria:Cognome=Villecco Calipari
Elio Vito:Partito=Popolo della Libertà:Nome=Elio:Cognome=Vito
Adriano Zaccagnini:Partito=Sinistra Italiana-Sinistra ecologia e libertà:Nome=Adriano:Cognome=Zaccagnini
Sandra Zampa:Partito=Partito Democratico:Nome=Sandra:Cognome=Zampa
Alessandro Zan:Partito=Partito Democratico:Nome=Alessandro:Cognome=Zan
Enrico Zanetti:Partito=Scelta civica per l'Italia:Nome=Enrico:Cognome=Zanetti
Giorgio Zanin:Partito=Partito Democratico:Nome=Giorgio:Cognome=Zanin
Giuseppe Zappulla:Partito=Partito Democratico:Nome=Giuseppe:Cognome=Zappulla
Filiberto Zaratti:Partito=Sinistra Italiana-Sinistra ecologia e libertà:Nome=Filiberto:Cognome=Zaratti
Diego Zardini:Partito=Partito Democratico:Nome=Diego:Cognome=Zardini
Davide Zoggia:Partito=Partito Democratico:Nome=Davide:Cognome=Zoggia
Alberto Zolezzi:Partito=Movimento 5 stelle:Nome=Alberto:Cognome=Zolezzi
