Acilia
Borghesiana
Borgo Santa Fumia
Casal Bernocchi
Casal Monastero
Casalpalocco
Casalotti
Case Rosse
Castel di Guido
Castel Fusano
Castel Porziano
Castelverde
Centro Giano
Cesano
Colle dei Pini
Colle del Sole
Colle Monfortani
Colle Prenestino
Colle Salario Corcolle
Dragona
Dragoncello
Falcognana
Finocchio
Fonte Laurentina
Fontignani
Fosso San Giuliano
Giardinetti
Giardini di Corcolle
Infernetto
Isola Farnese
La Giustiniana
La Storta
Lunghezza
Malagrotta
Massimina
Monte dell'Ara-Valle Santa
Monte Migliore
Montespaccato
Mostacciano
Olgiata
Osa
Osteria Nuova
Osteria del Curato
Ostia
Ostia Antica
Palmarola
Pantan Monastero
Pantano Borghese
Piana del Sole
Ponte Galeria
Ponte Galeria-La Pisana
Ponte Linari
Prato Fiorito
Prima Porta
Romanina
Rocca Cencia
San Giorgio di Acilia
San Vittorino
Santa Maria di Galeria
Saxa Rubra
Schizzanello
Selvotta
Settebagni
Settecamini
Solfarata
Spallette
Spinaceto
Spregamore
Tor Bella Monaca
Tor de' Cenci
Tor Vergata
Torre Angela
Torre Gaia
Trigoria
Valle Castiglione
Vallericca
Vermicino
Villa Spada
Villa Verde
Villaggio Breda
Villaggio Falcone
Villaggio Prenestino
Villaggio San Francesco
Vitinia
