Lirio Abbate:Nome=Lirio:Cognome=Abbate
Carmelo Abbate:Nome=Carmelo:Cognome=Abbate
Mario Adinolfi:Nome=Mario:Cognome=Adinolfi
Fernando Adornato:Nome=Fernando:Cognome=Adornato
Isabelle Adriani:Nome=Isabelle:Cognome=Adriani
Francesco Alberoni:Nome=Francesco:Cognome=Alberoni
Magdi Allam:Nome=Magdi:Cognome=Allam
Giorgio Almirante:Nome=Giorgio:Cognome=Almirante
Ilaria Alpi:Nome=Ilaria:Cognome=Alpi
Corrado Alvaro:Nome=Corrado:Cognome=Alvaro
Francesco Alziator:Nome=Francesco:Cognome=Alziator
Giovanni Amendola:Nome=Giovanni:Cognome=Amendola
Filippo Anfuso:Nome=Filippo:Cognome=Anfuso
Giovanni Battista Angioletti:Nome=Giovanni Battista:Cognome=Angioletti
Alberto Arbasino:Nome=Alberto:Cognome=Arbasino
Gaetano Arfe:Nome=Gaetano:Cognome=Arfe
Danilo Arona:Nome=Danilo:Cognome=Arona
Giovanni Arpino:Nome=Giovanni:Cognome=Arpino
Vittorio Arrigoni:Nome=Vittorio:Cognome=Arrigoni
Sergio Atzeni:Nome=Sergio:Cognome=Atzeni
Corrado Augias:Nome=Corrado:Cognome=Augias
Massimo Baistrocchi:Nome=Massimo:Cognome=Baistrocchi
Andrea Bajani:Nome=Andrea:Cognome=Bajani
Enzo Baldoni:Nome=Enzo:Cognome=Baldoni
Milko Bambic:Nome=Milko:Cognome=Bambic
Jacomo Barbarigo:Nome=Jacomo:Cognome=Barbarigo
Alessandro Baricco:Nome=Alessandro:Cognome=Baricco
Paolo Barnard:Nome=Paolo:Cognome=Barnard
Antonio Barolini:Nome=Antonio:Cognome=Barolini
Luigi sr Barzini:Nome=Luigi sr:Cognome=Barzini
Luigi Barzini:Nome=Luigi:Cognome=Barzini
Lelio Basso:Nome=Lelio:Cognome=Basso
Alaide Gualberta Beccari:Nome=Alaide Gualberta:Cognome=Beccari
Arrigo Benedetti:Nome=Arrigo:Cognome=Benedetti
Stefano Benni:Nome=Stefano:Cognome=Benni
Camillo Berneri:Nome=Camillo:Cognome=Berneri
Tommaso Besozzi:Nome=Tommaso:Cognome=Besozzi
Enzo Bettiza:Nome=Enzo:Cognome=Bettiza
Michele Bianchi:Nome=Michele:Cognome=Bianchi
Luciano Bianciardi:Nome=Luciano:Cognome=Bianciardi
Aldo Biscardi:Nome=Aldo:Cognome=Biscardi
Leonida Bissolati:Nome=Leonida:Cognome=Bissolati
Norberto Bobbio:Nome=Norberto:Cognome=Bobbio
Giorgio Bocca:Nome=Giorgio:Cognome=Bocca
Italo Bocchino:Nome=Italo:Cognome=Bocchino
Sandro Bolchi:Nome=Sandro:Cognome=Bolchi
Laura Boldrini:Nome=Laura:Cognome=Boldrini
Adriano Bolzoni:Nome=Adriano:Cognome=Bolzoni
Franco Bomprezzi:Nome=Franco:Cognome=Bomprezzi
Simona Bonafè:Nome=Simona:Cognome=Bonafè
Massimo Bontempelli:Nome=Massimo:Cognome=Bontempelli
Amadeo Bordiga:Nome=Amadeo:Cognome=Bordiga
Giuseppe Antonio Borgese:Nome=Giuseppe Antonio:Cognome=Borgese
Giuseppe Bottai:Nome=Giuseppe:Cognome=Bottai
Giuseppe Valerio Branca:Nome=Giuseppe Valerio:Cognome=Branca
Matteo Brancaleoni:Nome=Matteo:Cognome=Brancaleoni
Paolo Alberto Brera:Nome=Paolo Alberto:Cognome=Brera
Gianni Brera:Nome=Gianni:Cognome=Brera
Vanna Brosio:Nome=Vanna:Cognome=Brosio
Renato Brunetta:Nome=Renato:Cognome=Brunetta
Federico Buffa:Nome=Federico:Cognome=Buffa
Paola Buonadonna:Nome=Paola:Cognome=Buonadonna
Philippe Buonarroti:Nome=Philippe:Cognome=Buonarroti
Tavo Burat:Nome=Tavo:Cognome=Burat
Dino Buzzati:Nome=Dino:Cognome=Buzzati
Paola Calvetti:Nome=Paola:Cognome=Calvetti
Italo Calvino:Nome=Italo:Cognome=Calvino
Mario Calvo-Platero:Nome=Mario:Cognome=Calvo-Platero
Manuela Campanelli:Nome=Manuela:Cognome=Campanelli
Achille Campanile:Nome=Achille:Cognome=Campanile
Candido Cannavò:Nome=Candido:Cognome=Cannavò
Luigi Capuana:Nome=Luigi:Cognome=Capuana
Vincenzo Cardarelli:Nome=Vincenzo:Cognome=Cardarelli
Fabio Caressa:Nome=Fabio:Cognome=Caressa
Mario Carli:Nome=Mario:Cognome=Carli
Lapo de Carlo:Nome=Lapo de:Cognome=Carlo
Leone Carpi:Nome=Leone:Cognome=Carpi
Stefano Casertano:Nome=Stefano:Cognome=Casertano
Carlo Castellaneta:Nome=Carlo:Cognome=Castellaneta
Alba De Cespedes Y Bertini:Nome=Alba De:Cognome=Cespedes Y Bertini
Carlo Chatrian:Nome=Carlo:Cognome=Chatrian
Pasquale Chessa:Nome=Pasquale:Cognome=Chessa
Luigi Chiarelli:Nome=Luigi:Cognome=Chiarelli
Giulietto Chiesa:Nome=Giulietto:Cognome=Chiesa
Luca Ciarrocca:Nome=Luca:Cognome=Ciarrocca
Fabrizio Cicchitto:Nome=Fabrizio:Cognome=Cicchitto
Giulio Cogni:Nome=Giulio:Cognome=Cogni
Arturo Colautti:Nome=Arturo:Cognome=Colautti
Carlo Collodi:Nome=Carlo:Cognome=Collodi
Puccio Corona:Nome=Puccio:Cognome=Corona
Vittorio Corona:Nome=Vittorio:Cognome=Corona
Enrico Corradini:Nome=Enrico:Cognome=Corradini
Ermanno Corsi:Nome=Ermanno:Cognome=Corsi
Alfredo Covelli:Nome=Alfredo:Cognome=Covelli
Giacomo Crosa:Nome=Giacomo:Cognome=Crosa
Stefano Cusumano:Nome=Stefano:Cognome=Cusumano
Susanna Cutini:Nome=Susanna:Cognome=Cutini
Maria Grazia Cutuli:Nome=Maria Grazia:Cognome=Cutuli
Alessandro D'Ancona:Nome=Alessandro:Cognome=D'Ancona
Gabriele D'Annunzio:Nome=Gabriele:Cognome=D'Annunzio
Marco D'Arienzo:Nome=Marco:Cognome=D'Arienzo
Lucio DAmbra:Nome=Lucio:Cognome=DAmbra
Corrado Maria Daclon:Nome=Corrado Maria:Cognome=Daclon
Arianna Dagnino:Nome=Arianna:Cognome=Dagnino
Giuseppe Damato:Nome=Giuseppe:Cognome=Damato
Silvio Damico:Nome=Silvio:Cognome=Damico
Edmondo De Amicis:Nome=Edmondo:Cognome=De Amicis
Augusto De Angelis:Nome=Augusto:Cognome=De Angelis
Alcide De Gasperi:Nome=Alcide:Cognome=De Gasperi
Ernesto De Pascale:Nome=Ernesto:Cognome=De Pascale
Valentina De Poli:Nome=Valentina:Cognome=De Poli
Giuliano De Risi:Nome=Giuliano:Cognome=De Risi
Gildo De Stefano:Nome=Gildo:Cognome=De Stefano
Attilio Deffenu:Nome=Attilio:Cognome=Deffenu
Luca Desiato:Nome=Luca:Cognome=Desiato
Carlo Donat-Cattin:Nome=Carlo:Cognome=Donat-Cattin
Stefano Donati:Nome=Stefano:Cognome=Donati
Fabrizio Dragosei:Nome=Fabrizio:Cognome=Dragosei
Riccardo Ehrman:Nome=Riccardo:Cognome=Ehrman
Alain Elkann:Nome=Alain:Cognome=Elkann
Maria Giovanna Elmi:Nome=Maria Giovanna:Cognome=Elmi
Franco Enna:Nome=Franco:Cognome=Enna
Krista Errickson:Nome=Krista:Cognome=Errickson
Franco Evangelisti:Nome=Franco:Cognome=Evangelisti
Luigi Facta:Nome=Luigi:Cognome=Facta
Salvatore Falco:Nome=Salvatore:Cognome=Falco
Carlo Falconi:Nome=Carlo:Cognome=Falconi
Alessandra Farkas:Nome=Alessandra:Cognome=Farkas
Giuseppe Fava:Nome=Giuseppe:Cognome=Fava
Claudio Fava:Nome=Claudio:Cognome=Fava
Luigi Federzoni:Nome=Luigi:Cognome=Federzoni
Antonio Felici:Nome=Antonio:Cognome=Felici
Vittorio Feltri:Nome=Vittorio:Cognome=Feltri
Max Ferrari:Nome=Max:Cognome=Ferrari
Guglielmo Ferrero:Nome=Guglielmo:Cognome=Ferrero
Lando Ferretti:Nome=Lando:Cognome=Ferretti
Ennio Flaiano:Nome=Ennio:Cognome=Flaiano
Giovanni Maria Flick:Nome=Giovanni Maria:Cognome=Flick
Paolo Flores d'Arcais:Nome=Paolo:Cognome=Flores d'Arcais
Vittorio Foa:Nome=Vittorio:Cognome=Foa
Roberto Forges Davanzati:Nome=Roberto:Cognome=Forges Davanzati
Paolo Fox:Nome=Paolo:Cognome=Fox
Mario Francese:Nome=Mario:Cognome=Francese
Carlo Fruttero:Nome=Carlo:Cognome=Fruttero
Luigi Furini:Nome=Luigi:Cognome=Furini
Milena Gabanelli:Nome=Milena:Cognome=Gabanelli
Andrea Claudio Galluzzo:Nome=Andrea Claudio:Cognome=Galluzzo
Gigi Garanzini:Nome=Gigi:Cognome=Garanzini
Claudio Garioni:Nome=Claudio:Cognome=Garioni
Brunella Gasperini:Nome=Brunella:Cognome=Gasperini
Fabrizio Gatti:Nome=Fabrizio:Cognome=Gatti
Virginio Gaydo:Nome=Virginio:Cognome=Gaydo
Dino Geromella:Nome=Dino:Cognome=Geromella
Ludovico Geymonat:Nome=Ludovico:Cognome=Geymonat
Antonio Ghislanzoni:Nome=Antonio:Cognome=Ghislanzoni
Roberto Giacobbo:Nome=Roberto:Cognome=Giacobbo
Oscar Giannino:Nome=Oscar:Cognome=Giannino
Leone Ginzburg:Nome=Leone:Cognome=Ginzburg
Maria Cristina Giongo:Nome=Maria Cristina:Cognome=Giongo
Igino Giordani:Nome=Igino:Cognome=Giordani
Mario Giordano:Nome=Mario:Cognome=Giordano
Rocco Girlanda:Nome=Rocco:Cognome=Girlanda
Maurizio Giuliano:Nome=Maurizio:Cognome=Giuliano
Luca Giurato:Nome=Luca:Cognome=Giurato
Osvaldo Gnocchi-Viani:Nome=Osvaldo:Cognome=Gnocchi-Viani
Piero Gobetti:Nome=Piero:Cognome=Gobetti
Pietro Gori:Nome=Pietro:Cognome=Gori
Carlo Grande:Nome=Carlo:Cognome=Grande
Gianni Granzotto:Nome=Gianni:Cognome=Granzotto
Ezio Maria Gray:Nome=Ezio Maria:Cognome=Gray
Gerardo Greco:Nome=Gerardo:Cognome=Greco
Francesco Grillo:Nome=Francesco:Cognome=Grillo
Almerigo Grilz:Nome=Almerigo:Cognome=Grilz
Giovanni Grimaldi:Nome=Giovanni:Cognome=Grimaldi
Mario Gromo:Nome=Mario:Cognome=Gromo
Daniela Hamaui:Nome=Daniela:Cognome=Hamaui
Miran Hrovatin:Nome=Miran:Cognome=Hrovatin
Mario Imperoli:Nome=Mario:Cognome=Imperoli
Pietro Ingrao:Nome=Pietro:Cognome=Ingrao
Telesio Interlandi:Nome=Telesio:Cognome=Interlandi
Piero Jahier:Nome=Piero:Cognome=Jahier
Peter Kolosimo:Nome=Peter:Cognome=Kolosimo
Anna Kuliscioff:Nome=Anna:Cognome=Kuliscioff
Arturo Labriola:Nome=Arturo:Cognome=Labriola
Arturo Lanocita:Nome=Arturo:Cognome=Lanocita
Gad Lerner:Nome=Gad:Cognome=Lerner
Gianni Letta:Nome=Gianni:Cognome=Letta
Giuseppe Leuzzi:Nome=Giuseppe:Cognome=Leuzzi
Arrigo Levi:Nome=Arrigo:Cognome=Levi
Mimmo Liguoro:Nome=Mimmo:Cognome=Liguoro
Paolo Limiti:Nome=Paolo:Cognome=Limiti
Claudio Lippi:Nome=Claudio:Cognome=Lippi
Grazia Livi:Nome=Grazia:Cognome=Livi
Antonio Locatelli:Nome=Antonio:Cognome=Locatelli
Carlo Lucarelli:Nome=Carlo:Cognome=Lucarelli
Giovanni Lurani:Nome=Giovanni:Cognome=Lurani
Maria-Antonietta Macciocchi:Nome=Maria-Antonietta:Cognome=Macciocchi
Sandro Magister:Nome=Sandro:Cognome=Magister
Lucio Magri:Nome=Lucio:Cognome=Magri
Livio Maitan:Nome=Livio:Cognome=Maitan
Curzio Malaparte:Nome=Curzio:Cognome=Malaparte
Giorgio Manganelli:Nome=Giorgio:Cognome=Manganelli
Gabriele Marcotti:Nome=Gabriele:Cognome=Marcotti
Piero Marrazzo:Nome=Piero:Cognome=Marrazzo
Daniele Martinelli:Nome=Daniele:Cognome=Martinelli
Ferdinando Martini:Nome=Ferdinando:Cognome=Martini
Daniele Mastrogiacomo:Nome=Daniele:Cognome=Mastrogiacomo
Ettore Mattia:Nome=Ettore:Cognome=Mattia
Ezio Mauro:Nome=Ezio:Cognome=Mauro
Carlo Mazzarella:Nome=Carlo:Cognome=Mazzarella
Gian Luca Mazzella:Nome=Gian Luca:Cognome=Mazzella
Serafino Mazzolini:Nome=Serafino:Cognome=Mazzolini
Michele McPhee:Nome=Michele:Cognome=McPhee
Domenico Mennitti:Nome=Domenico:Cognome=Mennitti
Enrico Mentana:Nome=Enrico:Cognome=Mentana
David Messina:Nome=David:Cognome=Messina
Vittorio Messori:Nome=Vittorio:Cognome=Messori
Fernando Mezzasoma:Nome=Fernando:Cognome=Mezzasoma
Paolo Mieli:Nome=Paolo:Cognome=Mieli
Corradino Mineo:Nome=Corradino:Cognome=Mineo
Antonio Missiroli:Nome=Antonio:Cognome=Missiroli
Maurizio Molinari:Nome=Maurizio:Cognome=Molinari
Rita Monaldi:Nome=Rita:Cognome=Monaldi
Indro Montanelli:Nome=Indro:Cognome=Montanelli
Alberto Moravia:Nome=Alberto:Cognome=Moravia
Manlio Morgagni:Nome=Manlio:Cognome=Morgagni
Maurizio Mosca:Nome=Maurizio:Cognome=Mosca
Gaetano Mosca:Nome=Gaetano:Cognome=Mosca
Paolo Mosca:Nome=Paolo:Cognome=Mosca
Italo Moscati:Nome=Italo:Cognome=Moscati
Alfio Musmarra:Nome=Alfio:Cognome=Musmarra
Benito Amilcare Andrea Mussolini:Nome=Benito Amilcare Andrea:Cognome=Mussolini
Arnaldo Mussolini:Nome=Arnaldo:Cognome=Mussolini
Lodovico Nabruzzi:Nome=Lodovico:Cognome=Nabruzzi
Giorgio Nadali:Nome=Giorgio:Cognome=Nadali
Nahida Nakad:Nome=Nahida:Cognome=Nakad
Loretta Napoleoni:Nome=Loretta:Cognome=Napoleoni
Alessandro Natta:Nome=Alessandro:Cognome=Natta
Pietro Nenni:Nome=Pietro:Cognome=Nenni
Stanislao Nievo:Nome=Stanislao:Cognome=Nievo
Ippolito Nievo:Nome=Ippolito:Cognome=Nievo
Fiamma Nirenstein:Nome=Fiamma:Cognome=Nirenstein
Gabriele Nissim:Nome=Gabriele:Cognome=Nissim
Francesco Nitti:Nome=Francesco:Cognome=Nitti
Michelle Raghdee Nouri:Nome=Michelle Raghdee:Cognome=Nouri
Augusto Novelli:Nome=Augusto:Cognome=Novelli
Mario Nuzzolese:Nome=Mario:Cognome=Nuzzolese
Cristina Odone:Nome=Cristina:Cognome=Odone
Renato Olivieri:Nome=Renato:Cognome=Olivieri
Alberto Ongaro:Nome=Alberto:Cognome=Ongaro
Oscar Orefici:Nome=Oscar:Cognome=Orefici
Elio Pagliarani:Nome=Elio:Cognome=Pagliarani
Giancarlo Pallavicini:Nome=Giancarlo:Cognome=Pallavicini
Giuseppe Palmas:Nome=Giuseppe:Cognome=Palmas
Michele Pantaleone:Nome=Michele:Cognome=Pantaleone
Giovanni Papini:Nome=Giovanni:Cognome=Papini
Mario Pappagallo:Nome=Mario:Cognome=Pappagallo
Goffredo Parise:Nome=Goffredo:Cognome=Parise
P. M. Pasinetti:Nome=P. M.:Cognome=Pasinetti
Pier Paolo Pasolini:Nome=Pier Paolo:Cognome=Pasolini
Sandro Paternostro:Nome=Sandro:Cognome=Paternostro
Ercole Patti:Nome=Ercole:Cognome=Patti
Alessandro Pavolini:Nome=Alessandro:Cognome=Pavolini
Carminei Pecorelli:Nome=Carminei:Cognome=Pecorelli
Marcello Pera:Nome=Marcello:Cognome=Pera
Lea Pericoli:Nome=Lea:Cognome=Pericoli
Nico Perrone:Nome=Nico:Cognome=Perrone
Arrigo Petacco:Nome=Arrigo:Cognome=Petacco
Claudio Petruccioli:Nome=Claudio:Cognome=Petruccioli
Maria Piave:Nome=Maria:Cognome=Piave
Giorgio Pini:Nome=Giorgio:Cognome=Pini
Mario Pirani:Nome=Mario:Cognome=Pirani
Annalisa Piras:Nome=Annalisa:Cognome=Piras
Piero Pisenti:Nome=Piero:Cognome=Pisenti
Luciano Pistoi:Nome=Luciano:Cognome=Pistoi
Irene Pivetti:Nome=Irene:Cognome=Pivetti
Beniamino Placido:Nome=Beniamino:Cognome=Placido
Massimo Polidoro:Nome=Massimo:Cognome=Polidoro
Gioacchino Prati:Nome=Gioacchino:Cognome=Prati
Sigfrido Ranucci:Nome=Sigfrido:Cognome=Ranucci
Pino Rauti:Nome=Pino:Cognome=Rauti
Lidia Ravera:Nome=Lidia:Cognome=Ravera
Fabio Ravezzani:Nome=Fabio:Cognome=Ravezzani
Camillo Ricchiardi:Nome=Camillo:Cognome=Ricchiardi
Gianni Riotta:Nome=Gianni:Cognome=Riotta
Andrea di Robilant:Nome=Andrea di:Cognome=Robilant
Gianni Rodari:Nome=Gianni:Cognome=Rodari
Ernesto Nathan Rogers:Nome=Ernesto Nathan:Cognome=Rogers
Paolo Romani:Nome=Paolo:Cognome=Romani
Luigi Romersa:Nome=Luigi:Cognome=Romersa
Alberto Ronchey:Nome=Alberto:Cognome=Ronchey
Auro Roselli:Nome=Auro:Cognome=Roselli
Rossana Rossanda:Nome=Rossana:Cognome=Rossanda
Vittorio G. Rossi:Nome=Vittorio G.:Cognome=Rossi
Cesare Rossi:Nome=Cesare:Cognome=Rossi
Gian Luca Rossi:Nome=Gian Luca:Cognome=Rossi
Cristiano Ruiu:Nome=Cristiano:Cognome=Ruiu
Giovenale Vegezzi Ruscalla:Nome=Giovenale Vegezzi:Cognome=Ruscalla
Ferdinando Russo:Nome=Ferdinando:Cognome=Russo
Antonio Russo:Nome=Antonio:Cognome=Russo
Emilio Salgari:Nome=Emilio:Cognome=Salgari
Giulio Salvadori:Nome=Giulio:Cognome=Salvadori
Michele Santoro:Nome=Michele:Cognome=Santoro
Francesca Sanvitale:Nome=Francesca:Cognome=Sanvitale
Daniela Sanzone:Nome=Daniela:Cognome=Sanzone
Margherita Sarfatti:Nome=Margherita:Cognome=Sarfatti
Giovanni Sartori:Nome=Giovanni:Cognome=Sartori
Cinzia Sasso:Nome=Cinzia:Cognome=Sasso
Roberto Saviano:Nome=Roberto:Cognome=Saviano
Eugenio Scalfari:Nome=Eugenio:Cognome=Scalfari
Edoardo Scarfoglio:Nome=Edoardo:Cognome=Scarfoglio
Antonio Scarfoglio:Nome=Antonio:Cognome=Scarfoglio
Lea Schiavi:Nome=Lea:Cognome=Schiavi
Beppe Sebaste:Nome=Beppe:Cognome=Sebaste
Gustavo Selva:Nome=Gustavo:Cognome=Selva
Vauro Senesi:Nome=Vauro:Cognome=Senesi
Matilde Serao:Nome=Matilde:Cognome=Serao
Clara Sereni:Nome=Clara:Cognome=Sereni
Adriana Seroni:Nome=Adriana:Cognome=Seroni
Michele Serra:Nome=Michele:Cognome=Serra
Beppe Severgnini:Nome=Beppe:Cognome=Severgnini
Guiliana Sgrena:Nome=Guiliana:Cognome=Sgrena
Giancarlo Siani:Nome=Giancarlo:Cognome=Siani
Ignazio Silone:Nome=Ignazio:Cognome=Silone
Renato Simoni:Nome=Renato:Cognome=Simoni
Marino Sinibaldi:Nome=Marino:Cognome=Sinibaldi
Antonio Socci:Nome=Antonio:Cognome=Socci
Adriano Sofri:Nome=Adriano:Cognome=Sofri
Mario Soldati:Nome=Mario:Cognome=Soldati
Francesco Sorti:Nome=Francesco:Cognome=Sorti
Silvio Spaventa:Nome=Silvio:Cognome=Spaventa
Mario Spezi:Nome=Mario:Cognome=Spezi
Luca Spinelli:Nome=Luca:Cognome=Spinelli
Riccardo Stagliano:Nome=Riccardo:Cognome=Stagliano
Domenico Starnone:Nome=Domenico:Cognome=Starnone
Giorgio Clelio Stracquadanio:Nome=Giorgio Clelio:Cognome=Stracquadanio
Mauro Suttora:Nome=Mauro:Cognome=Suttora
Paride Suzzara-Verdi:Nome=Paride:Cognome=Suzzara-Verdi
Antonio Tabucchi:Nome=Antonio:Cognome=Tabucchi
Iginio Tarchetti:Nome=Iginio:Cognome=Tarchetti
Giuseppe Tatarella:Nome=Giuseppe:Cognome=Tatarella
Carlo Tenca:Nome=Carlo:Cognome=Tenca
Tiziano Terzani:Nome=Tiziano:Cognome=Terzani
Niccolo Tommaseo:Nome=Niccolo:Cognome=Tommaseo
Enzo Tortora:Nome=Enzo:Cognome=Tortora
Alberto Toscano:Nome=Alberto:Cognome=Toscano
Marco Travaglio:Nome=Marco:Cognome=Travaglio
Claudio Treves:Nome=Claudio:Cognome=Treves
Cristina Trivulzio Belgiojoso:Nome=Cristina:Cognome=Trivulzio Belgiojoso
Yaroslav Trofimov:Nome=Yaroslav:Cognome=Trofimov
Gaetano Tumiati:Nome=Gaetano:Cognome=Tumiati
Augusto Turati:Nome=Augusto:Cognome=Turati
Filippo Turati:Nome=Filippo:Cognome=Turati
Luigi Ugolini:Nome=Luigi:Cognome=Ugolini
Giuseppe Ungaretti:Nome=Giuseppe:Cognome=Ungaretti
Oreste Vaccari:Nome=Oreste:Cognome=Vaccari
Leo Valiani:Nome=Leo:Cognome=Valiani
Giuseppe Vatinno:Nome=Giuseppe:Cognome=Vatinno
Nichi Vendola:Nome=Nichi:Cognome=Vendola
Aldo Vergano:Nome=Aldo:Cognome=Vergano
Gigi Vesigna:Nome=Gigi:Cognome=Vesigna
Giovanni Maria Vian:Nome=Giovanni Maria:Cognome=Vian
Miti Vigliero Lami:Nome=Miti:Cognome=Vigliero Lami
Alessio Vinci:Nome=Alessio:Cognome=Vinci
Demetrio Volcic:Nome=Demetrio:Cognome=Volcic
Tullia Zevi:Nome=Tullia:Cognome=Zevi
Alvise Zorzi:Nome=Alvise:Cognome=Zorzi
Vittorio Zucconi:Nome=Vittorio:Cognome=Zucconi
