Nicola Zingaretti:Carica=Presidente della Regione:Nome=Nicola:Cognome=Zingaretti
Massimiliano Smeriglio:Carica=Vicepresidente del Consiglio Regionale:Nome=Massimiliano:Cognome=Smeriglio
Concettina Ciminiello:Carica=Assessore  Semplificazione, Trasparenza e Pari opportunità:Nome=Concettina:Cognome=Ciminiello
Michele Civita:Carica=Assessore  Politiche del Territorio, della Mobilità e dei Rifiuti:Nome=Michele:Cognome=Civita
Guido Fabiani:Carica=Assessore  Attività Produttive e sviluppo economico:Nome=Guido:Cognome=Fabiani
Lidia Ravera:Carica=Assessore  Cultura e sport:Nome=Lidia:Cognome=Ravera
Fabio Refrigeri:Carica=Assessore  Infrastrutture, Politiche abitative e Ambiente:Nome=Fabio:Cognome=Refrigeri
Sonia Ricci:Carica=Assessore  Agricoltura, Caccia e Pesca:Nome=Sonia:Cognome=Ricci
Alessandra Sartore:Carica=Assessore  Bilancio-Patrimonio-Demanio:Nome=Alessandra:Cognome=Sartore
Lucia Valente:Carica=Assessore  Lavoro:Nome=Lucia:Cognome=Valente
Rita Visini:Carica=Assessore  Politiche sociali:Nome=Rita:Cognome=Visini
Daniele Leodori:Carica=Presidente del Consiglio Regionale:Nome=Daniele:Cognome=Leodori
