NCD
ncd
Ncd
UDC
Udc
udc
M5S
M5s
m5s
Pd
pd
PD
FI
fi
LN
Ln
SEL
Sel
DS
Ds
FdI
PDL
Pdl
pdl
AN
PSI
IDV
Movimento 5 stelle
Movimento 5 Stelle
Partito Democratico
Sinistra Italiana
Sinistra ecologia e libertà
Lega Nord
Popolo della Libertà
Per L'Italia
Scelta civica per l'Italia
Fratelli d'Italia
Forza Italia
Nuovo Centrodestra
Scelta Civica
Sinistra Ecologia Libertà
Lega Nord
Conservatori e Riformisti
Alternativa Libera
Democrazia Solidale
Fratelli d'Italia
Alleanza Nazionale 
Unione di Centro
Popolari per l'Italia
Partito Socialista Italiano
Südtiroler Volkspartei
Possibile
Movimento X
Movimento Associativo Italiani all'Estero
Centro Democratico
Movimento per le Autonomie
Democrazia Cristiana
Percorso Comune
L'Altra Europa
Partito Autonomista Trentino Tirolese
Alleanza per l'Italia
Il Megafono
Italia dei Valori
Moderati
Nuovo PSI
Riformatori Sardi
Stella Alpina
Unione Sudamericana Emigrati Italiani
Federazione dei Verdi
Unione per il Trentino
Union Valdôtaine
Verdi del Sudtirolo
Libertà e Autonomia
Noi Sud
Alleanza Liberaldemocratica per l'Italia
Alleanza Monarchica
Alternativa Tricolore
Azione Civile
CasaPound Italia
Comitati di Appoggio alla Resistenza Comunista
Democrazia Atea
Democrazia Cristiana
Destra Sociale
Fare per Fermare il Declino
Federazione dei Liberali
Forza Nuova
Forza Popolare
Fronte Nazionale
Green Italia
I Liberali
Io Cambio
Italia Cristiana
La Destra
La Rete 2018
La Rosa per l'Italia
Lega Sud Ausonia
Liberal Democratici
Lotta Comunista
Movimento Conservatori e Social Riformatori
Movimento Fascismo e Libertà
Movimento Idea Sociale
Movimento Italiano Disabili
Movimento Poeti d'Azione
Movimento per le Destre Unite
Movimento Sociale - Fiamma Tricolore
No Euro
Nuovo CDU
Nuovo Partito d'Azione
Partito Animalista Europeo
Partito Animalista Italiano
Partito Comunista
Partito Comunista dei Lavoratori
Partito Comunista d'Italia
Partito del Sud
Partito Democratico Cristiano
Partito di Azione per lo Sviluppo
Partito Liberale Italiano
Partito Marxista-Leninista Italiano
Partito Pensiero Azione
Partito Pensionati
Partito Pirata Italiano
Partito Repubblicano Italiano
Partito Socialista Democratico Italiano
Partito Umanista
Pensionati Democratici Italiani
Pensionati Uniti
Radicali Italiani
Riformisti Italiani
Unione Democratica per i Consumatori
