Pietro Aiello:Partito=Area Popolare (NCD-UDC):Nome=Pietro:Cognome=Aiello
Alberto Airola:Partito=Movimento 5 stelle:Nome=Alberto:Cognome=Airola
Donatella Albano:Partito=Partito Democratico:Nome=Donatella:Cognome=Albano
Gabriele Albertini:Partito=Area Popolare (NCD-UDC):Nome=Gabriele:Cognome=Albertini
Bruno Alicata:Partito=Popolo della Libertà:Nome=Bruno:Cognome=Alicata
Silvana Amati:Partito=Partito Democratico:Nome=Silvana:Cognome=Amati
Bartolomeo Amidei:Partito=Popolo della Libertà:Nome=Bartolomeo:Cognome=Amidei
Francesco Maria Amoruso:Partito=Popolo della Libertà:Nome=Francesco Maria:Cognome=Amoruso
Ignazio Angioni:Partito=Partito Democratico:Nome=Ignazio:Cognome=Angioni
Fabiola Anitori:Partito=Area Popolare (NCD-UDC):Nome=Fabiola:Cognome=Anitori
Francesco Aracri:Partito=Popolo della Libertà:Nome=Francesco:Cognome=Aracri
Paolo Arrigoni:Partito=Lega Nord e autonomie:Nome=Paolo:Cognome=Arrigoni
Bruno Astorre:Partito=Partito Democratico:Nome=Bruno:Cognome=Astorre
Andrea Augello:Partito=Area Popolare (NCD-UDC):Nome=Andrea:Cognome=Augello
Domenico Auricchio:Partito=Popolo della Libertà:Nome=Domenico:Cognome=Auricchio
Antonio Azzollini:Partito=Area Popolare (NCD-UDC):Nome=Antonio:Cognome=Azzollini
Lucio Barani:Partito=Alleanza Liberalpopolare-Autonomie:Nome=Lucio:Cognome=Barani
Giovanni Barozzino:Partito=Gruppo Misto:Nome=Giovanni:Cognome=Barozzino
Lorenzo Battista:Partito=Gruppo per le autonomie-Psi:Nome=Lorenzo:Cognome=Battista
Raffaela Bellot:Partito=Gruppo Misto:Nome=Raffaela:Cognome=Bellot
Alessandra Bencini:Partito=Gruppo Misto:Nome=Alessandra:Cognome=Bencini
Johann Karl Berger:Partito=Gruppo per le autonomie-Psi:Nome=Johann Karl:Cognome=Berger
Anna Maria Bernini:Partito=Popolo della Libertà:Nome=Anna Maria:Cognome=Bernini
Stefano Bertacco:Partito=Popolo della Libertà:Nome=Stefano:Cognome=Bertacco
Ornella Bertorotta:Partito=Movimento 5 stelle:Nome=Ornella:Cognome=Bertorotta
Maria Teresa Bertuzzi:Partito=Partito Democratico:Nome=Maria Teresa:Cognome=Bertuzzi
Amedeo Bianco:Partito=Partito Democratico:Nome=Amedeo:Cognome=Bianco
Laura Bianconi:Partito=Area Popolare (NCD-UDC):Nome=Laura:Cognome=Bianconi
Laura Bignami:Partito=Gruppo Misto:Nome=Laura:Cognome=Bignami
Giovanni Emanuele Bilardi:Partito=Area Popolare (NCD-UDC):Nome=Giovanni Emanuele:Cognome=Bilardi
Patrizia Bisinella:Partito=Gruppo Misto:Nome=Patrizia:Cognome=Bisinella
Rosetta Enza Blundo:Partito=Movimento 5 stelle:Nome=Rosetta Enza:Cognome=Blundo
Bernabò Bocca:Partito=Popolo della Libertà:Nome=Bernabò:Cognome=Bocca
Michele Boccardi:Partito=Popolo della Libertà:Nome=Michele:Cognome=Boccardi
Fabrizio Bocchino:Partito=Gruppo Misto:Nome=Fabrizio:Cognome=Bocchino
Paolo Bonaiuti:Partito=Area Popolare (NCD-UDC):Nome=Paolo:Cognome=Bonaiuti
Sandro Bondi:Partito=Gruppo Misto:Nome=Sandro:Cognome=Bondi
Anna Cinzia Bonfrisco:Partito=Conservatori, Riformisti italiani:Nome=Anna Cinzia:Cognome=Bonfrisco
Daniele Gaetano Borioli:Partito=Partito Democratico:Nome=Daniele Gaetano:Cognome=Borioli
Laura Bottici:Partito=Movimento 5 stelle:Nome=Laura:Cognome=Bottici
Claudio Broglia:Partito=Partito Democratico:Nome=Claudio:Cognome=Broglia
Francesco Bruni:Partito=Conservatori, Riformisti italiani:Nome=Francesco:Cognome=Bruni
Filippo Bubbico:Partito=Partito Democratico:Nome=Filippo:Cognome=Bubbico
Maurizio Buccarella:Partito=Movimento 5 stelle:Nome=Maurizio:Cognome=Buccarella
Enrico Buemi:Partito=Gruppo per le autonomie-Psi:Nome=Enrico:Cognome=Buemi
Elisa Bulgarelli:Partito=Movimento 5 stelle:Nome=Elisa:Cognome=Bulgarelli
Roberto Calderoli:Partito=Lega Nord e autonomie:Nome=Roberto:Cognome=Calderoli
Massimo Caleo:Partito=Partito Democratico:Nome=Massimo:Cognome=Caleo
Giacomo Caliendo:Partito=Popolo della Libertà:Nome=Giacomo:Cognome=Caliendo
Francesco Campanella:Partito=Gruppo Misto:Nome=Francesco:Cognome=Campanella
Stefano Candiani:Partito=Lega Nord e autonomie:Nome=Stefano:Cognome=Candiani
Laura Cantini:Partito=Partito Democratico:Nome=Laura:Cognome=Cantini
Rosaria Capacchione:Partito=Partito Democratico:Nome=Rosaria:Cognome=Capacchione
Enrico Cappelletti:Partito=Movimento 5 stelle:Nome=Enrico:Cognome=Cappelletti
Franco Cardiello:Partito=Popolo della Libertà:Nome=Franco:Cognome=Cardiello
Valeria Cardinali:Partito=Partito Democratico:Nome=Valeria:Cognome=Cardinali
Antonio Stefano Caridi:Partito=Grandi autonomie e libertà:Nome=Antonio Stefano:Cognome=Caridi
Franco Carraro:Partito=Popolo della Libertà:Nome=Franco:Cognome=Carraro
Monica Casaletto:Partito=Gruppo Misto:Nome=Monica:Cognome=Casaletto
Pier Ferdinando Casini:Partito=Area Popolare (NCD-UDC):Nome=Pier Ferdinando:Cognome=Casini
Massimo Cassano:Partito=Area Popolare (NCD-UDC):Nome=Massimo:Cognome=Cassano
Felice Casson:Partito=Partito Democratico:Nome=Felice:Cognome=Casson
Gianluca Castaldi:Partito=Movimento 5 stelle:Nome=Gianluca:Cognome=Castaldi
Nunzia Catalfo:Partito=Movimento 5 stelle:Nome=Nunzia:Cognome=Catalfo
Elena Cattaneo:Partito=Gruppo per le autonomie-Psi:Nome=Elena:Cognome=Cattaneo
Gian Marco Centinaio:Partito=Lega Nord e autonomie:Nome=Gian Marco:Cognome=Centinaio
Remigio Ceroni:Partito=Popolo della Libertà:Nome=Remigio:Cognome=Ceroni
Massimo Cervellini:Partito=Gruppo Misto:Nome=Massimo:Cognome=Cervellini
Federica Chiavaroli:Partito=Area Popolare (NCD-UDC):Nome=Federica:Cognome=Chiavaroli
Vannino Chiti:Partito=Partito Democratico:Nome=Vannino:Cognome=Chiti
Carlo Azeglio Ciampi:Partito=Gruppo per le autonomie-Psi:Nome=Carlo Azeglio:Cognome=Ciampi
Alfonso Ciampolillo:Partito=Movimento 5 stelle:Nome=Alfonso:Cognome=Ciampolillo
Andrea Cioffi:Partito=Movimento 5 stelle:Nome=Andrea:Cognome=Cioffi
Monica Cirinnà:Partito=Partito Democratico:Nome=Monica:Cognome=Cirinnà
Roberto Cociancich:Partito=Partito Democratico:Nome=Roberto:Cognome=Cociancich
Stefano Collina:Partito=Partito Democratico:Nome=Stefano:Cognome=Collina
Francesco Colucci:Partito=Area Popolare (NCD-UDC):Nome=Francesco:Cognome=Colucci
Silvana Comaroli:Partito=Lega Nord e autonomie:Nome=Silvana:Cognome=Comaroli
Luigi Compagna:Partito=Area Popolare (NCD-UDC):Nome=Luigi:Cognome=Compagna
Giuseppe Compagnone:Partito=Alleanza Liberalpopolare-Autonomie:Nome=Giuseppe:Cognome=Compagnone
Nunziante Consiglio:Partito=Lega Nord e autonomie:Nome=Nunziante:Cognome=Consiglio
Franco Conte:Partito=Area Popolare (NCD-UDC):Nome=Franco:Cognome=Conte
Riccardo Conti:Partito=Alleanza Liberalpopolare-Autonomie:Nome=Riccardo:Cognome=Conti
Paolo Corsini:Partito=Partito Democratico:Nome=Paolo:Cognome=Corsini
Roberto Cotti:Partito=Movimento 5 stelle:Nome=Roberto:Cognome=Cotti
Vito Claudio Crimi:Partito=Movimento 5 stelle:Nome=Vito Claudio:Cognome=Crimi
Jonny Crosio:Partito=Lega Nord e autonomie:Nome=Jonny:Cognome=Crosio
Giuseppe Luigi Cucca:Partito=Partito Democratico:Nome=Giuseppe Luigi:Cognome=Cucca
Vincenzo Cuomo:Partito=Partito Democratico:Nome=Vincenzo:Cognome=Cuomo
Erica D'adda:Partito=Partito Democratico:Nome=Erica:Cognome=D'adda
Antonio D'Alì:Partito=Popolo della Libertà:Nome=Antonio:Cognome=D'Alì
Luigi D'Ambrosio Lettieri:Partito=Conservatori, Riformisti italiani:Nome=Luigi:Cognome=D'Ambrosio Lettieri
Vincenzo D'Anna:Partito=Alleanza Liberalpopolare-Autonomie:Nome=Vincenzo:Cognome=D'Anna
Vincenzo Mario Domenico D'Ascola:Partito=Area Popolare (NCD-UDC):Nome=Vincenzo Mario Domenico:Cognome=D'Ascola
Angela D'Onghia:Partito=Grandi autonomie e libertà:Nome=Angela:Cognome=D'Onghia
Mario Dalla Tor:Partito=Area Popolare (NCD-UDC):Nome=Mario:Cognome=Dalla Tor
Gianpiero Dalla Zuanna:Partito=Partito Democratico:Nome=Gianpiero:Cognome=Dalla Zuanna
Michelino Davico:Partito=Grandi autonomie e libertà:Nome=Michelino:Cognome=Davico
Emilia Grazia De Biasi:Partito=Partito Democratico:Nome=Emilia Grazia:Cognome=De Biasi
Peppe De Cristofaro:Partito=Gruppo Misto:Nome=Peppe:Cognome=De Cristofaro
Loredana De Petris:Partito=Gruppo Misto:Nome=Loredana:Cognome=De Petris
Cristina De Pietro:Partito=Gruppo Misto:Nome=Cristina:Cognome=De Pietro
Paola De Pin:Partito=Grandi autonomie e libertà:Nome=Paola:Cognome=De Pin
Antonio De Poli:Partito=Area Popolare (NCD-UDC):Nome=Antonio:Cognome=De Poli
Domenico De Siano:Partito=Popolo della Libertà:Nome=Domenico:Cognome=De Siano
Mauro Del Barba:Partito=Partito Democratico:Nome=Mauro:Cognome=Del Barba
Benedetto Della Vedova:Partito=Gruppo Misto:Nome=Benedetto:Cognome=Della Vedova
Aldo Di Biagio:Partito=Area Popolare (NCD-UDC):Nome=Aldo:Cognome=Di Biagio
Ulisse Di Giacomo:Partito=Area Popolare (NCD-UDC):Nome=Ulisse:Cognome=Di Giacomo
Rosa Maria Di Giorgi:Partito=Partito Democratico:Nome=Rosa Maria:Cognome=Di Giorgi
Salvatore Tito Di Maggio:Partito=Conservatori, Riformisti italiani:Nome=Salvatore Tito:Cognome=Di Maggio
Nerina Dirindin:Partito=Partito Democratico:Nome=Nerina:Cognome=Dirindin
Sergio Divina:Partito=Lega Nord e autonomie:Nome=Sergio:Cognome=Divina
Daniela Donno:Partito=Movimento 5 stelle:Nome=Daniela:Cognome=Donno
Giovanni Endrizzi:Partito=Movimento 5 stelle:Nome=Giovanni:Cognome=Endrizzi
Stefano Esposito:Partito=Partito Democratico:Nome=Stefano:Cognome=Esposito
Giuseppe Esposito:Partito=Area Popolare (NCD-UDC):Nome=Giuseppe:Cognome=Esposito
Camilla Fabbri:Partito=Partito Democratico:Nome=Camilla:Cognome=Fabbri
Ciro Falanga:Partito=Alleanza Liberalpopolare-Autonomie:Nome=Ciro:Cognome=Falanga
Vincenzo Fasano:Partito=Popolo della Libertà:Nome=Vincenzo:Cognome=Fasano
Laura Fasiolo:Partito=Partito Democratico:Nome=Laura:Cognome=Fasiolo
Elena Fattori:Partito=Movimento 5 stelle:Nome=Elena:Cognome=Fattori
Emma Fattorini:Partito=Partito Democratico:Nome=Emma:Cognome=Fattorini
Nicoletta Favero:Partito=Partito Democratico:Nome=Nicoletta:Cognome=Favero
Claudio Fazzone:Partito=Popolo della Libertà:Nome=Claudio:Cognome=Fazzone
Valeria Fedeli:Partito=Partito Democratico:Nome=Valeria:Cognome=Fedeli
Elena Ferrara:Partito=Partito Democratico:Nome=Elena:Cognome=Ferrara
Mario Francesco Ferrara:Partito=Grandi autonomie e libertà:Nome=Mario Francesco:Cognome=Ferrara
Marco Filippi:Partito=Partito Democratico:Nome=Marco:Cognome=Filippi
Rosanna Filippin:Partito=Partito Democratico:Nome=Rosanna:Cognome=Filippin
Anna Finocchiaro:Partito=Partito Democratico:Nome=Anna:Cognome=Finocchiaro
Elena Fissore:Partito=Partito Democratico:Nome=Elena:Cognome=Fissore
Emilio Floris:Partito=Popolo della Libertà:Nome=Emilio:Cognome=Floris
Roberto Formigoni:Partito=Area Popolare (NCD-UDC):Nome=Roberto:Cognome=Formigoni
Federico Fornaro:Partito=Partito Democratico:Nome=Federico:Cognome=Fornaro
Vittorio Fravezzi:Partito=Gruppo per le autonomie-Psi:Nome=Vittorio:Cognome=Fravezzi
Serenella Fucksia:Partito=Movimento 5 stelle:Nome=Serenella:Cognome=Fucksia
Luigi Gaetti:Partito=Movimento 5 stelle:Nome=Luigi:Cognome=Gaetti
Paolo Galimberti:Partito=Popolo della Libertà:Nome=Paolo:Cognome=Galimberti
Adele Gambaro:Partito=Gruppo Misto:Nome=Adele:Cognome=Gambaro
Maurizio Gasparri:Partito=Popolo della Libertà:Nome=Maurizio:Cognome=Gasparri
Maria Grazia Gatti:Partito=Partito Democratico:Nome=Maria Grazia:Cognome=Gatti
Antonio Gentile:Partito=Area Popolare (NCD-UDC):Nome=Antonio:Cognome=Gentile
Niccolò Ghedini:Partito=Popolo della Libertà:Nome=Niccolò:Cognome=Ghedini
Francesco Giacobbe:Partito=Partito Democratico:Nome=Francesco:Cognome=Giacobbe
Stefania Giannini:Partito=Scelta civica per l'Italia:Nome=Stefania:Cognome=Giannini
Mario Michele Giarrusso:Partito=Movimento 5 stelle:Nome=Mario Michele:Cognome=Giarrusso
Vincenzo Gibiino:Partito=Popolo della Libertà:Nome=Vincenzo:Cognome=Gibiino
Nadia Ginetti:Partito=Partito Democratico:Nome=Nadia:Cognome=Ginetti
Carlo Giovanardi:Partito=Area Popolare (NCD-UDC):Nome=Carlo:Cognome=Giovanardi
Francesco Maria Giro:Partito=Popolo della Libertà:Nome=Francesco Maria:Cognome=Giro
Gianni Girotto:Partito=Movimento 5 stelle:Nome=Gianni:Cognome=Girotto
Miguel Gotor:Partito=Partito Democratico:Nome=Miguel:Cognome=Gotor
Manuela Granaiola:Partito=Partito Democratico:Nome=Manuela:Cognome=Granaiola
Pietro Grasso:Partito=Partito Democratico:Nome=Pietro:Cognome=Grasso
Marcello Gualdani:Partito=Area Popolare (NCD-UDC):Nome=Marcello:Cognome=Gualdani
Maria Cecilia Guerra:Partito=Partito Democratico:Nome=Maria Cecilia:Cognome=Guerra
Paolo Guerrieri Paleotti:Partito=Partito Democratico:Nome=Paolo:Cognome=Guerrieri Paleotti
Pietro Ichino:Partito=Scelta civica per l'Italia:Nome=Pietro:Cognome=Ichino
Josefa Idem:Partito=Partito Democratico:Nome=Josefa:Cognome=Idem
Pietro Iurlaro:Partito=Alleanza Liberalpopolare-Autonomie:Nome=Pietro:Cognome=Iurlaro
Bachisio Silvio Lai:Partito=Partito Democratico:Nome=Bachisio Silvio:Cognome=Lai
Pietro Langella:Partito=Alleanza Liberalpopolare-Autonomie:Nome=Pietro:Cognome=Langella
Albert Laniece:Partito=Gruppo per le autonomie-Psi:Nome=Albert:Cognome=Laniece
Linda Lanzillotta:Partito=Scelta civica per l'Italia:Nome=Linda:Cognome=Lanzillotta
Nicola Latorre:Partito=Partito Democratico:Nome=Nicola:Cognome=Latorre
Stefano Lepri:Partito=Partito Democratico:Nome=Stefano:Cognome=Lepri
Barbara Lezzi:Partito=Movimento 5 stelle:Nome=Barbara:Cognome=Lezzi
Pietro Liuzzi:Partito=Conservatori, Riformisti italiani:Nome=Pietro:Cognome=Liuzzi
Sergio Lo Giudice:Partito=Partito Democratico:Nome=Sergio:Cognome=Lo Giudice
Doris Lo Moro:Partito=Partito Democratico:Nome=Doris:Cognome=Lo Moro
Eva Longo:Partito=Alleanza Liberalpopolare-Autonomie:Nome=Eva:Cognome=Longo
Fausto Guilherme Longo:Partito=Gruppo per le autonomie-Psi:Nome=Fausto Guilherme:Cognome=Longo
Carlo Lucherini:Partito=Partito Democratico:Nome=Carlo:Cognome=Lucherini
Stefano Lucidi:Partito=Movimento 5 stelle:Nome=Stefano:Cognome=Lucidi
Giuseppe Lumia:Partito=Partito Democratico:Nome=Giuseppe:Cognome=Lumia
Lucio Malan:Partito=Popolo della Libertà:Nome=Lucio:Cognome=Malan
Patrizia Manassero:Partito=Partito Democratico:Nome=Patrizia:Cognome=Manassero
Luigi Manconi:Partito=Partito Democratico:Nome=Luigi:Cognome=Manconi
Bruno Mancuso:Partito=Area Popolare (NCD-UDC):Nome=Bruno:Cognome=Mancuso
Andrea Mandelli:Partito=Popolo della Libertà:Nome=Andrea:Cognome=Mandelli
Giovanna Mangili:Partito=Movimento 5 stelle:Nome=Giovanna:Cognome=Mangili
Alessandro Maran:Partito=Scelta civica per l'Italia:Nome=Alessandro:Cognome=Maran
Andrea Marcucci:Partito=Partito Democratico:Nome=Andrea:Cognome=Marcucci
Salvatore Margiotta:Partito=Gruppo Misto:Nome=Salvatore:Cognome=Margiotta
Marco Marin:Partito=Popolo della Libertà:Nome=Marco:Cognome=Marin
Giuseppe Francesco Maria Marinello:Partito=Area Popolare (NCD-UDC):Nome=Giuseppe Francesco Maria:Cognome=Marinello
Mauro Maria Marino:Partito=Partito Democratico:Nome=Mauro Maria:Cognome=Marino
Luigi Marino:Partito=Area Popolare (NCD-UDC):Nome=Luigi:Cognome=Marino
Carlo Martelli:Partito=Movimento 5 stelle:Nome=Carlo:Cognome=Martelli
Claudio Martini:Partito=Partito Democratico:Nome=Claudio:Cognome=Martini
Bruno Marton:Partito=Movimento 5 stelle:Nome=Bruno:Cognome=Marton
Marino Germano Mastrangeli:Partito=Gruppo Misto:Nome=Marino Germano:Cognome=Mastrangeli
Altero Matteoli:Partito=Popolo della Libertà:Nome=Altero:Cognome=Matteoli
Donatella Mattesini:Partito=Partito Democratico:Nome=Donatella:Cognome=Mattesini
Giuseppina Maturani:Partito=Partito Democratico:Nome=Giuseppina:Cognome=Maturani
Mario Mauro:Partito=Grandi autonomie e libertà:Nome=Mario:Cognome=Mauro
Giovanni Mauro:Partito=Grandi autonomie e libertà:Nome=Giovanni:Cognome=Mauro
Riccardo Mazzoni:Partito=Alleanza Liberalpopolare-Autonomie:Nome=Riccardo:Cognome=Mazzoni
Maria Paola Merloni:Partito=Gruppo per le autonomie-Psi:Nome=Maria Paola:Cognome=Merloni
Alfredo Messina:Partito=Popolo della Libertà:Nome=Alfredo:Cognome=Messina
Claudio Micheloni:Partito=Partito Democratico:Nome=Claudio:Cognome=Micheloni
Maurizio Migliavacca:Partito=Partito Democratico:Nome=Maurizio:Cognome=Migliavacca
Antonio Milo:Partito=Conservatori, Riformisti italiani:Nome=Antonio:Cognome=Milo
Corradino Mineo:Partito=Gruppo Misto:Nome=Corradino:Cognome=Mineo
Marco Minniti:Partito=Partito Democratico:Nome=Marco:Cognome=Minniti
Augusto Minzolini:Partito=Popolo della Libertà:Nome=Augusto:Cognome=Minzolini
Franco Mirabelli:Partito=Partito Democratico:Nome=Franco:Cognome=Mirabelli
Francesco Molinari:Partito=Gruppo Misto:Nome=Francesco:Cognome=Molinari
Michela Montevecchi:Partito=Movimento 5 stelle:Nome=Michela:Cognome=Montevecchi
Mario Monti:Partito=Gruppo Misto:Nome=Mario:Cognome=Monti
Mario Morgoni:Partito=Partito Democratico:Nome=Mario:Cognome=Morgoni
Vilma Moronese:Partito=Movimento 5 stelle:Nome=Vilma:Cognome=Moronese
Nicola Morra:Partito=Movimento 5 stelle:Nome=Nicola:Cognome=Morra
Claudio Moscardelli:Partito=Partito Democratico:Nome=Claudio:Cognome=Moscardelli
Massimo Mucchetti:Partito=Partito Democratico:Nome=Massimo:Cognome=Mucchetti
Emanuela Munerato:Partito=Gruppo Misto:Nome=Emanuela:Cognome=Munerato
Maria Mussini:Partito=Gruppo Misto:Nome=Maria:Cognome=Mussini
Paolo Naccarato:Partito=Grandi autonomie e libertà:Nome=Paolo:Cognome=Naccarato
Giorgio Napolitano:Partito=Gruppo per le autonomie-Psi:Nome=Giorgio:Cognome=Napolitano
Riccardo Nencini:Partito=Gruppo per le autonomie-Psi:Nome=Riccardo:Cognome=Nencini
Paola Nugnes:Partito=Movimento 5 stelle:Nome=Paola:Cognome=Nugnes
Andrea Olivero:Partito=Gruppo per le autonomie-Psi:Nome=Andrea:Cognome=Olivero
Luis Alberto Orellana:Partito=Gruppo per le autonomie-Psi:Nome=Luis Alberto:Cognome=Orellana
Pamela Orrù:Partito=Partito Democratico:Nome=Pamela:Cognome=Orrù
Venera Padua:Partito=Partito Democratico:Nome=Venera:Cognome=Padua
Giuseppe Pagano:Partito=Area Popolare (NCD-UDC):Nome=Giuseppe:Cognome=Pagano
Giorgio Pagliari:Partito=Partito Democratico:Nome=Giorgio:Cognome=Pagliari
Sara Paglini:Partito=Movimento 5 stelle:Nome=Sara:Cognome=Paglini
Lionello Marco Pagnoncelli:Partito=Conservatori, Riformisti italiani:Nome=Lionello Marco:Cognome=Pagnoncelli
Francesco Palermo:Partito=Gruppo per le autonomie-Psi:Nome=Francesco:Cognome=Palermo
Nitto Francesco Palma:Partito=Popolo della Libertà:Nome=Nitto Francesco:Cognome=Palma
Franco Panizza:Partito=Gruppo per le autonomie-Psi:Nome=Franco:Cognome=Panizza
Annamaria Parente:Partito=Partito Democratico:Nome=Annamaria:Cognome=Parente
Carlo Pegorer:Partito=Partito Democratico:Nome=Carlo:Cognome=Pegorer
Paola Pelino:Partito=Popolo della Libertà:Nome=Paola:Cognome=Pelino
Bartolomeo Pepe:Partito=Grandi autonomie e libertà:Nome=Bartolomeo:Cognome=Pepe
Luigi Perrone:Partito=Conservatori, Riformisti italiani:Nome=Luigi:Cognome=Perrone
Alessia Petraglia:Partito=Gruppo Misto:Nome=Alessia:Cognome=Petraglia
Vito Petrocelli:Partito=Movimento 5 stelle:Nome=Vito:Cognome=Petrocelli
Stefania Pezzopane:Partito=Partito Democratico:Nome=Stefania:Cognome=Pezzopane
Renzo Piano:Partito=Gruppo per le autonomie-Psi:Nome=Renzo:Cognome=Piano
Enrico Piccinelli:Partito=Popolo della Libertà:Nome=Enrico:Cognome=Piccinelli
Giovanni Piccoli:Partito=Popolo della Libertà:Nome=Giovanni:Cognome=Piccoli
Leana Pignedoli:Partito=Partito Democratico:Nome=Leana:Cognome=Pignedoli
Roberta Pinotti:Partito=Partito Democratico:Nome=Roberta:Cognome=Pinotti
Luciano Pizzetti:Partito=Partito Democratico:Nome=Luciano:Cognome=Pizzetti
Sergio Puglia:Partito=Movimento 5 stelle:Nome=Sergio:Cognome=Puglia
Francesca Puglisi:Partito=Partito Democratico:Nome=Francesca:Cognome=Puglisi
Laura Puppato:Partito=Partito Democratico:Nome=Laura:Cognome=Puppato
Gaetano Quagliariello:Partito=Area Popolare (NCD-UDC):Nome=Gaetano:Cognome=Quagliariello
Raffaele Ranucci:Partito=Partito Democratico:Nome=Raffaele:Cognome=Ranucci
Antonio Razzi:Partito=Popolo della Libertà:Nome=Antonio:Cognome=Razzi
Manuela Repetti:Partito=Gruppo Misto:Nome=Manuela:Cognome=Repetti
Lucrezia Ricchiuti:Partito=Partito Democratico:Nome=Lucrezia:Cognome=Ricchiuti
Maria Rizzotti:Partito=Popolo della Libertà:Nome=Maria:Cognome=Rizzotti
Paolo Romani:Partito=Popolo della Libertà:Nome=Paolo:Cognome=Romani
Maurizio Romani:Partito=Gruppo Misto:Nome=Maurizio:Cognome=Romani
Lucio Romano:Partito=Gruppo per le autonomie-Psi:Nome=Lucio:Cognome=Romano
Maurizio Giuseppe Rossi:Partito=Gruppo Misto:Nome=Maurizio Giuseppe:Cognome=Rossi
Gianluca Rossi:Partito=Partito Democratico:Nome=Gianluca:Cognome=Rossi
Mariarosaria Rossi:Partito=Popolo della Libertà:Nome=Mariarosaria:Cognome=Rossi
Luciano Rossi:Partito=Area Popolare (NCD-UDC):Nome=Luciano:Cognome=Rossi
Carlo Rubbia:Partito=Gruppo per le autonomie-Psi:Nome=Carlo:Cognome=Rubbia
Francesco Russo:Partito=Partito Democratico:Nome=Francesco:Cognome=Russo
Roberto Ruta:Partito=Partito Democratico:Nome=Roberto:Cognome=Ruta
Giuseppe Ruvolo:Partito=Alleanza Liberalpopolare-Autonomie:Nome=Giuseppe:Cognome=Ruvolo
Maurizio Sacconi:Partito=Area Popolare (NCD-UDC):Nome=Maurizio:Cognome=Sacconi
Angelica Saggese:Partito=Partito Democratico:Nome=Angelica:Cognome=Saggese
Gian Carlo Sangalli:Partito=Partito Democratico:Nome=Gian Carlo:Cognome=Sangalli
Vincenzo Santangelo:Partito=Movimento 5 stelle:Nome=Vincenzo:Cognome=Santangelo
Giorgio Santini:Partito=Partito Democratico:Nome=Giorgio:Cognome=Santini
Francesco Scalia:Partito=Partito Democratico:Nome=Francesco:Cognome=Scalia
Antonio Fabio Maria Scavone:Partito=Alleanza Liberalpopolare-Autonomie:Nome=Antonio Fabio Maria:Cognome=Scavone
Renato Giuseppe Schifani:Partito=Area Popolare (NCD-UDC):Nome=Renato Giuseppe:Cognome=Schifani
Salvatore Sciascia:Partito=Popolo della Libertà:Nome=Salvatore:Cognome=Sciascia
Marco Scibona:Partito=Movimento 5 stelle:Nome=Marco:Cognome=Scibona
Domenico Scilipoti:Partito=Popolo della Libertà:Nome=Domenico:Cognome=Scilipoti
Francesco Scoma:Partito=Popolo della Libertà:Nome=Francesco:Cognome=Scoma
Giancarlo Serafini:Partito=Popolo della Libertà:Nome=Giancarlo:Cognome=Serafini
Manuela Serra:Partito=Movimento 5 stelle:Nome=Manuela:Cognome=Serra
Cosimo Sibilia:Partito=Popolo della Libertà:Nome=Cosimo:Cognome=Sibilia
Annalisa Silvestro:Partito=Partito Democratico:Nome=Annalisa:Cognome=Silvestro
Ivana Simeoni:Partito=Gruppo Misto:Nome=Ivana:Cognome=Simeoni
Pasquale Sollo:Partito=Partito Democratico:Nome=Pasquale:Cognome=Sollo
Lodovico Sonego:Partito=Partito Democratico:Nome=Lodovico:Cognome=Sonego
Maria Spilabotte:Partito=Partito Democratico:Nome=Maria:Cognome=Spilabotte
Ugo Sposetti:Partito=Partito Democratico:Nome=Ugo:Cognome=Sposetti
Erika Stefani:Partito=Lega Nord e autonomie:Nome=Erika:Cognome=Stefani
Dario Stefano:Partito=Gruppo Misto:Nome=Dario:Cognome=Stefano
Giacomo Stucchi:Partito=Lega Nord e autonomie:Nome=Giacomo:Cognome=Stucchi
Gianluca Susta:Partito=Scelta civica per l'Italia:Nome=Gianluca:Cognome=Susta
Lucio Rosario Tarquinio:Partito=Conservatori, Riformisti italiani:Nome=Lucio Rosario:Cognome=Tarquinio
Paola Taverna:Partito=Movimento 5 stelle:Nome=Paola:Cognome=Taverna
Walter Tocci:Partito=Partito Democratico:Nome=Walter:Cognome=Tocci
Salvatore Tomaselli:Partito=Partito Democratico:Nome=Salvatore:Cognome=Tomaselli
Giorgio Tonini:Partito=Partito Democratico:Nome=Giorgio:Cognome=Tonini
Salvo Torrisi:Partito=Area Popolare (NCD-UDC):Nome=Salvo:Cognome=Torrisi
Paolo Tosato:Partito=Lega Nord e autonomie:Nome=Paolo:Cognome=Tosato
Giulio Tremonti:Partito=Grandi autonomie e libertà:Nome=Giulio:Cognome=Tremonti
Mario Tronti:Partito=Partito Democratico:Nome=Mario:Cognome=Tronti
Renato Guerino Turano:Partito=Partito Democratico:Nome=Renato Guerino:Cognome=Turano
Luciano Uras:Partito=Gruppo Misto:Nome=Luciano:Cognome=Uras
Stefano Vaccari:Partito=Partito Democratico:Nome=Stefano:Cognome=Vaccari
Giuseppe Vacciano:Partito=Gruppo Misto:Nome=Giuseppe:Cognome=Vacciano
Mara Valdinosi:Partito=Partito Democratico:Nome=Mara:Cognome=Valdinosi
Daniela Valentini:Partito=Partito Democratico:Nome=Daniela:Cognome=Valentini
Vito Vattuone:Partito=Partito Democratico:Nome=Vito:Cognome=Vattuone
Denis Verdini:Partito=Alleanza Liberalpopolare-Autonomie:Nome=Denis:Cognome=Verdini
Francesco Verducci:Partito=Partito Democratico:Nome=Francesco:Cognome=Verducci
Simona Vicari:Partito=Area Popolare (NCD-UDC):Nome=Simona:Cognome=Vicari
Guido Walter Cesare Viceconte:Partito=Area Popolare (NCD-UDC):Nome=Guido Walter Cesare:Cognome=Viceconte
Riccardo Villari:Partito=Popolo della Libertà:Nome=Riccardo:Cognome=Villari
Raffaele Volpi:Partito=Lega Nord e autonomie:Nome=Raffaele:Cognome=Volpi
Luigi Zanda:Partito=Partito Democratico:Nome=Luigi:Cognome=Zanda
Magda Angela Zanoni:Partito=Partito Democratico:Nome=Magda Angela:Cognome=Zanoni
Sergio Zavoli:Partito=Partito Democratico:Nome=Sergio:Cognome=Zavoli
Karl Zeller:Partito=Gruppo per le autonomie-Psi:Nome=Karl:Cognome=Zeller
Claudio Zin:Partito=Gruppo per le autonomie-Psi:Nome=Claudio:Cognome=Zin
Vittorio Zizza:Partito=Conservatori, Riformisti italiani:Nome=Vittorio:Cognome=Zizza
Sante Zuffada:Partito=Popolo della Libertà:Nome=Sante:Cognome=Zuffada
