Lirio Abbate
Carmelo Abbate
Mario Adinolfi
Fernando Adornato
Isabelle Adriani
Francesco Alberoni
Magdi Allam
Giorgio Almirante
Ilaria Alpi
Corrado Alvaro
Francesco Alziator
Giovanni Amendola
Filippo Anfuso
Giovanni Battista Angioletti
Alberto Arbasino
Gaetano Arfe
Danilo Arona
Giovanni Arpino
Vittorio Arrigoni
Sergio Atzeni
Corrado Augias
Massimo Baistrocchi
Andrea Bajani
Enzo Baldoni
Milko Bambic
Jacomo Barbarigo
Alessandro Baricco
Paolo Barnard
Antonio Barolini
Luigi sr Barzini
Luigi Barzini
Lelio Basso
Alaide Gualberta Beccari
Arrigo Benedetti
Stefano Benni
Camillo Berneri
Tommaso Besozzi
Enzo Bettiza
Michele Bianchi
Luciano Bianciardi
Aldo Biscardi
Leonida Bissolati
Norberto Bobbio
Giorgio Bocca
Italo Bocchino
Sandro Bolchi
Laura Boldrini
Adriano Bolzoni
Franco Bomprezzi
Simona Bonafè
Massimo Bontempelli
Amadeo Bordiga
Giuseppe Antonio Borgese
Giuseppe Bottai
Giuseppe Valerio Branca
Matteo Brancaleoni
Paolo Alberto Brera
Gianni Brera
Vanna Brosio
Renato Brunetta
Federico Buffa
Paola Buonadonna
Philippe Buonarroti
Tavo Burat
Dino Buzzati
Paola Calvetti
Italo Calvino
Mario Calvo-Platero
Manuela Campanelli
Achille Campanile
Candido Cannavò
Luigi Capuana
Vincenzo Cardarelli
Fabio Caressa
Mario Carli
Lapo de Carlo
Leone Carpi
Stefano Casertano
Carlo Castellaneta
Alba De Cespedes Y Bertini
Carlo Chatrian
Pasquale Chessa
Luigi Chiarelli
Giulietto Chiesa
Luca Ciarrocca
Fabrizio Cicchitto
Giulio Cogni
Arturo Colautti
Carlo Collodi
Puccio Corona
Vittorio Corona
Enrico Corradini
Ermanno Corsi
Alfredo Covelli
Giacomo Crosa
Stefano Cusumano
Susanna Cutini
Maria Grazia Cutuli
Alessandro D'Ancona
Gabriele D'Annunzio
Marco D'Arienzo
Lucio DAmbra
Corrado Maria Daclon
Arianna Dagnino
Giuseppe Damato
Silvio Damico
Edmondo De Amicis
Augusto De Angelis
Alcide De Gasperi
Ernesto De Pascale
Valentina De Poli
Giuliano De Risi
Gildo De Stefano
Attilio Deffenu
Luca Desiato
Carlo Donat-Cattin
Stefano Donati
Fabrizio Dragosei
Riccardo Ehrman
Alain Elkann
Maria Giovanna Elmi
Franco Enna
Krista Errickson
Franco Evangelisti
Luigi Facta
Salvatore Falco
Carlo Falconi
Alessandra Farkas
Giuseppe Fava
Claudio Fava
Luigi Federzoni
Antonio Felici
Vittorio Feltri
Max Ferrari
Guglielmo Ferrero
Lando Ferretti
Ennio Flaiano
Giovanni Maria Flick
Paolo Flores d'Arcais
Vittorio Foa
Roberto Forges Davanzati
Paolo Fox
Mario Francese
Carlo Fruttero
Luigi Furini
Milena Gabanelli
Andrea Claudio Galluzzo
Gigi Garanzini
Claudio Garioni
Brunella Gasperini
Fabrizio Gatti
Virginio Gaydo
Dino Geromella
Ludovico Geymonat
Antonio Ghislanzoni
Roberto Giacobbo
Oscar Giannino
Leone Ginzburg
Maria Cristina Giongo
Igino Giordani
Mario Giordano
Rocco Girlanda
Maurizio Giuliano
Luca Giurato
Osvaldo Gnocchi-Viani
Piero Gobetti
Pietro Gori
Carlo Grande
Gianni Granzotto
Ezio Maria Gray
Gerardo Greco
Francesco Grillo
Almerigo Grilz
Giovanni Grimaldi
Mario Gromo
Daniela Hamaui
Miran Hrovatin
Mario Imperoli
Pietro Ingrao
Telesio Interlandi
Piero Jahier
Peter Kolosimo
Anna Kuliscioff
Arturo Labriola
Arturo Lanocita
Gad Lerner
Gianni Letta
Giuseppe Leuzzi
Arrigo Levi
Mimmo Liguoro
Paolo Limiti
Claudio Lippi
Grazia Livi
Antonio Locatelli
Carlo Lucarelli
Giovanni Lurani
Maria-Antonietta Macciocchi
Sandro Magister
Lucio Magri
Livio Maitan
Curzio Malaparte
Giorgio Manganelli
Gabriele Marcotti
Piero Marrazzo
Daniele Martinelli
Ferdinando Martini
Daniele Mastrogiacomo
Ettore Mattia
Ezio Mauro
Carlo Mazzarella
Gian Luca Mazzella
Serafino Mazzolini
Michele McPhee
Domenico Mennitti
Enrico Mentana
David Messina
Vittorio Messori
Fernando Mezzasoma
Paolo Mieli
Corradino Mineo
Antonio Missiroli
Maurizio Molinari
Rita Monaldi
Indro Montanelli
Alberto Moravia
Manlio Morgagni
Maurizio Mosca
Gaetano Mosca
Paolo Mosca
Italo Moscati
Alfio Musmarra
Benito Amilcare Andrea Mussolini
Arnaldo Mussolini
Lodovico Nabruzzi
Giorgio Nadali
Nahida Nakad
Loretta Napoleoni
Alessandro Natta
Pietro Nenni
Stanislao Nievo
Ippolito Nievo
Fiamma Nirenstein
Gabriele Nissim
Francesco Nitti
Michelle Raghdee Nouri
Augusto Novelli
Mario Nuzzolese
Cristina Odone
Renato Olivieri
Alberto Ongaro
Oscar Orefici
Elio Pagliarani
Giancarlo Pallavicini
Giuseppe Palmas
Michele Pantaleone
Giovanni Papini
Mario Pappagallo
Goffredo Parise
P. M. Pasinetti
Pier Paolo Pasolini
Sandro Paternostro
Ercole Patti
Alessandro Pavolini
Carminei Pecorelli
Marcello Pera
Lea Pericoli
Nico Perrone
Arrigo Petacco
Claudio Petruccioli
Maria Piave
Giorgio Pini
Mario Pirani
Annalisa Piras
Piero Pisenti
Luciano Pistoi
Irene Pivetti
Beniamino Placido
Massimo Polidoro
Gioacchino Prati
Sigfrido Ranucci
Pino Rauti
Lidia Ravera
Fabio Ravezzani
Camillo Ricchiardi
Gianni Riotta
Andrea di Robilant
Gianni Rodari
Ernesto Nathan Rogers
Paolo Romani
Luigi Romersa
Alberto Ronchey
Auro Roselli
Rossana Rossanda
Vittorio G. Rossi
Cesare Rossi
Gian Luca Rossi
Cristiano Ruiu
Giovenale Vegezzi Ruscalla
Ferdinando Russo
Antonio Russo
Emilio Salgari
Giulio Salvadori
Michele Santoro
Francesca Sanvitale
Daniela Sanzone
Margherita Sarfatti
Giovanni Sartori
Cinzia Sasso
Roberto Saviano
Eugenio Scalfari
Edoardo Scarfoglio
Antonio Scarfoglio
Lea Schiavi
Beppe Sebaste
Gustavo Selva
Vauro Senesi
Matilde Serao
Clara Sereni
Adriana Seroni
Michele Serra
Beppe Severgnini
Guiliana Sgrena
Giancarlo Siani
Ignazio Silone
Renato Simoni
Marino Sinibaldi
Antonio Socci
Adriano Sofri
Mario Soldati
Francesco Sorti
Silvio Spaventa
Mario Spezi
Luca Spinelli
Riccardo Stagliano
Domenico Starnone
Giorgio Clelio Stracquadanio
Mauro Suttora
Paride Suzzara-Verdi
Antonio Tabucchi
Iginio Tarchetti
Giuseppe Tatarella
Carlo Tenca
Tiziano Terzani
Niccolo Tommaseo
Enzo Tortora
Alberto Toscano
Marco Travaglio
Claudio Treves
Cristina Trivulzio Belgiojoso
Yaroslav Trofimov
Gaetano Tumiati
Augusto Turati
Filippo Turati
Luigi Ugolini
Giuseppe Ungaretti
Oreste Vaccari
Leo Valiani
Giuseppe Vatinno
Nichi Vendola
Aldo Vergano
Gigi Vesigna
Giovanni Maria Vian
Miti Vigliero Lami
Alessio Vinci
Demetrio Volcic
Tullia Zevi
Alvise Zorzi
Vittorio Zucconi
