Samuel Aroutiounian
Samuel Courtauld
Donato Bachi
Samuel Gétaz
Samuel Cunard
Samuel Irving Newhouse, Jr.
Samuel B. Fuller
Samuel Colt
Samuel Sachs
Sam Walton
Samuel Blanc
Samuel Blumer
Samuel Eyde
Samuel Heim
Samuel Glazer
Barbara Berlusconi
Gaudenz Issler
Bogdan Prošek
Marie-Cécile Zinsou
Lulu
Marie Cuttoli
Sandra Krasa
Christine Kaufmann
Christine Englerth
Christine Poon
Ulf Ekberg
Xavier R. Rolet
Xavier Roberts
Xavier Givaudan
Xavier Niel
Abiyev Marat Zhaksylykovich
Jiří Hlavatý
Lila Bell Wallace
Jiří Diviš
Graham Chipchase
Graham MacDonald
Roland Graf von Faber-Castell
Roland Lacher
Roland Bischof
Chelsea Clinton
Roland Duchâtelet
Roland Pozzo di Borgo
Romeo Anconetani
Hans Messer
Pierre Chappaz
Hans Wilsdorf
Hans Constantin Paulssen
Hans Hauenschild
Hans Hundegger
Hans Raab
Hans Strothoff
Hans Valentin Triebel
Hans Fróði Hansen
Pierre Durand
Pierre Omidyar
Pierre Samuel du Pont de Nemours
Pierre Quéméneur
Pierre Sommer
Hans Wall
Hans Albert Rooschüz
Hans Dedi
Hans Greiner
Hans Haehnle
Hans Heinrich Driftmann
Hans Hunziker
Hans Senn
Hans Siemens
Oliver George Hutchinson
Hans Georg Stehlin
Pierre de Broqueville
Oliver Bengough
Oliver Jung
Hans Barlach
Hans Stråberg
Hans Reuter
Oliver Muoto
Hans Goldschmidt
Hans Stern
Hans Heinrich XI von Hochberg
Hans Imhoff
Hans Ledwinka
Hans Zehetmaier
Hans Rollmann
Hans Lauda
Hans B. Bauerfeind
Hans Eltze
Hans Ludwig Müller
Hans Müller
Hans Schreib
Hans Riegel
Leopold Decloedt
Pierre Wertheimer
Hans Heyer
Hans Georg Klamroth
Hans Wehrmann
Hans Bahlsen
Hans Biller
Hans Gerling
Hans Neuendorf
Leopoldo II del Belgio
Leopold Stiefel
Oliver Winchester
Pierre-Emmanuel Taittinger
Hans Carl Scheibler
Hans Bechtler
Hans Herbert Blatzheim
Hans Jakob Pestalozzi
Hans Schwarzenbach
Leopold Hoesch
Leopold Schoeller
Leopold Steinfurt
Hans Grohe
Oliver Mobisson
Pierre Ravanas
Hans Kohnert
Gennady Nikolayevich Timchenko
Edwin Corning
Zygmunt Toeplitz
Edwin Land
Edwin G. Booz
Edwin Turney
Edwin Baer
Zygmunt Jarociński
Edwin S. Votey
Guido Carandini
Guido Alberti
Guido Jung
Guido Accornero
Guido Ravasi
Guido Fluri
Guido Barilla
Guido Segre
Guido Artom
Guido Corni
Guido Donegani
Guido Sanguineti
Guido Breitfeld
Guido Borghi
Christel Klinzmann
Christina Aguilera
Christine Kaufmann
Christina Hembo
Gabriël Vandeputte
Jean-Baptiste Réveillon
Kim Dotcom
Kim Kötter
Sigrid Engelbrecht
Edouard Sandoz
Édouard Leclerc
Édouard Cadier
Édouard Michelin (1963-2006)
Édouard Michelin
Édouard de Rothschild
Édouard Moreau
Bernhard Georg von Scheibler
Bernhard Harder
Bernhard Howaldt
Bernhard Pierburg
Bernhard Claves
Bernhard Hausmann
Bernhard Reemtsma
Bernhard Schadeberg
Bernhard Hieronymus Ludwig
Bernhard Neher
Bernhard Oswald
Bernhard Fritsch
Prospero Gianferrari
Prospero Moisè Loria
Jeremy Leggett
Jeremy Gutsche
Gerrit Lieve
Jeremy Padawer
Jeremy Darroch
Jeremy Frommer
Jeremy Fall
Zoran Janković
Alfredo Vignale
Alfredo Lardelli
Alfredo Corradini
Alfredo Dentice di Frasso
Alfredo Costa
Alfredo Cazzola
Alfredo Gavazzi
Alfredo Rossi
Alfredo Davicce
Alfredo Zopfi
Alfredo Tragni
Stefano Ricucci
Stefano Annibal
Stefano Rivetti di Val Cervo
Stefano Zara
Stefano Pessina
Arne Sorenson
Stefano Chiaraviglio
Stefano Gabbana
Stefano Boco
Stefano Fantinel
Christopher Polhem
Rosario Lo Verde
Rosario Messina
Rosario Spatola
Ursula Cavalcanti
Ray Kassar
Ray Bowden
Ray Sharma
Hermione Way
Napoleone Martinuzzi
Ole Kirk Christiansen
Nancy Walton Laurie
Henk Bemboom
Johannes Honegger
Johannes Hage
Oscar Farinetti
Noel Furlong
Kim Kardashian
Harald Mahrer
Harald Christ
Harald Quandt
Harald Fissler
Harald von Bohlen und Halbach
Harald Frederik Dudok van Heel
Tore Ohlson
Guglielmo Tabacchi
Guglielmo Bravo
Guglielmo Walton
Mimmo Dei
Gerard Dewhurst
Gerry Patrick Hemming
Dennis Hof
Dennis Bemmann
Dennis Tito
Dennis Fong
Dennis Heck
Dennis R. Glass
Dennis Bakke
Facundo Bacardi
Rolf von Hohenhau
Rolf Lechner
Rolf Trauernicht
Rolf Hasenclever
Rolf Putziger
Rolf Bloch
Rolf Benz
Rolf Erb
Rolf de Maré
Gerry Campbell
Claire Watt-Smith
John Paul Getty III
John Paul Papanicolaou
Julius Sartorius
Julius Rosenwald
Julius Drewe
Julius Meinl
Levi Strauss
Julius Lederer
Frank Zamboni
Frank Bowden
Frank D. Robinson
Frank Jay Gould
Frank Rosenthal
Frank Abagnale
Frank Pearce
Frank Gannett
Frank Blake
Girolamo Manfrin
Girolamo Fazio
Nigel Robertson
Fiona Swarovski
Nigel Wilson
Pascal Kaufmann
Pascal Soriot
Stephen Marius Balzer
Rolando Martín
Marius Dufresne
Ravi Navlani
Nina Wang
Marina Berlusconi
Pamela Nicholson
Christopher Poole
Christopher D. Porter
Christopher Uriarte
Christopher Stanley Reeve
Christopher Stott
Chris Evans
Christopher Lambert
Christopher Sabec
William LeGate
Gus Mears
Gus Levy
Raymodn Girardon
Raymond Kurzweil
Ray Muzyka
Raymond Vahan Damadian
Ray Noorda
Raymond Gutierrez
Raymond Kwok Ping Luen<br><small></small>
Raymond Orteig
Boris Becker
Boris Popovič
Aristide Alafouzos
Boris Abramovič Berezovskij
Linda McMahon
Edward Elhanan Berry
Edward Gottlieb
Edward Samuel Rogers
Edward Atkinson
Lena Himmelstein
Ted Turner
Edward Hebern
Edward Doyle
Demi Lovato
Edward Johnson, III
Edward Williams
Teddy Mayer
Edward B. Rust, Jr.
Edward Moskal
Alice Walton
Trygve Gulbranssen
Imelda Marcos
Il'ja Žitomirskij
Javier Ybarra Bergé
Ron Huberman
Vera Bendel
Harry Robbins Haldeman
Harry Slatkin
Harry Culver
Harry Bracci Torsi
Gianfranco Andreoletti
Franco Serblin
Gian Maria Gabbiani
Alan Greenspan
Alan Shepard
Ernst Carstens
Ernst Schiess
Ernst Basch
Ernst Leuschner
Alan Shugart
Alan Pegler
Gian Mario Rossignolo
Gianfranco Librandi
Ernst Tanner
Gian Paolo Dallara
Ernst Leitz I
Ernst Denert
Ernst Froelich
Ernst Grumbt
Ernst von Sieglin
Ernest Bai Koroma
Giancarlo Minardi
Gian Marco Moratti
Gian Mauro Borsano
Gil Amelio
Ernst Albert Naether
Ernst Halberstadt
Gianfranco Nocivelli
Alan H. Tripp
Ernst Pein
Ernst Polsterer
Ernst Possel
Ernst Wilhelm Sachs
Ernst Leitz II
Gian Fulgoni
Alan Sugar
Ernst Behr
Ernst Borsig
Ernst Freiberger
Ernst Poensgen
Ernst Posselt
Ernst Sigle
Alan Sainsbury
Gian Silvestro Pulejo
Ernst Schmidheiny
Alexis Ohanian
Gudjon Mar Gudjonsson
James M. Jenness
James Maybrick
Werner Rey
James J. Hill
James C. Kennedy
James Gadsden
James Hogan
James Hazen Hyde
James Key Caird
James Caan
James Sinegal
James Forten
Werner H. Spross
James William Gibson
Werner Uebelmann
James Goodnight
Chris Evans
James Reynolds Bath
Jimmy Iovine
James Dyson
Diamond Jim Brady
James Watt
Werner Plappert
James Howard Marshall II
James A. Allison
James Broselow
James Buchanan Duke
James Roosevelt
Ernst Werner von Siemens
James Palumbo
James Drummond Dole
James Irsay
James Lanier
James Ward Packard
James Earp
James Pallotta
James L. Kraft
James McMillan
James Packer
James Smith McDonnell
Jim McNerney
James LeVoy Sorenson
James Ling
Jimmy Haslam
Werner Edelmann
Werner Kieser
James Nance
James H. Binger
James Sun
Giovanni Amati
Giovanni Volpi
Giovanni Lucentini
Giovanni Agnelli
Gianni Agnelli
Giovanni Andrea Gregorini
Giovanni Rana
Giovanni Michelotti
Giovanni Antonio Ambrosetti
Giovanni Caberlotto
Giovanni Ferrero (1964)
Giovanni Mazzucato
Giovanni Tritto
Giovanni Andrea Borromeo d'Adda
Giovanni Antonio Sanna
Giovanni Balella
Giovanni Battista Gallini
Giovanni Battista Imberti
Giovanni Battista Piazzoni
Giovanni Maggiò
Giovanni Salamone
Giovanni Silvestri
Giovanni Ceirano
Giovanni Battista Giorgini
Giovanni Battista Columbu
Giovanni Falck
Giovanni Batista Brentano-Cimaroli
Giovanni Battista Serpieri
Giovanni Battista Meneghini
Giovanni Battista Bottaini
Giovanni Maresca Donnorso di Serracapriola
Giovanni Treccani
Giovanni Colombo
Giovanni Alberto Agnelli
Giovanni Inzerillo
Giovanni Andrea Farina
Giovanni Ansaldo
Giovanni Audiffredi
Giovanni Battista Bibolini
Giovanni Borghi
Giovanni Giacomo Meyer
Giovanni Negri
Giovanni Ferrero
Giovanni Martinelli
Giovanni Bertone
Giovanni Malagò
Giovanni Battista Ceirano
Giovanni Battagio
Giovanni Battista Ansoldi
Giovanni Landini
Giovanni Marcora
Giovanni Rivara
Giovanni Arvedi
Giovanni Carlo Anselmetti
Gianni Lancia
Giovanni Bombrini
Giovanni Cottone
Giovanni Semeraro
Giovanni Mari
Claudio Castiglioni
Claudio Lotito
Claudio Grotto
Claudio Maria Castiglioni
Claudio Velardi
Claudio Cavazza
Claudio Sabatini
Claudio Fogolin
Claudio Osorio
Claudio Generali
Claudio Buziol
Rory Read
Kathy Ireland
Kathy Davis
Fritz Mandl
Fritz Augustus Heinze
Fritz Baare
Fritz Hopf
Fritz Ossberger
Fritz Beindorff
Fritz Gummert
Fritz Lenig
Fritz Marguerre
Fritz Baldauf
Fritz Walther
Maurizio Setti
Fritz Zimmerer
Fritz Gottlieb Pfister
Fritz Schiess-Forrer
Fritz Hardt
Fritz Amann
Fritz Bothmann
Fritz Rechberg
Fritz Schoellhorn
Maurizio Zamparini
Maurizio Rossi
Fritz Hoffmann-La Roche
Fritz Harney
Fritz Honsel
Fritz Selve
Fritz Hornschuch
Fritz Berg
Fritz Hurtzig
Maurizio Castagna
Maurizio Gucci
Maurizio Stirpe
Fritz Ludwig Neumeyer
Fritz Meyer-Fierz
Jo Lustig
Virgilio Alterocca
Virgilio Savini
Graziano Appiani
Virgilio Degiovanni
Troy Smith
Anna Fendi
Anna Kepe
Anna Maria Artoni
Catherine Barba Chiaramonti
Sandro Rosell
Sandro Biasotti
Pepín Bello
José de Salamanca y Mayol
Roy Raymond
Roy O. Disney
José María Núñez Piossek
José Alencar
José Luis Leal Maldonado
José Barroso Chávez
Beat Curti
Francesco Koristka
Francesco Becchetti
Francesco Gaetano Caltagirone
Francesco Ponte
Francesco Somaini
Francesco Carlà
Francesco Cimminelli
Francesco Glisenti
Francesco Gusi
Lo Bosworth
Francesco Illy
Francesco Coco
Francesco Cardella
Francesco Fossa
Franco Sensi
Leonardo Becchetti
Lauren Wildbolz
Francesco Bellini
Francesco Amadori
Francesco Giontella
Francesco Perlini
Francesco Curci
Francesco Di Stefano
Francesco Caltagirone Bellavista
Francesco Cirio
Francesco Finocchiaro
Francesco Ghirelli
Francesco Angelini
Lauren Pope
Abdullah bin Nasser bin Abdullah Al Ahmed Al Thani
Ellen Hollond
Ellen Johnson Sirleaf
Laurens Spethmann
Dana Brunetti
Dana White
Dana al-Salem
Dana Beth Ardi
Abel Minard
Øystein Aarseth
Tihomir Orešković
Henry De Thierry
Henry Ford II
Henry Kloss
Jonathan I. Schwartz
Henry Suermondt
Henry Clay Frick
Henry Kravis
Henry Clay Folger
Henry Rowan
Henry Norris
Henry Rogers
Henry Thrale
Henry T. Nicholas, III
Henry Morgenthau senior
Henry Kissinger
Henry Wells
Henry Samueli
Henri Deutsch de la Meurthe
Bill Gates
Henry Meiggs
Henry John Kaiser
Henry John Heinz
Henry Ford
Jonathan M. Manzi
Heinrich Steinweg
Henry Joy McCracken
Henry Royce
Jonathan Bell Lovelace
Henry Kremer
Henry Engelhardt
Henry Cole
Henry Varnum Poor
Jonathan Greenblatt
Volker Flick
Giuseppina Rizzoli Carraro
Isao Okawa
Serafino Ghizzoni
Hansjörg Wyss
Jesse D. Bright
Jesse H. Jones
Renato Soru
Renato Tagliani
Renato Turano
Renato Bacchini
Renato Pagliaro
Renato Cepparo
Renato Crotti
Renato Cardazzo
Renato Bialetti
Adalbert Schmitt
Adalbert Colsman
Maria Pia Gardini
Maria Montazami
Maria Bigarelli
Maria Clementine Martin
Adam Opel
Achille Nodari
Adam Dunkels
Adam Herbert
Adam Osborne
Adam Hildreth
Adam Khoo
Achille Gaggia
Adam Crozier
Achille Bertelli
Lisa Arie
Lisa Hoffman
Irmgard von Opel
Irmgard Spiess
Robin Li
Robin Wolaner
Samir Brikho
Robin Ingle
Rami Makhlouf <br>رامي مخلوف
Gloria di Schönburg-Glauchau
Gloria Trevi
Beatrice von Boch-Galhau
Vladimir Romanov
Vlad Filat
Vladimir Lisin
Ivo Valenta
Ivo Antonino Pilotto
Ivo Galletti
Carlos Reinhard
Carlos Ghosn
Carlos Herrera y Luna
Carlos Roberto Flores
Carlos Víctor Aramayo
Juan Carlos Wasmosy
Carlos Gutierrez
Carlos Cardona
Katie Targett Adams
Matt Ehrlichman
Matt Mullenweg
Matt Ficner
Matt Halprin
Hanno Goffin
Sabrina Kay
Warren Avis
Henri de Castries
Henri Fayol
Henri Chapron
Enrico Teodoro Pigozzi
Henri-Ferdinand Lavanchy
Henri Fierz
Henri Nestlé
Henri Crohas
François-Henri Pinault
Henri Proglio
Henri Devos
Henri de Bodinat
Dirk Markus
Henri Pahud
Chris Weitz
Chris Cohan
Chris Duke
Chris McCarron
Chris Núñez
Chris Evans
Chris Taylor
Chris Gero
Chris Hughes
Chris von der Ahe
Chris Alden
Chris Hulls
Chris Grigg
Chris Whittle
Holger Crafoord
Holger Timm
Holger Schlageter
Renzo Sclavi
Jenette Goldstein
Renzo Barbera
Renzo Del Ventisette
Renzo Rosso
Renzo Fossati
Renzo Bompani
Scott Bolzan
Scott Miller
Scott Disick
Scott Banister
Scott C. Donnelly
Scott P. Kurnit
Scott Gerber
Scott Waxman
Keith Wood
Keith Cochrane
Keith R. Kernspecht
Theophil Roniger
Theophil L’Orsa
Paris Hilton
Erin Ralph
Lewis Howes
Lewis J. Selznick
Ignazio Vincenzo Senese
Ignazio Florio
Artūras Visockas
Ignazio Cutrò
Ignazio Florio jr
Helge Seetzen
Satoshi Tajiri
Anselm Lossen
Hermann-Hinrich Reemtsma
Tina Knowles
Tina Sharkey
Gustav Adolf Ursprung
Gustav Lichdi
Gustav Laager
Gustav Pacher von Theinburg
Gustav Poensgen
Gustav Reiniger
Gustav Hiller
Gustav Platzhoff
Gustav Carsch
Gustav Lahusen
Gustav Schmalbach
Gustav Adolf Albert Hautle
Gustav Wiederkehr
Gustav Schaeuffelen
Gustav von Schoeller
Gustav Adolf Scheidt
Gustav Hoesch
Gustav Schnell
Gustav von Portheim
Gustav Brauer
Gustav Coppel
Gustav Rheinberger
Gustav Adolph von Schoeller
Gustav Blondeau
Gustav Adolf Pfleiderer
Hermann Eiselen
Hermann Einstein
Hermann Lattermann
Hermann Schmalenbach
Hermann Vering
Hermann Gruhl
Hermann Leube
Hermann vom Rath
Hermann Gruson
Hermann Voith
Hermann Stadtmann
Hermann Josef Werhahn
Hermann-Hinrich Reemtsma
Hermann Schnabel
Hermann Gerlinger
Hermann Reissner
Hermann Zahn
Hermann Geiger
Hermann Henrich Meier
Bettina Bougie
Seymour Stein
Corinna zu Sayn-Wittgenstein
Iain Conn
Ingo Maurer
Morten Lund
Hartmut Ostermann
Adolfo Orsi
Adolfo Menet
Adolfo Bogoncelli
Adolfo Mazza
Adolfo Domínguez
Julio Bozano
Julio Ariza
Sven Hotz
Sven Hamrefors
Shari Arison
Adolphe Vautier
Adolphe Merkle
Mauro Ventura
Darren Entwistle
Dariusz Miłek
Gaius Longinius Speratus
Barney Barnato
Erik Engstrom
Mike Burton
Mike Medavoy
Michael Duke
Michael Gatten
Mike Farmwald
Mike Todd, Jr.
Adnan Khashoggi
Mike Kelly
Mike Ilitch
Mike Costin
Jakub Kryštof Rad
Mona Best
Ingvar Kamprad
Titus Dittmann
Aidan Heavey
Mary Lou Jepsen
Mary-Kate Olsen
Mary Spio
Aldo Maria Brachetti Peretti
Aldo Garzanti
Aldo Davanzali
Aldo Mairano
Aldo Spinelli
Constant Vanden Stock
Hiroshi Yamauchi
Hiroshi Mikitani
Theodor Guilleaume
Theodor Mauritz
Theodor von Taussig
Theodor Klüber
Theodor Tobler
C.F. Theodore Steinway
Theodor Reinhart
Theodor Althoff
Theodor Offermann
Theodor Ahrenberg
Theodor Fahrner
Theodor Schlumberger
Gilbert Facchinetti
Ion Sturza
Oleg Novachuk
Oleg Vladimirovič Deripaska
Benno Danner
Benno Orenstein
Denise Austin
Denise Nurse
Adrian Künzi
Jack Dorsey
Jack Tramiel
Jack Rieley
Jack C. Massey
Jack Friedman
Jack Gentry
Guy Ritchie
Jack Ma
Jack Nadel
Jack Weiss
Guy Laliberté
Guy Kawasaki
Jack Swilling
Jack Trout
Jack C. Taylor
Jack Smith
Ben Woldring
Ben Parr
Ben Neumann
Ben Paris
Ben Branch
Ben Cohen
Ben Quayle
Ben Way
Gopal Vittal
Iman
Lucian Grainge
Björgólfur Thor Björgólfsson
Sheldon Adelson
Shigeo Ogawa
Ahmad Abdullah Juma Bin Byat
Adriana Fossa
Narciso Ceriotti
Maureen G. Mulvaney
Barry Diller
Lazzaro Ponticelli
Barry Meyer
Žarko Zečević
Massimo Pugliese
August Mittelsten Scheid
August Nattermann
August Lederer
August Pschorr
Augusto Abegg
August Walter
August von Miller zu Aichholz
August Goebel
August Oetker
August Habich
August Claas
August Friedrich Mouson
August Friedrich Timaeus
August Horch
August Zang
August Fritzsche
August Holz
August Nagel
August Rosterg
August von Rosthorn
August Dubbers
August Hoffmeister
August Weiß
August Raillard
August Basse
Derrick Ronald Sebagala
Denis Thatcher
Denis Le Guillou
Denis Ranque
Jedediah Strutt
Jorma Ollila
Jean-Luc Legrand
Jeannette H. Lee
Jane Seymour
Aurelio Peccei
Aurelio Grisanty
Horst-Dieter Esch
Horst Rahe
Horst Burbulla
Tarō Asō
Francesco Bonaventura di Baviera
François-Paul Journe
François Barrault
François Vaxelaire
François-Henri Pinault
François Jozic
François Hennebique
François Jacques de Larderel
François Joseph Fournier
François Coty
Marcelo Tinelli
Sōichirō Honda
Marcelo Odebrecht
Dermot Desmond
Ieuan Evans
Berthold Fischer
Berthold von Bohlen und Halbach
Kenneth Chenault
Kenneth M. Jacobs
Kenneth C. Griffin
Randy Lerner
Randy Pitchford
Tiit Vähi
Tino Hemmann
Bengt Baron
Bengt Erlandsson
Juozas Kazickas
Loïc Le Meur
Sara Murray
Philip Clarke
Eva Maria Roer
Philip Agee
Sir Philip Hampton
Philip Berber
Philip Henman
Philip Lader
Philip Odeen
Petro Oleksijovyč Porošenko
Philip Rosenthal
Philip Harris
Philip Rosedale
Philip Danforth Armour
Iris Fontbona
Nino Donati
Nino Cerruti
Eddie Kelly
Nino Rovelli
Nino Medioli
Joško Godec
Julija Tymošenko
Josiah Wedgwood
Ivana Trump
Ute Hofmann-Auhagen
Ivan Glasenberg
Ivan Ruggeri
Ivan Amodei Magician
Melissa Pierce
Ivan Levinstein
Ivan J. Parron, Esq.
Ivan Bloch
Melissa Joan Hart
Edmund Richardson
Edmund Gressel
Edmund Meinel
Umberto Panini
Alejandro de Tomaso
Umberto Emo Capodilista
Umberto Klinger
Umberto Paolucci
Umberto Quadrino
Alejandro Nadur
Umberto Agnelli
Umberto Trabattoni
Tyler Winklevoss
Tyler Barnett
Umberto Ortolani
Umberto Pomilio
Hugh Loebner
Hugh Grant
Hugh J. Chisholm
Silvia Brand
Bernd Monheim
Bernd Schuppener
Bernd Ehinger
Vegard Heggem
Magdalena Martullo-Blocher
Hannelore Greve
Pau Masó
Jörg Eugster
Kate Spade
Detlef Prinz
Detlef Hegemann
Elena Baturina
Bo Andersson
Bo Peabody
Johnny Kitagawa
Johnny Lombardi
Wolfgang Lehmacher
Willy Bogner
Wolfgang Wagner
Wolfgang Reitzle
Karl Sarasin
Wolfgang Peter Geller
Willy Daetwyler
Willy Michel
Elizabeth Arden
Elizabeth Charnock
Dan Dascalescu
Dick Gregory
Dan Bricklin
Dan Demole
Kazuo Hirai
Dan Serfaty
Dan Amos
Dan Evins
Dan Goldstein
Dan Lurie
Vehbi Koç
Dick Morris
Dick Clark
Kerry S. Harris
Dick Rosenzweig
Dan Olofsson
Angelica Pegani
Karen Agustiawan
Doug McMillon
Domenico Lucente
Carl Heinrich Arnold
Carl Gottlob Bohm
Carl Schill
Karl Reichenbach
Carl Paul Goerz
Carl Albert Schiffers
Domenico Melegatti
Carl Clemm
Carl Emil Buchholz
Carl Friedrich Wilhelm Meister
Carl Heinrich Florenz Müller
Carl Laeisz
Carl Linga
Carl Metz
Carl Timmerman
Carl Wenglein
Carl-Heinrich von Gablenz
Domenico Dolce
Heinrich-Carl Hedrich
Carl Laemmle
Carl Kellner
Carl von Siemens
Carl Menzel
Karl-Heinz Kipp
Carl Brendgen
Carl Friedrich Gademann
Carl Hostmann
Carl Samuel Haeusler
Carl Spaeter
Domenico Grimaldi
Carl Walther
Domenico Canale
Carl Beuermann
Domenico La Cavera
Carl Lindner, Jr.
Carl Haas
Carl Zeiss
Carl von Opel
Carl Eschebach
Carl Friedrich August Fischer
Carl Rinsch
Johan Masreliez
Carl-Henric Svanberg
Carl Bamberg
Carl Burgeff
Carl Deffner
Carl Frederik Tietgen
Carl Gottfried Haentze
Carl Reininghaus
Carl Warhanek
Carl Heinrich Theodor Knorr
Domenico Costanzi
Domenico Gullaci
Domenico Noviello
Domenico Piacentino
Carl Johan Freer
Carl Bozi
Carl Laemmle Jr.
Carl Leopold Netter
Carl Rabitz
Carl Rumpff
Carl Schwenk
Carl Karcher
Carl Westcott
Carl Franz Bally
Carl Albrecht Delius
Carl Gottlieb Haubold
Carl Hahn senior
Carl Lueg
Carl Still
Carl Vering
Domenico Agusta
Violeta Bulc
Carl Gruhl
Carl Elsener junior
Carl Elsener senior
Christa Moering
Dino Gavina
Dino Viola
Patricia A. Woertz
Patricia Reyes Spíndola
Dino Bruseschi
Dino Manuzzi
Rafīq al-Ḥarīrī
Taichi Yamazaki
Esther Afua Ocloo
Amina Hersi Moghe  <br> أمينة موجي هرسي
Pavel Smutný
Paolo II Demidoff
Pavel Michajlovič Tret'jakov
Romana Zrnec
Douglas Flint
Douglas Tompkins
Pius Strobl
Eden Fumagalli
Douglas Steenland
Douglas Roos
Doug McMillon
Ted McCarty
Ted Field
Ted Turner
Ted Hamilton
Ted Price
Ronald Perelman
Ronald Hovsepian
Ron Dennis
Ronald Wayne
Ronald Spogli
Ronald Singson
Ove Andersson
Roswitha Augusta
Joseph-Frédéric-Benoît Charrière
Joseph Whitworth
Joe Profaci
Joseph Engelberger
Joseph Pilates
Joseph-Armand Bombardier
Joseph Jimenez
Joseph Paris Duverney
Joseph Besset
Joseph Süß Oppenheimer
Joseph Anton von Maffei
Joseph Aspdin
Joseph Choquard
Joseph C. Wilson
Joseph Mears
Joseph Whitaker
Joseph Wharton
Joe Kehoskie
Joseph H. Ball
Joseph Corré
Joey Primiani
Joseph Newton Pew
Joseph S. Sporn
Joseph M. Tucci
Fred Scarf
Fred C. Koch
Fred Joyal
Fred Zollner
Fred Kavli
Fred Agnich
Fred Federspiel
Laura Scudder
Laura Arrillaga-Andreessen
Corrado Frera
Corrado Ariaudo
Corrado Ferlaino
Richard Li
Richard Blumenfeld
Richard Penrose
Richard Gruner
Richard von Rheinbaben
Ralf Metzenthin
Richard Cocks
Richard Lange
Richard Staudt
Richard M. Schulze
Richard Palmer
Dr Ralf D. Speth
Richard Borden
Richard Broadbent
Richard K. Davis
Richard La Ruina
Richard Sprüngli
Richard Sichler
Richard Samuel Elman
Richard Arkwright
Richard Wilson
Moby
Riccardo II di Sayn-Wittgenstein-Berleburg
Richard Hellmann
Richard Spohn
Richard Zschille
Richard Branson
Richard Harding
Richard Bass
Richard Lichtenstern
Rich Templeton
Richard E. Meyer
Richard J. Kramer
Richard Rakowski
Richard Solomons
Richard Dietrich
Richard DeVos
Richard Theiler
Richard Römer
Richard Toepffer
Richard Arkwright Junior
Richard Driehaus
Richard Fairbank
Richard Prout
Richard Thalheimer
Richard Warren Sears
Richard Shawn McKenzie
Richard Aleas
Richard Gore Brabazon Davids
Richard Rosenblatt
Ola Ahlvarsson 220px
Ángel Ramos
Niki Lauda
Willemijn Verloop
Beppe Garella
Carmine De Martino
Aaron Fechter
Aaron Russo
Aaron Lawrence
Aaron Lopez
Aaron Levie
Aaron Willard
Alyssa LaRoche
Alvydas Banys
Ingrid Auer
Bonaventura Lamacchia
Francesc Miró-Sans
Gerard Swope
Gerard Dewhurst
Gerard Adriaan Heineken
Gerard Philips
Luis Brabo
Luis Noboa Naranjo
Luis Zuegg
Luis Ibarra Landete
Luis Ventura
Hugo Boss
Hugo Eckener
Hugo Buderus
Hugo Vandamme
Hugo Bremer
Hugo Cassirer
Hugo Hermann Stinnes
Hugo von Hoesch
Hugo Stephenson
Hugo Hoffmann
Hugo Auvera
Hugo Haniel
Hugo Popper
Hugo Adolph Steinheil
Hugo Asbach
Jimmy Wales
Hugo Rupf
Hugo von Maffei
Lambert Hofer senior
Amy Pascal
Wallace K. Harrison
René Italo Ricolfi Doria
Eberhard Radisch
René Weller
Sigmund Lindauer
René Angélil
Sigmund Aschrott
René Benko
René Lacoste
Ed Romanoff
Sigmund Zois
Eberhard Bauer
Eberhard Layher
Eberhard Winkhaus
Ed Anuff
René Steichen
René C. Jäggi
Sigmund Bergmann
Chad Hurley
Valentin Lacambre
Jamie Aristotle b. Alip
Valentin Supan
Marta Turk
Valentin Linhof
Gaspare Campari
Edy Vessel
Bruno Falck
Hans B. Bauerfeind
Bruno Piazzese
Bruno Visentini
Bruno Beccaria
Mathias Pierre
Quinn Cummings
Oreste Ruggeri
Tommy Norden
Oreste Simonotti
Tommy Ahlers
Alireza Salehi Nejad
Fabio Calzavara
Arthur Ochs Sulzberger, Jr.
Fabio Di Celmo
Fabio Massimo Cacciatori
Fabio Rossello
Arthur E. Andersen
Arthur Guinness
Arthur Meyerhoff
Fabio Riva
Fabio Cavalli
Arthur Nordlie
Art Modell
Arthur Nielsen
Arthur Ryerson
Arthur Blank
Arthur Murray
Arthur Ernesto Darboven
Arthur Pfungst
Fabio Meroni
Fabio Perini
Arthur Bally
Arthur Katalayi
Jolin Tsai
Dylan Lauren
Edgar Bronfman, Sr.
Edgar J. Kaufmann
Edgar Hoeppener
Enoch Brunschweiler
Gary Tharaldson
Gary Heavin
Gary Vaynerchuk
Gary C. Kelly
Norbert Reithofer
Ioan Neculaie
Kazimierz Sabbat
Juan Trippe
Juan Carlos Varela
Juan Culiolo
Sebastián Piñera
Juan Manuel Fangio
Juan Carlos Wasmosy
Gennaro Auricchio
Dean Drako
Rob Jones
Dean White
Dean Kamen
Rob Pardo
Rob Lewis
Sébastien Érard
Enzo Raisi
Enzo Casalini
Enric Martí i Carreto
Enzo Ferrari
Fabrice Brégier
Fabrice Rouzier
Lina Pfaff
Lori Greiner
Lori Dennis
Walter Chrysler
Craig Robins
Roman Haller
Craig Venter
Chloe Sims
Rachel Ashwell
Roman Atwood
Craig McCaw
Roman Abramovič
Rachel Elnaugh
Craig Newmark
Craig Mitnick
Craig Steven Wright
Kwok Ping-sheung, Walter<br><small></small>
Walter Jeremiah Sanders III
Walter-Wilhelm Cramer
Walter Bechtler
Walter Kotaba
Walter Donald Douglas
Walter Psenner
Walter Gerber
Walter Taccone
Walter Haefner
Walter Chrysler
Walter Viaro
Walter Mäder
Walter Boveri
Wally Hickel
Walter Owen Bentley
Walter Reist
Walter Kennedy
Walter Herschel Beech
Walter De Rigo
Walter Stierli
Walter De Brouwer
Walter J. Husak
Walter Flanders
Antonino Polifroni
Jason Calacanis
Jason Lucash
Ignazio e Antonino Salvo
Jason Hewett
Jason Gould
Antonino Pulvirenti
Jason L Baptiste
Jason Lee
Eugene Gonsalves
Eugene Polley
Eugene Stoner
Bradley Inman
Dominique Delport
Kim Kardashian
Augustine Heard
Leszek Czarnecki
Colin Tan
Colin Chapman
Colin Larkin
Colin Cowie
Bartolomeo Riva
Margot von Gans
Victor Feliksovič Veksel'berg
Pier Silvio Berlusconi
Victor Laager
Victor Ubogu
Silvio Arrivabene Valenti Gonzaga
Silvio Sacco
Victor Lwowski
Victor Muller
Silvio Berlusconi
Silvio Gesell
Silvio Scaglia
Victor Hammer
Victor Chandler
Silvio Benigno Crespi
Silvio Barbieri
Victor Kiam
Florence Sender
Vanessa Gonçalves
Sharon Shobha Devi Lingham
Jacques Servier
Jacques Vandier
Jacques Nasser
Jacques Cœur
Jacques Bignan
Elio D'Anna
Toni Hilti
Gavin Miles McInnes
Ken Olsen
Ken Powell
Ken Blanchard
Ken Bates
Francesca Sterlacci
Enno Walther Huth
Ann Kirschner
Ann Cotton
Ann Walton Kroenke
Tihomir Orešković
Tim Gill
Tim Leberecht
Tim Berry
Tim Seymour
Tim Stimpson
Feodor Wilisch
Janez Ribič
Leonard Bosack
Leonard Lauder
Leonard Swanenburg
Leonard Goldberg
Leonard Monheim
Leonard Williams
Leonard Shoen
Emma Schmelz
Yves Zuber
Yves-Thibault de Silguy
Yves Béhar
Micaela Almonester, Baroness de Pontalba
Yves Guillemot
Nicola Romeo
Nicola Della Casa
Nicola Giuseppe Dallorso
Chuck Gallagher
Nicola Fusillo
Nicola Grauso
Fredrik Idestam
Nelson Bunker Hunt
Eli Whitney
Guilherme Leal
Stig Anderson
Alain Salzman
Alain Bernardin
Alain Deneef
Noam Lanir
Ercole Marelli
Ercole Belloli
Gregory Olsen
Gregory R. Page
Gregory Kohs
Maarten Dirk van Renesse van Duivenbode
Tha Hotshot
German Khan
Severin Heusch
Julia Chanel
Severin Schindler
Shane McMahon
Tamara Kotvalová
Tammy Faye Messner
Evangelis Zappas
Tamara Desni
Abigail Folger
Peter Stas
Peter Haas
Peter Brodersen
Peter Sandrart
Peter Dietz
Peter Sauber
Peter Thiel
Peter Stenger
Peter Bion
Peter Brabeck-Letmathe
Peter Adolph Rudolph Ibach
Peter Reininghaus
Pierre Durand
Peter H. Diamandis
Peter Cooper
Peter Schaufler
Peter Gottlob
Peter Nicholas
Peter Hargreaves
Peter George Peterson
Peter Dietrich Rath
Peter Bally
Peter Paul Gaedt
Peter A. Darnell
Peter S. Kalikow
Peter Wentz
Peter Monteverdi
Peter Pflaum
Peter Emil Huber-Werdmüller
Peter Fritz
Peter Jones '''CBE'''
Peter Roizen
Peter Simmel
Peter Hartman
Peter Grauer
Peter Herdic
Peter Servauter
Pete Najarian
Peter Ragone
Nicolaus Darboven
Friedhelm Dornseifer
Nevio Skull
Oscar Ghez
Heidi Cortez
Oscar Weber
Heidi Klum
Oscar Stalf
Oscar F. Mayer
Oscar Ravà
Oscar Henschel
Anne Geddes
Anne Searls De Groot
Anne Carine Tanum
Anne Lauvergeon
Wayne Rogers
Francis Mer
Francis Harrington Glidden
Francis Buchholz
Francis Bannerman VI
Wayne Chang
Paloma Picasso
Heinrich Halbisen
Heinrich Ortgies
Heinrich Arzt
Carl-Heinrich von Gablenz
Heinrich-Carl Hedrich
Heinrich Basse
Heinrich Hische
Heinrich Landis
Heinrich Manderman
Heinrich Retzmann
Heinrich von Opel
Heinrich Berolzheimer
Heinrich Blanc
Heinrich Georg
Heinrich Honegger
Heinrich Hornschuch
Heinrich Grandi
Heinrich Kamp
Heinrich Hüni
Heinrich Ernemann
Heinrich Güttinger
Heinrich Handschin
Heinrich Manz
Heinrich Pellenz
Heinrich August Schoeller
Heinrich Grimberg
Heinrich Lahusen
Heinrich Neuerburg
Heinrich Ohlendorff
Heinrich Büssing
Heinrich Hebborn
Heinrich Adolf Dresler
Heinrich Lueg
Heinrich Schlieper
Heinrich Schuh
Helene Lohmann
Hansi Voigt
Noelle Reno
Oksana Kolesnikova
Udo van Meeteren
Filipe Nyusi
Kamran Elahian
Joel Breton
Joel Dehlin
Joel Glazer
Ante Šupuk
Jean-François van Boxmeer
Alfio Marchini
Alfio Bardolla
Emil Schandein
Emil Rathenau
Egon Herbert Harms
Emil Ladenburg
Emil Frey
Emil Langen
Emil Lux
Emil Ziehl
Emil Lerp
Emil Oelbermann
Emil Haefely
Emil Pfeifer
Emil Quandt
Emil Jellinek
Emil Mathis
Emil Škoda
Egon Gindorf
Emil Bürgin
Emil Grohmann
Emil Reinhard
Emil Guilleaume
Szvetics Emil
Emil Cordes
Emil Müry
Emil Capitaine
Aloisio Costantino di Löwenstein-Wertheim-Rosenberg
Alois Langer
Georg Manasse
Georg von Opel
Georg Luger
Georg Michael Pfaff
Georg Hubmer
Georg Martin Doertenbach
Georg Salvamoser
Georg Spohn
Georg Loos
Georg Endress
Georg Fischer
Georg Hipp
Georg Leinfelder
Georg Neuhofer
Georg von Caro
Georg Zacharias Platner
Georg Schaeffler
Georg Heinrich Noell
Georg Friedrich Grohe
Georg Neumann
Georg Carl Hahn
Georg Christof Reinhart
Georg Duffner
Georg Friedrich Henning
Georg Grammer
Georg Heinrich Macheleid
Georg Rieper
Georg Soenderop
Georg Birk
Georg Friedrich Schmitt
Georg Carl Lahusen
Georg Seibt
Georg Sorge
Heinz-Georg Baus
Georg Strauss
Georg Repsold
Lei Jun
Melanie Chisholm
Dario Maraschin
Albin Breitenmoser
Franziska Dosenbach
Bülent Eczacıbaşı
Ross Perot
Ross Reynolds
Ross Mayfield
Fridolin Glarner
Teresa Heinz
Fridolin Gallati
Fridolin Staub
Frauke Petry
Leo Kirch
Leo Statz
Leo Maximilian Baginski
Leo Morandi
Leo Gerstenzang
Leo Kahn
Leo Wanta
Leo Stoller
Ernest Oppenheimer
Kevin Carl Scholz
Kevin Tsujihara
Kevin Systrom
Kevin Rivers
Ernest Bai Koroma
Ernest Goldberger
Ernest De Boever
Kevin Roberts
Mariano Dallapè
Anno Lauten
Raimondo Targetti
Christiane Underberg
Albert Haasemann
Albert Rhomberg
Bruce Dickinson
Albert Pietzsch
Albert Natalis
Albert Cramer
Albert Bote
Albert Ottenheimer
Albert Grossman
Bruce Henderson
Albert Gubay
Albert Favarger
Albert Hirth
Bruce Claflin
Albert Lohner
Albert Latz
Albert Darboven
Albert Berner
Albert Ballin
Albert Lasker
Albert Brinzinger
Albert Held
Albert Plesman
Albert Heusch
Albert Rudolf Ibach
Albert Jucker
Albert Heijn
Albert Russel Erskine
Albert Beckford Jones
Albert Black
Albert Luce
Telman Ismailov
Fernanda Lima
Shabnam Rezaei
Fernand du Chene de Vere
Fernand Pouillon
Gerda Siemer
Lou Barletta
Frederick W. Smith
Frederick Stark Pearson
Lou Zocchi
Frederick Rentschler
Frederick Lanchester
Victoria Beckham
Victoria Principal
Nicki Minaj
Angus Ogilvy
Caterina Fake
Vito Lomele
Vito Guarrasi
Carmen Lomana
Carmelo Costanzo
Carmen Busquets
Jaroslav Strnad
Tha Hotshot
Leone Concato
Tullio Abbate
Omicidio di Leon Klinghoffer
Leon Gouin
Tullio Campagnolo
Claudia Wells
Nikos Galis
Brad Handler
Claudia Bermúdez
Brad Feld
Brad Hall
Brad Pelo
Brad Templeton
Masaru Ibuka
Brad Hunstable
Brad Keywell
Brad Wardell
Kenny Rogers
Jean-Michel Aulas
Cevat Yerli
Alexander Mackenzie
Alexander Seiler I.
Alexander Abramov
Alexander M. Cutler
Alexander Straub
Alexander Knuchel
Alexander Mashkevitch
Alexander Putilov
Alessandro Nicosia
Jean-Claude Brouillet
Pablo Isla
Pablo Kleinman
Ville Miettinen
Louis Chevrolet
Louis Stern
Louis Krages
Louis T. Leonowens
Louis Sabin
Louis Philipp Friedmann
Louis Renault
Louis Bauermeister
Louis De Geer
Aniceto Arce
Louis Bonnefon Craponne
Louis Piette
Louis Baare
Meryem del Marocco
Oluf Nicolai Roll
Gulnara Karimova
Stéphane Richard
Niklas Zennström
Ferdinand Sigg
Ferdinand Traugott Flinsch
Ferdinand von Colloredo-Mannsfeld
Ferdinand Porsche
Ferdinand Piëch
Marcus Goldman
Nicoletta Spagnoli
Marcus Daly
Ferdinand Adolf Naeff
Ferdinand Schumacher
Ferdinand Marcos
Ferdinand de Lesseps
Marcus Garvey
Ferdinand Linzenich
Ferdinand Czeiczner
Fran Cotton
Ferdinand N. Kahler
Ferdinand Anton Ernst Porsche
Ferdinand Didier
Marcus Lamb
Asa Griggs Candler
Ferdinand Selle
Ferdinand von Steinbeis
Salvatore Palazzotto
Salvatore Ligresti
Ginni Rometty
Salvatore Tomaselli
Salvatore Naldi
Salvatore Capezio
Clarence Cazalot
Samantha Daniels
Nicholas Berg
Nicholas Schenck
Nicholas Kove
Nicholas Tse
Simeon Gannett Reed
Simeone Di Cagno Abbrescia
Cadwallader C. Washburn
Bret Clifton Gilliam
Monte Lipman
Günther Quandt
Maurice Lévy
Maurice Kanbar
Alfred Breuninger
Alfred Hugenberg
Alfred Escher
Alfred Vogel
Alfred Theodor Ritter
Alfred Beit
Alfred Sloan
Frans van Houten
Alfred Preußner
Alfred V. du Pont
Alfred Wiesner
Alfred Lion
Alfred Vanderstegen
Alfred Mannesmann
Alfred Nobel
Dara Khosrowshahi
Alfred Goldenberg
Alfred Merton
Alfred Carlton Gilbert
Alfred I. du Pont
Alfred Leonhard Tietz
Alfred Peet
Frans Indongo
Alfred Müller-Stocker
Rodolfo De Benedetti
Rodolfo Crespi
Rodolfo Debenedetti
Erle P. Halliburton
Klaus-Michael Kühne
Asif Ali Zardari
Sir Thomas Blane Hunter
Tom Carvel
Tom Mockridge
Shankar Narayanan
Tom Matlack
Syed Mokhtar Al-Bukhary
Savino Tesoro
Bidzina Ivanishvili
Suhas Gopinath
Tom Monaghan
Tom Mursell
Tom Thurlow
Tom Werner
Tom Sims
Charles Frédéric Bassenge
Charles Xue
Charles Liebmann
Charles Rolls
Charles H. Ferguson
B. C. Forbes
Charles Gargano
Charles W. Robinson
Charles K. Kao
Charles Ranlett Flint
Charles de Ganahl Koch
Charles F. Brush
Charles Gerstenberg
Charles James Denton
Charles Forte
Charles Crocker
Charles Geschke
Charles Sirois
Charles Merrill
Charles Rebozo
Charles W. Nash
Charles Bedaux
Charles G. Conn
Charles Sanderson
Charles Pfizer
Charles-Moïse Briquet
Charles Louis de Maere
Charles Zhang
Charles Loiseau-Pinson
Charles Paterno
Charles Eisler
Charles Philipon
Charles Allen Thomas
Charles Ergen
Carlo, principe di Galles
Charles Boycott
Charles Dow
Charles Melville Hays
Charles Lewis Tiffany
Charles Howard
Charles Hislop
Charles T. Hinde
Charles Nieuport
Evelin Banev
Pancho Campo
Rómulo O'Farrill
Jacob Schmidheiny
Jacob W. Davis
Hamdi Ulukaya
Johann Jacob Schweppe
Jacob Wallenberg
Jacob Bartholome Rittmeyer
Jacob Broom
Stanley Dashew
Álvaro Arzú
Álvaro Colom Caballeros
Stanley Ho
Igor Campedelli
Igor Sechin
Iginio Straffi
Andrus Ansip
Fátima Lopes
Abílio Diniz
Jawed Karim
Ini Assmann
Anand Mahindra
George Leite
Bertrand Weber
Mario Negri
Mario Galbusera
Mario Buccellati
Mario Cervati
Agneta Matthes
Mario Pescante
Mario Cecchi Gori
Mario Moretti Polegato
Mario Pavesi
Mario Rendo
Mario Tadini
Mario Ciancio Sanfilippo
Mario Riccardi
Mario Prada
Mario Formenton
Mario Veronesi
Giancarlo Abete
Giancarlo Morbidelli
Giancarlo Stucky
Generoso Pope
Giancarlo Giammetti
Giancarlo Parretti
Giancarlo Cito
Giancarlo Lombardi
Giancarlo Martini
Paxton Baker
Otavio Good
Merrill A. Miller, Jr.
Telesforo Fini
Alceo Pastore
Alceste Borella
Giotto Bizzarrini
Giovanni Battista Serpieri
Giovanni Battista Bottaini
Gianmario Gabetti
Tadashi Yanai
Olga Zanders
Olga Fiorini
Attilio Prevost Sr.
Attilio Romanò
Battista Pisa
Attilio Prevost Jr.
Attilio Bignasca
Azzurra Di Donato
Battista Farina
Attilio Monti
Attilio Odero
Berardo Taraschi
Berardo Cittadini
Caleb Chapman
Bono
Dominatore Mainetti
Husayn al-'Uwayni
Les Wexner
Henson P. Barnes
Archimede Seguso
Leslie Moonves
Ivanhoe Lo Bello
Romain Zaleski
Azim Premji
Canio Giovanni Mazzaro
Aldobrando Medici Tornaquinci
Ami James
Diego Penocchio
Howard R. Hughes, Sr.
Howard Stringer
Diego Portales
Diego Masi
Diego Mosna
Howard Graham Buffett
Howard W. Koch
Howard Hughes
Howard Schultz
Diego Della Valle
Diego de Sterlich Aliprandi
Jerry Wald
Jerry Yang
Jerry Baldwin
Jerry Moss
Lamar Hunt
Jerry Rubin
Jerry Colangelo
Jerry Mathers
Siegfried Loch
Siegfried Richter
Radim Jančura
Kelly King
Kelly King Anderson
Libero Grassi
Lapo Elkann
Arnold Hugo Ingen Housz
Arnold Fibiger
Arnold Stiller
Arnold von Guilleaume
Arnold Münch
Arnold Hufenus
Arnold Schwarzenegger
Arnold Schweitzer
Arnold Rimpau
Arnold de Ville
Arnold W. Donald
Arnold Staub
Argentina Hills
Piero Pirelli
Piero Luxardo
Piero Lardi Ferrari
Piero Bassetti
Piero Camilli
Potito Randi
Piero Ginori Conti
Cino Del Duca
Damon J. Smith
Lino Dainese
Lino Spagnoli
Lino Zanussi
Lino Pasquali
Seth Godin
Seth Bullock
Seth Flowerman
Santo Versace
Ryan Blair
Ryan M. Lance
Ryan Dancey
Sidney Brown
Sidney Frank
Cameron Winklevoss
Elle Macpherson
Egisto Paolo Fabbri
Edilio Raggio
Stelio Belletti
Vittorio Merloni
Vittorio Colao
Vittorio Emanuele di Savoia
Vittorio Paravia
Vittorio Malacalza
Lynn Jurich
Vittorio Cecchi Gori
Vittorio Ducrot
Vittorio Cini
Fermo Corni
Frediano Manzi
Nerio Alessandri
Orfeo Pianelli
Tyra Banks
Torquato Ciriaco
Steno Marcegaglia
Casey Neistat
Simon Reuben
Simon Murray
Simon Arzt
Simon Morris
Simon Dolan
Simon Sunatori
Simon Guggenheim
Vinzenz von Miller zu Aichholz
Simon Friedrich Schill
Vinzenz Sterz
Simon Peckham
Pierluigi Zappacosta
Gaetano Graci
Gaetano Ceschina
Gaetano Lanfranchi
Gaetano Grasso
Gaetano Saffioti
Gaetano Caltagirone
Jean Lowrie-Chin
Jimmy Wales
Jimmy Walter
Yvette Mimieux
Carlo Barsotti
Carlo De Benedetti
Carlo Caracciolo
Carlo Erba
Ileana Sonnabend
Carlo Borsari
Carlo Esterle
Carlo Masseroni
Carlo Siber Millot
Carlo Giersch
Carlo Magri
Carlo Menon
Carlo Pignatelli
Carlo Pratichetti
Carlo Lavezzari
Francis Lombardi
Carlo Ginori
Carlo Revelli
Carlo Adamoli
Carlo Bertozzi
Carlo Bombrini
Carlo Dell'Acqua
Carlo Formenti
Carlo Vichi
Carlo Leopoldo Lualdi
Carlo Guzzi
Carlo Gatti
Carlo Toto
Carlo von Opel
Carlo Gatto
Carlo Alessi
Carlo De Medici
Carlo Antonini
Carlo Carnazza Puglisi
Carlo Visconti di Modrone
Isabel dos Santos
Luigi Dalla Costa
Luigi Brugnaro
Luigi Bolmida
Luigi Krumm
Luigi Castoldi
Luigi Corioni
Luigi Lucchini
Luigi Marzoli
Luigi Storero
Luigi Zunino
Luigi Chinetti
Luigi Porro Lambertenghi
Luigi Canzi
Luigi Ceriani
Luigi Tinelli
Joanna Przetakiewicz
Luigi Lavazza
Luigi Caflisch
Luigi Candiani
Luigi Chiozza
Luigi Merello
Luigi Orlando
Luigi Ridolfi Vay da Verrazzano
Luigi Abete
Luigi Amato
Luigi Edoardo Frisoni
Luigi Sessa
Luigi Battei
Luigi Capri Cruciani
Luigi Cremonini
Luigi Nocivelli
Luigi Pallaro
Luigi Berlusconi
Mikhelson, Leonid
Lorenzo Rossi di Montelera
Lorenzo Bini Smaghi
Lorenzo Sassoli de Bianchi
Mustafa Zarti
Sonja Bernhardt
Sonja Buholzer
Hannu Rajaniemi
Romolo Vaselli
Omar Amanat
Omar Hijazi
Sacha Wigdorovits
Blake Mycoskie
Mel Pervais
Bobby Yazdani
Bobby Hollander
Jennifer N. Pritzker
Jennifer Sevilla
Jennifer Lopez
Jennifer Flavin
Abdulsalam Haykal<br>عبد السّلام هيكل
Bonnie Zacherle
Akihiro Hino
Albertus Ohlendorff
Arnaldo Salatti
Arnaldo Piccinini
Arnaldo Pocher
Artur Braun
Artur Virgílio Alves dos Reis
Ashfaq Ishaq
Artur Fischer
Artur Dębski
Atsushi Inaba
Angela Beesley Starling
Angela D'Onghia
Roger Crochet
Roger Lambrecht
Roger Gould
Roger Samuelsson
Roger von Boch-Galhau
Roger Rocher
Roger Wheeler
John H. Shary
John Boehner
John Bradshaw Layfield
John Jacob Astor I
John Munro Longyear
John Jacob Astor IV
John DeLorean
John Rabe
John Wesley Hyatt
John Hancock
John T. Walton
John Mackey
John Matthews
John C. Malone
John Studebaker
John Wesley Emerson
John Bryson
John Davison Rockefeller III
John H. Johnson
John Jacob Bausch
John P. Surma
John Julius Angerstein
John Aristotle Phillips
John Safer
Jackie Stewart
John P. Bauer
John Chambers
John Fitch
John Kluge
John D. Kobs
John Richard Simplot
John Brown
John Timu
John Philip Holland
John Hollins
John Francis Dodge
John Warnock
John White
John Stumpf
John Tams
John Shively Knight
John Pierpont Morgan
John Davison Rockefeller
John Boyd Dunlop
John Donahoe
John Elkann
John Seward Johnson II
John Lombe
John Cockerill
John Moody
J. Willard Marriott
John Casablancas
John Franklyn Mars
John Brendan Kelly Sr.
John Logie Baird
John Baker
John C. Lechleiter
John Dolbeer
John Gray
John Payne
John Templeton
John Thain
John Franklin Enders
John Henry Davies
John Sargent Pillsbury
John Eales
John Geloso
John Tschohl
John Paul Papanicolaou
John A. Snively
John Goscha
John I. Beggs
John Motley Morehead III
John Ivan Tiner
John S. Watson
John Schnatter
John Roberts
John Clay Wolfe
John F. Dryden
John D. Spreckels
John Fogelman
John Henry Silva
John Picard
John Strangfeld
Sir John Peace
Paul Gutjahr
Paul Edgar Philippe Martin
Paul Eduard von Schoeller
Paul Friedhoff
Paul Revere
Paul Marciano
Paul Deneve
Paul Raymond
Paul Terrell
Paul Lemmerz
François-Paul Journe
Paul Polman
Paul Valadon
Paul Trevor Collard
Paul Galvin
Paul G. Blazer
Paul Habibi
Paul Decauville
Paul von Bleichert
Paul Spinat
Paul Van Malderen
Paul Stoddart
Paul Wilbur Klipsch
Paul Gredinger
Paul Crompton
Paul Koehler
Paul Pacher von Theinburg
Paul von Gans
Paul Bulcke
Paul Vanden Boeynants
Paul Rusesabagina
Paul Allen
Paul Ditisheim
Paul Hermelin
Paul Landenberger
Paul Rohde
Paul Newman
Paul Van Doren
Paul Teutul, Sr.
Paul Lechler
Paul Tritscheller
Paul Carsch
Paul Mellon
Paul Cornell
Paul Bezanson
Paul Sarkozy
Paul Revere Braniff
Paul Tyma
Paul Mamroth
Paul Otto Pfleiderer
Paul Adolf Bamberg
Franz Josef Popp
Franz Anton Egells
Franz Clouth
Franz Dominicus Brentano
Franz Gerstner
Franz Paul von Herbert
Franz August Mammen
Franz Brandts
Franz Humer
Franz von Rosthorn
Franz Joseph Dietschy
Franz Anton Dreher
Franz Carl Guilleaume
Franz Ferdinand Greiner
Franz Itting
Franz Liebieg
Franz San Galli
Francesco Guglielmo di Prussia
Franz Eduard Erpf
Franz Hafferl
Franz Kostner
Franz Xaver Wührer
Franz Egon von Boch-Galhau
Franz Pieler
Franz Preidl von Hassenbrunn
Gabriele Pagliuzzi
Franz Colruyt
Andreas Dietrich Apel
Andreas Reinhart
Andreas Hamm
Andreas Maske
Andreas Brunner
Andreas Blau
Andreas Hilpert
Andrej Kiska
Benjamin Outram
Federico Ghidini
Fredrik Eklund
Fredrik Lundberg
Benjamin Altman
Benjamin "Benjie" Bitanga
Benjamin Guggenheim
Benjamin Harrison Freedman
Benjamin Newton Duke
Fredrik Ljungström
Fredrik Idestam
Benjamin Bronfman
Basil Marceaux
Emanuel Hoffmann-Müller
Emanuel Nobel
Emanuel Strunz
Emanuel Hoffmann
Egon Herbert Harms
Herb Kohl
George H. W. Bush
Herbert Gerisch
Herbert Hillebrand
Herbert Austin
Herbert John Lips
Herbert Baddeley
Herbert Wertheim
Luke Dillon, IV barone Clonbrock
Luke Johnson
Stephen Gilfus
Stephen Marius Balzer
S.A. Lynch
Stephen J. Luczo
Stephen Girard
M. Stephen Heilman
Stephen Chazen
Stefan Raab
Stefan Piendl
Stefan Schreiter
Matthew Michalewicz
Matthew Lovett
Matthias William Baldwin
Matthias Jabs
Matthias Schweighöfer
Marcel Krügel
Marcel Herrmann Telles
Marcel Dulude
Marcel Bleustein-Blanchet
Marcel Bich
Marcel Dassault
Marcel Portout
Michael Arzt
Michael Labiner
Michael Jeffery
Michael Morhaime
Michael Raum
Michael Gleissner
Michael zu Salm-Salm
Michael Kraus
Michael Eisner
Michael Gottschald
Michael Ying
Michael Yang
Michael Rake
Michael Thonet
Michael Diekmann
Michael Scott
Michael O'Leary
Michael Thomas Bass
Michael Durant
Michael Jordan
Michael Sladek
Michael Pfurtscheller
Michael Dell
Michael Cromer
Michael Rotert
Michael Covel
Michael Cudahy
Michael Dobson
Michael Shirima
Michael Kohn
Michael Lynton
Michael Kolowich
Michael Edelson
Michael Eggert
Michael Roney
Michael T. Voorhees
Michael Vassar
Michael Heisley
Michael Cordúa
Michael H. Mealling
Michael Margolies
Michael Laucke
Michael Chasen
Michael Cheng
Tobias Huch
Robert Psenner
Robert Owen
Robert Kiyosaki
Robert Schoeller
Robert Kardashian
Robert Barth
Robert P. McCulloch
Rodrigo Rosenberg Marzano
Robert F. Agostinelli
Woody Johnson
Robert Oberrauch
Robert Hersov
Robert Prichard
Robert Smyth McColl
Robbie Bach
Robert F. X. Sillerman
Robert Hamrla
Ted Turner
Robert S. Brookings
Robert Gerling
Robert Bosch
Robert Ng Chee Siong<BR/>黄志祥
Robert Bass
Robert Mahieu
Robert Hoe III
Bob Young
Robert Bigelow
Robert Durst
Robert Trimboli
Robert Riemerschmid
Robert Adler
Robert J. Stevens
Robert Friedrich Metzeler
Robert C. Pittman
Robert Noel
Robert Timms
Robert Nobel
Robert Chandran
Robert von Peltzer
Robert Lawrence
Robert Warren Miller
Robert Half
Robert D. Walter
Vince McMahon
Vincent J. McMahon
Vincenzo Monti
Vincent DeDomenico
Vincent Bolloré
Vincent Ardissone
Fred Malek
Tan Sri Vincent Tan Chee Yioun
Erika Pohl-Ströher
Jelena Jensen
Margaret E. Knight
Catherina Lipsius
Renata Galasso
Christy Walton
Charmian Carr
Camillo de Renesse
Constantin Hamm
Evan Spiegel
Evan Williams
Egidio Brugola
Elon Musk
Egidio Galbani
Emilio Juri
Emilio Lavazza
Emilio Cavallini
Emilio Bozzi
Emilio Hirzel
Emilio Maraini
Emilio Gnutti
Emilio Gallo
Enn Kunila
Anton Lessing
Anton Eric Scotoni
Anton Rupert
Anton Zimlich
Anthony Fokker
Anton Apold
Anton Kliegl
Anton Morent
Anton Saurer
Gerardo Sacco
Axel Glanz
Axel Schmiegelow
Axel Wullenkord
Gert Silber-Bonz
Gert Schramm
Sonia Draga
Borja Prado
Herb Alpert
Hideo-Sawada
Hrant Vardanyan
Judith West
Khadija Mushtaq
Tito Tettamanti
Irineu Evangelista de Sousa, Viscount of Mauá
Jaclyn Smith
Tito Foppa Pedretti
André Poggenburg
André Jaeger
Jimmie Davis
André Filippini
John Dopyera
Amir Gal-Or<brאמיר גלאור /> אמיר גלאור
Kathryn Finney
Karthik Naralasetty
Ivica Todorić
Kiichiro Toyoda
Malcolm Glazer
Kōkichi Mikimoto
Malcolm Bricklin
Malcolm Baldrige, Jr.
Malcolm Turnbull
Lodovico Zambeletti
Marcos A. Rodriguez
Marcos Pérez
Masayoshi Son
Melih Abdulhayoğlu
Miles Spencer
Gavin Miles McInnes
Micky Arison
Rudi Wendel
Natalija Korolevs'ka
Nicolas Passavant
Nicolas de Santis
Nicolas Hayek
Nicolas Gaume
Nicolas Jomouton
Geoffrey R. Ball
Geoffrey de Havilland
Geoffrey Hoppe
Nirav Shah
Theo Albrecht
Theo Paphitis
Outi Alanne
Ondřej Vrkoč
Antonio Cavalieri Ducati
Antonio Salviati
Antonio Barbieri
Antonio Bernocchi
Antonio Bulgheroni
Antonio D'Amato
Antonio Lombardi
Antonio Parma
Antonio Stefano Benni
Antonio Girfatti
Antonio Crespi
Antonio Ratti
Antonio Barezzi
Ludovic Dubost
Antonio Feltrinelli
Antonio Marcegaglia
Antonio Filograna
Antonio Sibilia
Antonio Matarrese
Antonio Casetta
Antonio Zanon
Antonio Lorenzo
Antonio Percassi
Antonio Abete
Antonio Ferretti
Pankaj Bhatia
Priscilla Presley
Francesco Piria
Rakesh Kapoor
Luciano Savio
Luciano Rimoldi
Luciano Cimmino
Luciano Gaucci
Luciano Benetton
Luciano Bonetti
Ramesh Nibhoria
Luciano Urízar
Demetrio Mauro
Demetrio Zaccaria
Rinat Achmetov
Ronnie Barker
Ronnie Barrett
Dawn Steel
Sakis Rouvas
Ryoji Chubachi
Satoru Iwata
Jean Battier
Henry Dunant
Jean-Albert Grégoire
Jean-Dominique Senard
Jean-Claude-Républicain Arnoux
Jean Lafitte
Jean-Cyril Spinetta
Jean Rédélé
Louis Piedboeuf
Ivan Bloch
Giovanni Battista de Tassis
Jean Sini
Shahid Balwa
Kawasaki Shōzō
Stuart Grimes
Stuart Browning
Stuart Bradie
Stuart Mossman
Ezio Panciera
Ezio Foppa Pedretti
Sudhir Ruparelia
Vishal Gondal
Gerhard Schoeller
Gerhard Fasol
Yossi Dina
Gerhard Fieseler
Gerhard Struve
Gerhard Wobser
Gerhard Haniel
Gerhard Dust
Zachary D. Kaufman
Lucio Tan
Željko Ražnatović
Željko Kerum
Lucio Tasca
Amancio Ortega
Björn Arne Christer Wahlroos
Anders Breivik
Björn Hering
Björn Johansson
Anders Althin
Sakamoto Ryōma
Earl Tupper
Earl E. Bakken
Earl G. Graves, Sr.
Earl Sloan
Hannibal Gheddafi
Volrado di Schaumburg-Lippe
Giuliano Bignasca
Giuliano Ravizza
Terry Gou
Terry George
Kiran Mazumdar-Shaw
Mireille Gingras
Mohsen M Badawi
Peder Andersen Fisker
Sanela Diana Jenkins
Cyrus Massoumi
Cyrus West Field
Matteo Cambi
Matteo Ceirano
Matteo Marzotto
Patrice Motsepe
Johan Staël von Holstein
Josip Lenarčič
Josip Gorup
Josip Kušar
Jožef Benkő
Zbigniew Stonoga
Zbigniew Jakubas
Zbigniew Drzymała
Willi Studer
Willy Bogner
Wilhelm Bartman
Wilhelm von Opel
Wilhelm Maybach
Wilhelm Mülhens
Wilhelm Wimpff
Wilhelm Ginzkey
Wilhelm Overbeck
Wilhelm Emil Fein
Wilhelm Troeltsch
Manoel Raymundo Pais de Almeida
Manuel Luís Goucha
Mar Roxas
Terje Høili
Rudolf Raschle
Johann Georg Anderegg
Johann Conrad Fischer
Johann Busch
John Jacob Bausch
Johann Georg Bodmer
Johann Wanner
Johann Joachim Brunschweiler
Johann Sebastian Clais
Johann Wilhelm Ludowici
Johann Jacob Schweppe
Johann Rudolf Meyer
Conrad Neher
Otto Duvigneau
Johann Rupert
Justin Lewis
Jay Grdina
Justin Berfield
Justin Henry
Justin Beckett
Justin Marshall
Nathan Myhrvold
Nathan Mayer Rothschild
Nathan Straus
Mildred Seeley
Yataro Iwasaki
Heinz Gries
Heinz Stöckler
Heinz Hess
Heinz Schilling von Cannstatt
Heinz Greiffenberger
Heinz Henn
Heinz Riech
Heinz Sebiger
Heinz-Georg Baus
Heinz Prechter
Heinz Hermann Thiele
Bernardo Fort-Brescia
Bernardo Hernández González
Bernardo Caprotti
Brice Alzon
Raphaël Pollet
Haruna Yukawa
Derek Quinnell
Derek Rundell
Derek Jeter
Koichi Itagaki
Hortense Anda-Bührle
Anu Hasan
Elias Palme
Elias Boudinot
Elias Schlegel
Ane Lillian Tveit
Vlad Filat
Gabriela Grillo
Jacopo Di Donato
Johannes Hevelius
Jan Macháček
Jacopo Linussio
Jan Åke Jonsson
Jacopo Castelfranchi
Jan Neff
Jan Callebaut
Jan Petrus Du Plessis
Jacopo Morelli
Anthony Adducci
Tony Hawk
Ludvig Nobel
Adriano Olivetti
Adriano Teso
William R. Cosentini
William Fargo
William Henry Vanderbilt
William Myron Keck
Wayne Rogers
Bill Haslam
William Lyons
William Billingsley
Lucas Alamán
William Beardmore
William Cohen
William Backhouse Astor, Sr.
William Hawley Bowlus
William Metzger
William Davidson
William Kissam Vanderbilt
William Wirt Winchester
Bill de Vigier
William R. Klesse
William Zimdin
William Clayton
William Cook
William H. Rogers, Jr.
William Leggo
William Doud Packard
William B. Brahms
William Chrisman
William Fung
William Avery Rockefeller
William Fox
William Morris
Bill Gates
William Wrigley, Jr
William Wrigley, Jr.
William Duesbury
William Daniel Hillis
William Norris
William Beckford di Somerley
William C. Durant
William Matthew Walsh
William Penn
William A. Brady
William D. Boyce
William Wilson
William DING <br> 丁磊 <br> DING Lei
William Colgate
William Pirrie
William Boeing
William Phelps Eno
Bill Ford
William Bernbach
William George Armstrong
Bill Hewlett
William C. Weldon
William Adam
William J. Cullerton
William Verity
W. Clement Stone
William A. Clark
William Bilbo
William Rosenberg
William Walmsley
William LeGate
William H. Swanson
William Klippgen
Hélène Rochas
Winnie Byanyima
Zvonko Lah
Fedor Strahl
Fedor Schoen
Boštjan Antončič
Eric Bischoff
Lazar Brodsky
Eric Melvin
Eric Dancer
Éric Éverard
Eric Lefkofsky
Eric Ries
Eric A. McAfee
Livio Furini
Luca Magni
Luca Campedelli
Luca Montrone
Luca Cordero di Montezemolo
Sandi Češko
Romina Power
Renat Heuberger
Vito Signorino
Vito Nunziante
Vito Antonio Di Cagno
Vito Cesare Boccardi
Armand Marseille
Armand Peugeot
Alireza Salehi Nejad
Armand Gassis
Armand Nass
Benedetto Pasquini
Benedetto Walter
Cristina Cuesta
Giorgio Gangi
Giorgio Falck
Giorgio Aiazzone
Giorgio Corbelli
Giorgio Fossa
Giorgio Hülss
Giorgio Mpompolas
Giorgio Panto
Giorgio Valerio
Giorgio Cini
Giorgio Enrico Falck
Giorgio Seragnoli
Giorgio Taddei
Giorgio Armani
Giorgio Gomelsky
Giorgio Ascarelli
Giorgio Fini
Giorgio Garuzzo
Giorgio Pinchiorri
Giorgio Squinzi
Giorgio Gori
Giorgio Mendella
Giorgio Simeoni
Martino Aichner
Norman Granz
Norman Macfarlane
Norman Gobbi
Jeffrey R. Immelt
Jeffrey Pollack
Jeffrey Bewkes
Jeffrey Zients
Sergej Polonskij
Suzanne Dando
Toby Simkin
Suzanne de Passe
Alex Shnaider
Alex Spanos
Alex Manoogian
Alex Banayan
Alex Molinaroli
Alex Gorsky
Alex Amancio
Gino Amisano
Gino Girolomoni
Gino Soldà
Gino Alfonso Sada
Gino Graziani
Gino Vescovi
Gino Olivetti
Lindsay Hyde
Helen Zhu
Raul Gardini
Raul Fernandez
Serge Godin
Donald Bren
Donald Trump Jr.
Donald Trump
Donald Randall
Donald M. Kendall
Donald M. Nelson
Donald Wills Douglas
Donald Crowhurst
Émile Romang
Émile Véron
Gerard Lopez
Gérard Mulliez
Gérard Louis-Dreyfus
Bart Becht
Gérard Blitz
Bart Starr
Bart Lubbers
Jon Hall
Jon Feltheimer
Jon Kinyon
Janet Emerson Bashen
Jon Shafer
Jon Fisher
Moses Yale Beach
Moses Simson
Moses H. Cone
Moses Austin
Yann Borgstedt
Molly Crabapple
Dwight Merriman
Per Vilhelm Brüel
Gabrielle Giffords
Mark Shuttleworth
Mark Vincent Hurd
Mark Vanmoerkerke
Mark Reynolds Hughes
Mark Thatcher
Mark Kerry
Mark Bingham
Mark Lorenzen
Mark Simpkin
Mark Walsh
Mark C. Honeywell
Mark Weinberger
Mark Carney
Mark Cuban
Mark Pincus
Mark Getty
Mark Zuckerberg
Mark Parker
Mark Suster
Mark Bertolini
Mark C. Smith
Mark Pigott
Andy Granatelli
Andy Cohen
Andy Rihs
Andy Ripley
Andy Harrison
Dalton Philips
Hubert Joly
Hubert Tigges
Hubert Palfinger
Frits Philips
Hubert Sagnières
Hubert Liebherr
Sam Morgan
Sam Warner
Sam Laidlaw
Sam Jensen Page
Sam Phillips
Samuel Eyde
Sam Jain
Sam Instone
Sam Nazarian <br /> سام نظریان
Jordan Belfort
Jorge Mendes
Jorge Paulo Lemann
Jorge Alessandri Rodríguez
Jorge Vergara
Pinto da Costa
Philipp Ludwig Arzt
Federico Guglielmo di Hohenzollern-Sigmaringen
Friedrich Jahn
Federico Alberto Wenner
Ludwig Lehmann
Friedrich Hoppe
Friedrich Eichberg
Friedrich Anton Reiche
Friedrich Dierig
Friedrich Eugen Engels
Friedrich Victor Rolff
Friedrich Voith
Friedrich Siemens
Friedrich von Rauch
Ludwig Dennerle
Friedrich Conzen
Friedrich Goldscheider
Friedrich Heinrich Flottmann
Friedrich Lahusen
Friedrich Philipp Rosenstiel
Friedrich Rohr
Friedrich Schaettgen
Friedrich Uhlemann
Friedrich Miller
Friedrich August Firnhaber
Friedrich Adolf Richter
Friedrich Radszuweit
Friedrich Goldschmidt
Friedrich Opel
Friedrich von Diergardt
Ludvig Fredholm
Ludwig Georg Braun
Friedrich Bayer
Ludwig Opel
Friedrich Engels
Friedrich Alfred Krupp
Friedrich Boden
Friedrich Carl Untucht
Friedrich Gebauer
Friedrich Philipp Stumm
Friedrich Saturgus
Friedrich Springorum
Ludwik Michalski
Friedrich August Neuman
Friedrich Buhmann
Friedrich Christian Correns
Ludwig Arzt
Ludwig Lohner
Friedrich Glauner
Ludwig Merckle
Solange Knowles
Travis Kalanick
Daniel Biasone
Daniel Jenny
Daniel M. Borislow
Daniel Derichebourg
Daniel Robichaud
Daniel Aegerter
Daniel Morian
Daniel Wall
Daniil Semë́novič Èl'mén'
William Daniel Hillis
Daniel Robert
Daniel B. Wesson
Daniel Straub
Daniel Borel
Daniel T. Jewett
Daniel A. D'Aniello
Daniel L. Doctoroff
Daniel House
Michel Leblanc
Michel Jordi
Michel Combes
Michel Desmoulin
Michel Daher<br><small>ميشال ضاهر</small>
Harold Ruttenberg
Harold Fowler McCormick
Harold Stanley
Harold Geneen
Harold Stirling Vanderbilt
Harold Hamm
Harold Butler
Harold Prince
Harold Sines Vance
Harold McGraw III
Carsten Fichtelmann
Franklin Clarence Mars
Bernard Rappaz
Bernard Bartmann
Bernard de Nonancourt
Bernard Marcus
Bernard Rapoport
Arnaut
Roman Atwood
Bernard Baruch
Bernard Arnault
Bernard Liautaud
Bernard Natan
Bernard Gaida
Luigi Maria Verzé
Mackenzie Bowell
Russell Simmons
Russell Hamilton
Alessio De Giorgi
Alexei Mordashov
Natalie Massenet
Susan L. Solomon
Susie Seaton
Susan Lim
Susanne Klatten
Susanne Veltins
Susanna Agnelli
Sophie Opel
Casey Neistat
Gualtiero Vanelli
Rinaldo Panzarasa
Rinaldo Piaggio
Antoine Frérot
Antoine Dinkel
Antoine Bello
Tony Fernandes
Tony George
Tony Hsieh
Tony Luke, Jr.
Tony Ryan
Tony Hayward
Tony Mary
Tony e Maureen Wheeler
Luc Duchêne
Erich Mittelsten Scheid
Erich Rabbethge
Erich Rathenau
Erich Haslinger
Erich Haberland
Erich Hoerz
Erich Schaefer
Erich Selbach
Franco Bordo
Franco Tosi
Franco Luxardo
Franco D'Attoma
Franco Manna
Franco Debenedetti
Franco Nobili
Willem Hovy
Franco Gorgone
Franco Marinotti
Franco Polti
Franco Sellitto
Franco Ambrosio
Sebastián Piñera
Miguel Piñera Echenique
Michelle Lemmons-Poscente
Michelle Mone
Michail Prochorov
Mikhail Fridman
Manfred Aron
Manfréd Weiss
Manfred Maus
Manfred Utsch
Klaus Lynggaard Hougesen
Lorenz Braren
Klaus Fischer
Lorenz Hutschenreuther
Klaus Agthe
Klaus Johann Jacobs
Klaus Heidegger
Lorenz Adalbert Enzinger
Klaus J. Stöhlker
Lars Magnus Ericsson
Lars Monrad-Krohn
Lars Windhorst
Lawrence Bender
Martin Cooper
Gustavo Cisneros
Nils Gustaf Dalén
Tommaso Giulini
Tommaso Ghirardi
Tommaso Berger
Tommaso Annoscia
Tommaso Barbieri
Trent Parke
Håkan Samuelsson
Giuseppe Cerana
Giuseppe Candiani
Giuseppe Cenzato
Giuseppe Vastapane
Giuseppe Vilardi
Giuseppe Cosentino
Giuseppe Vismara
Giuseppe Volpi
Giuseppe Farina
Giuseppe Angeli
Giuseppe Borsalino
Giuseppe Dallara
Giuseppe Galliano
Giuseppe Longato
Giuseppe Mancini
Giuseppe Nuvolari
Giuseppe Pastori
Giuseppe Verzocchi
Giuseppe Boretti
Giuseppe Camadini
Giuseppe Covre
Giuseppe Giammarinaro
Giuseppe Gilera
Giuseppe Lanzi
Giuseppe Rotelli
Giuseppe Moccagatta
Giuseppe Borri
Giuseppe Boselli
Nuccio Bertone
Giuseppe Visconti di Modrone
Giuseppe Mazzini
Giuseppe Ciarrapico
Giuseppe Figoni
Giuseppe Frua
Giuseppe Panini
Giuseppe Sciarrone
Armin Trost
Beppe Tenti
Giuseppe Alliata di Villafranca
Giuseppe Angelico
Giuseppe Antonio Fedrigoni
Giuseppe Brion
Giuseppe D'Alì
Giuseppe Gazzoni Frascara
Giuseppe Grossi
Giuseppe Mascitelli
Giuseppe Passalacqua
Giuseppe Provenzano
Giuseppe Serventi
Giuseppe Raffo
Giuseppe Borsellino
Giuseppe Cambiaghi
Giuseppe Diomelli
Giuseppe Franchetti
Giuseppe Pisante
Giuseppe Cipriani
Giuseppe Francesco Agnelli
Armin Baniaz Pahamin
Riccardo Conti
Riccardo Jucker
Riccardo Pinzani
Riccardo Gigante
Riccardo Garrone
Riccardo Gualino
Riccardo Sarfatti
Riccardo Barilla
Riccardo Cangini
Ricky Wong
Julie Newmar
Filippo Caminiti
Pippo Callipo
Julie Meyer
Filippo Fiorentini
Filippo Leutenegger
Filippo Bacile di Castiglione
Stephan Rauhut
Stephan Louis
Stephan Schambach
Philippe Kahn
Philippe Stern
Philippe Suchard
Philippe Courtot
Stephan Schmidheiny
Philippe Glatz
Philippe Dauman
Philippe Gaydoul
Lucien Maxwell
Nikolaus Dürkopp
Will Keith Kellogg
Nikolaus Bantleon
Josef Matějka
Josef Neckermann
Josef Bauer
Collofino
Josef Ackermann
Eddy C. Scurlock
Paul Sarkozy
Cecil Rhodes
Paolo Marzari
Paolo I Demidoff
Paolo Farinetti
Paolo Orsi Mangelli
Paolo Scarpa Bonazza Buora
Paolo Sinigaglia
Paolo Bediones
Paolo Barelli
Paolo Castelnuovo
Paolo Pininfarina
Paolo Scaroni
Paolo Marzotto
Paolo Barilla
Paolo Vitelli
Paolo Oss Mazzurana
Paolo Mantovani
Paolo Cuccia
Paolo Ficalora
Paolo Galimberti
Karl Maybach
Karl Kässbohrer
Karl Nessler
Karl Fürchtegott Grob
Karl Stämpfli
Karl Zuegg
Karl Albrecht
Carlo Abarth
Karl Heinrich Kässbohrer
Karl Oehler
Karl Schweri
Karl Heinrich Gyr
Karl von Meck
Karl Nicklaus
Karel Schwarzenberg
Karel Vinck
Urban A. Woodbury
Carl Warhanek
Bas Lansdorp
Andrei Korobeinik
Paddy Roy Bates
Sunil Paul
Sunil Bharti Mittal
Sina Tamaddon
Jim Delligatti
Jim Walton
Jim Rogers
Jim Wieder
Jim Marshall
Jim Thompson
Jim Rohn
Jim Deberry
Theodore Roosevelt Sr.
Teofilo Rossi
Teofilo Sanson
Teodoro González de Zárate
Theodorus Pieter Viruly
Timothy Hwang
Timothy C. Slater
Tibor Rudas
Pier Silvio Berlusconi
Pier Luigi Celli
Pedro Carmona Estanga
Pedro Sporleder
Petr Kellner
Pietro Beretta
Pietro Ferrea
Pietro Bellora
Pietro Marzotto
Pietro Robotti
Pietro Vassena
Pietro Wührer
Pietro Frua
Pietro d'Acquarone
Pietro Franza
Pietro Senn
Pietro Polenghi
Pietro Ferrero
Pietro Benini
Pietro Ceccato
Pietro Ferraro
Pietro Franzoso
Pietro II Moncada di Paternò
Pietro Salini
Pietro Trespidi
Pietro Lunardi
Pietro Axerio Piazza
Pietro Barilla
Pietro Loro Piana
Pietro Mezzaroma
Pietro Scibilia
Pietro Avondo
Pietro Barilla (Senior)
Pietro Borradori
Pietro Catelli
Pietro Cazzola
Pietro Miliani
Pietro Fiocchi
Roberto Cipriani
Roberto Ferrario
Roberto Colaninno
Roberto Micheletti
Roberto Goizueta
Roberto Mura
Roberto Rocca
Roberto Marmo
Roberto Parisi
Roberto de Assis Moreira
Roberto Bernardelli
Roberto Maria Radice
Roberto Züst
Roberto Edwards Eastman
Roberto Dipiazza
Roberto Biscaretti di Ruffia
Roberto Lepetit
Petro Dyminsky
George Baguma
George Steinbrenner
George Devol
George Hudson
George H. W. Bush
George Dunton Widener
George Gregan
George R. Roberts
George Pullman
George Forrest
George R. Jensen Jr.
George Alexander Muthoot
George Gill Green
George Eastman
George Westinghouse
George J. Mitchell
George Herman Babcock
George Davidson
George Herbert Walker Jr.
George Abernethy
George Kaiser
George Gillett
George Peabody
George Herbert Strutt
George C. Page
George Leite
George T. Oliver
George Varghese
George Halas
George Ballas
George Chalmers
George Bruce
George Safford Parker
George Perlegos
George G. Weston
George Kynoch
George Austin McHenry
Nick Hayek, Jr
Georges Besse
Georgios Koskotas
Georges Filipinetti
Georges Perraudin
Georges Alula
Brian Hamburger
Brian Grazer
Brian Hill
Brian L. Roberts
Brian Krzanich
Brian Acton
Quirico Semeraro
Brian Tochi
Brian Chesky
Brian Sterling-Vete
Corey Shoblom Davis
Aharon Wasserman
Alexandre Lazareff
Pierre Alexandre Darracq
Alwin Münchmeyer
Alastair Pilkington
Alison Harmelin
Alison Steele
Arend Oetker
Andrij Sadovyj
Baba Ali
Pete Snyder
Pete Bartlett
Pete Harman
B. C. Forbes
Christopher Lambert
Christophe de Margerie
André Citroën
Andre Barnett
Andre Gassner
Andrew Gasiorowski
Bernie Ecclestone
Bette Nesmith Graham
Bodo Scriba
Burt Rutan
Burt Baskin
Charlie Muirhead
Charlie Fern
Clifford T. Boro
Cindy Hensley McCain
Cliff Richard
Cindy Burkett
Dave Habiger
Dave Brown
Dave McClure
Don King
Don White
Don Panoz
Don Robert
Edoardo Calleri
Edoardo Agnelli
Edoardo Bianchi
Edoardo Garrone
Edoardo Longarini
Edoardo Bulgheroni
Emilie Flottmann
Ephraim Shay
Forrest Gump
Frédéric Brugmann
Forrest Edward Mars, Jr.
Fred Malek
Gioacchino Alemagna
Goldie Ens
Glen Bell
Glen Post
Glen H. Taylor
Glen Schofield
Hasan II del Marocco
Hassan Nemazee
Hanns Simon
Hanns-Martin Schleyer
Hanns Porst
Hanns Voith
Helmuth Flammer
Helmuth Poensgen
Hobart Johnstone Whitley
Herman Van Thillo
Jake Burton Carpenter
Ernesto Pellegrini
Ernesto Illy
Ernesto Ceirano
Ernesto Colnago
Ernesto Breda
Ernesto Cauvin
Ernesto Cerruti
Ernesto De Angeli
Ernesto Maria Cocca
Ernesto Reinach
Nasser Al-Khelaïfi
Ernesto Bertarelli
Ernesto Besenzanica
Ernesto Di Fresco
Ernesto Fassio
Ernesto Canal
Ernesto Maserati
Randall Nieman
Hugues Gentillon
Ignatz Uhrig
Hushang Ansary
Valter Scavolini
Tatum Reed
Khalid bin Mahfouz
Vic Swerts
Horacio Pagani
Tomáš Baťa
Wilbur B. Foshay
Tomaž Tom Mencinger
Valter Mainetti
Liliane Bettencourt
Isabella Löwengrip
Lothar Trier
Ransom Eli Olds
Lothar Rohde
Reginald Walter Maudslay
Max Wassmer
Max Guazzini
Max in Baviera
Max Meirowsky
Max Aeschlimann
Max Stern
Max Grundig
Max Neubert
Max R Levchin
Max Glauber
Max Factor, Sr.
Maximilian di Baden
Max Théret
Max Winter
Max Cassirer
Marten Orges
Maurycy Fajans
Max Marty
Max Schaefer
Max Schmidheiny
Martha Matilda Harper
Louie Torrellas
Martha Stewart
Moritz von Todesco
Maurizio d'Assia
Lew Wasserman
Lev Leviev
Rowland Hussey Macy, Sr.
Spencer Penrose
Poppy King
Toyoda Sakichi
Sumner Redstone
Enea Mattei
Nils Lahr
Morris Schrage
Nils Gustaf Dalén
Morris Michtom
Morris Silverman
Enea Venturi
Polly Bergen
Rafael Flores Estrella
Sylvain Peyronnet
Navid Ostadian-Binai
Nita Ambani
Janus Friis
Venus Williams
Sterling R. Cockrill
Milton S. Hershey
Victor Feliksovič Veksel'berg
Viktor Alekseevič Zubkov
Viktor Kleinert
Olivier Bohuon
Alvise Francesco Mocenigo
Jørn Lyseggen
Alvise Mocenigo
Armen Sargsyan
America Tang
Lester Crown
Lester Lyles
Parker H. French
Orville Redenbacher
Thomas Dewar
Thomas Schmidheiny
Thomas Andrews
Thomas Cullinan
Tom Enders
Thomas Paine
Thomas Hezel
Thomas Massie
John T. Walton
Thomas Savin
Thomas Leysen
Tom Anderson
Thomas Cardeza
Thomas Gutberlet
Thomas DiBenedetto
Evan Spiegel
Thomas Bruch
Thomas Emde
Thomas Edison
Thomas Bauer
Thomas Siebel
Thomas Mason
Thomas Amper
Thomas Egger
Thomas Cook
Thomas J. Watson
Thomas Lipton
Thomas W. Wolf
Thomas Whitfield
Thomas Rusche
Thomas Humber
Thomas J. Smrt
Thomas Byerley
Thomas E. Murray
Clive Sinclair
Clive Palmer
Italo Gemini
Hunter Tootoo
Ivano Beggio
Ivano Fanini
Murdo MacKenzie
Pino Masciari
Kingsley Uyi Idehen
Pino Hensemberger
Vasco Morgado
George H. W. Bush
Jonas Alströmer
Yuna
Natale Battezzati
Joan Gaspart
Joan Majó i Cruzate
Vicente Matheus
Vincenzo Stefano Breda
Vincenzo Melchiorre
Vincenzo Grasso
Vincenzo Lancia
Vincenzo Florio
Vincenzo Barba
Vincenzo Matarrese
Vincenzo Speziali
Vincenzo Agusta
Vincenzo Divella
Vincenzo Bellavista
Vincenzo Muccioli
Gottfried Schenker
Gottfried Dierig
Gottfried Eduard Hofer
Gottfried Adolph Daum
Gottfried Grandel
Erwin Hochmair
Laurent Faibis
Jakob Brändlin
Jakob Blank-Arbenz
Jakob Nobs
Jakob Karlen
Laurent Ursain Guesnon
Jakob Brunner
Jakob Oeri
Jakob Leutscher
Laurent Bataille
Germano De Biagi
Jean-Paul Agon
Antonius Everdinus van Kempen
Alberto Amman
Alberto Frizziero
Alberto Geisser
Alberto Falck
Alberto Cucchi
Alberto Macciocca
Alberto Ibargüen
Alberto Fassini
Alberto Pirelli
Alberto Riva
Alberto Forchielli
Alberto Masotti
Alberto Mazzocco
Alberto Pezzi
Jindřich Vařeka
Enrico Cappelletti
Enrico Gasperini
Enrico Rovira
Enrico Preziosi
Enrico Olivetti
Enrico Salza
Enrico Vismara
Enrico Baleri
Enrico Befani
Enrico dell'Acqua
Enrico Mylius
Enrico Rovelli
Enrico Mattei
Enrico Cravero
Enrico Coveri
Enrico De Angelis
Enrico Loccioni
Enrico Piaggio
Enrico Ranzanici
Enrico Marone Cinzano
Enrico Longinotti
Enrico Mantovani
Enrico Falck
Frans Diekstra
Lamberto Mazza
Lamberto Andreotti
Hans-Werner Hector
Costantino Rozzi
Conrad Naber
Conrad Dietrich Magirus
Conrad Hilton
Marcello Visconti di Modrone
Marcello Cestaro
Conrad Schlumberger
Conrad von Borsig
Conrad Schember
Conrad Tack
Marcello Gavio
Marcello Modiano
Conrad Mandsager
Neal Creighton
Aristide Merloni
Mathieu Laine
Mathieu Elie Matthes
Mathieu van Roggen
Giordano Bruno Verdesi
Andi Gutmans
Agustín Edwards Mac-Clure
Gvido Kres
Esteban Chornet
Stepan Pachikov
Jozef De Coene
Alessandro Cruto
Alessandro di Alessandria
Alessandro Rossi
Alessandro Benetton
Alessandro Ciano
Alessandro Martini
Alessandro Ruggeri
Alessandro Ciceri
Alessandro Lanaro
Steve Jobs
Steven Jay Sinofsky
Steven F. Udvar-Hazy
Steven Kropper
Steven Langman
Steven Dengler
Giuseppe Costantino Dragan
Steven Hirsch
Steven Kotler
Steven Holliday
Cornelius Vanderbilt II
Cornelius de Greiff
Cornelius Vanderbilt
Marc Rich
Marc P. Bernegger
Marc Bolland
Marc Porat
Marc Andreessen
Markus Liebherr
Marc Tarpenning
Marc Samwer
Markus Kündig
Marc Brucherseifer
Marco Bonometti
Marco Boglione
Marco De Marchi
Marco Ajmone Marsan
Marco Fumasoli
Marco Tronchetti Provera
Marco Berti
Marco Besso
Marco Brunelli
Marco Balich
Marco Martelli
Marco Pavignani
Marco Zoppi
George Averoff
Claude Daniel Proellochs
Claudius Dornier
Claude Perret
Ferdinando Bocca
Ferdinando Quartieri
Ferdinando Innocenti
Ferdinando Pozzani
Ferdinando Maria Perrone
Ferdinando Bocconi
Ferdinando Peretti
Ferdinando Cesaroni
Valerio Carrara
Ettore Bugatti
Ettore Conti di Verampio
Ettore Maserati
Ettore Colombo
Ettore Setten
Elisabeth Feller
Georgi Iliev
Federico Capone
Federico Jarach
Federico Palazzoli
Federico Lacroze
Federico Serra Mirás
Federico Corner
Frederik Paulsen
Fredrik Meltzer
Federico Méndez
Frederik Over
Federico Jiménez Losantos
Federico Pucciarello
Federico Peliti
Charles Frédéric Kuhlmann
Frédéric Artru
Frédéric Chaplet
Federico di Württemberg
Frédéric Lemoine
Frédéric Oudéa
Renate Holland
Silvius von Goldfus
Giulio Ajani
Giulio Ceretti
Giulio Viezzoli
Giulio D'Alì Staiti
Giulio Campanati
Giulio Prinetti
Giulio Dreossi
Giulio Santarelli
Emile Selbach
Émile Véron
Ibrahim Sultan Ali
Christoph Hartmann
Christoph de Bach
Christoph Scheule
Christoph Gerlinger
Christoph Andreae
Ezra Fitch
Dr. Christoph Sutter
Prosper Masquelier
Gabriele Giovanni Mazza
Gabriele Albertini
Léon Gaumont
Léon Francq
Léon Harmel
Julian Victor Frow Roberts
Joe Dolan
Joe Kiani
Stan Kroenke
Danny Seo
Danny Porush
Joe Lewis
Danny Dyer
Joe Bastianich
Joe Kehoskie
Joe Robbie
Joe Grant
Joe Eigo
Danny Kennedy
Stan Bharti
Stan Klos
Ali Akbar Hashemi Rafsanjani
Ali bin Ibrahim Al-Naimi
Ali Rowghani
Ali al-Faraj
Ali Nasir
Ali Daei
Ali Shafizadeh
Didier Roche
Christian Gasser
Christian Gottfried Schierholz
Christian Benger
Christian Georg Hornbostel
Abraham Darby I
Christian Cotten
Christian Barnewitz
Christian Getzner
Abraham Munn
Christian Magoon
Christian Otte
C.F. Theodore Steinway
Christian Coulin
Christian Dingler
Christian Goldschagg
Christian von Stetten
Christian Wittich
Christian Zimmermann
Abraham Nottebohm
Christian Boros
Christian Lechler
Abraham Raschle
Martín Varsavsky
Martin J. Barrington
Martin Blessing
Martin Bouygues
Martin Shkreli
Martin Tobias
Martin Gilbert
Martin Viessmann
Martin Eberhard
Martin Birrane
Emmanuel Daniel
Martin Cooper
Martin Behr
Martin Hočevar
Martin Leicht
Martin von Cassian
Martin von Baumgartner
Patrick Bitature
Patrick Nee
Patrick Kron
Patrick Grove
Patrick Nagle
Patrizio Bertelli
Patricio Lecaros
Tomaso Zanoletti
Rodolphe Lindt
Tomaso Trussardi
Auguste Agassiz
Auguste de Schryver
Ugo Valperga
Ugo Moncada di Paternò
Ugo Poggi
Ugo Zagato
Ugo Lanza
Ugo Veniero D'Annunzio
Fabrizio Lori
Fabrizio Camilli
Ulrich Hemel
Ulrich Schmack
Ulrich Bettermann
Ulrich Rohde
Ulrich Grillo
Eugen Heller
Eugen Hilti
Eugen Hartmann
Eugen Holtzmann
Eugen Herz
Eugen von Boch
Eugène Schneider
Eugen Coupienne
Eugenio Balzan
Eugenio Filograna
Eugenio Rendo
Eugenio Vianello
Eugenio Cantoni
Eugenio Cefis
Eugenio Gualdi
Ruth Handler
Clay Shaw
Gustave Eiffel
Giacomo Miari
Giacomo Properzj
Giacomo Acerbi
Giacomo Brufani
Giacomo Costa
Giacomo Ceconi
Giacomo Marini
Giacomo Maiolini
Fulvio Bracco
Gottlieb Duttweiler
Fulvio Ballabio
Fulvio Conti
Gottlieb Traugott Bienert
Rudolf Then
Rudolf Pringsheim
Rudolf Stämpfli
Rudolf Wanzl
Rudolf Blohm
Rudolf Trauner senior
Rudolf von Gutmann
Rudolf Arthur Pastor
Rudolf Poensgen
Rudolf Hegenscheidt
Rudolf Staechelin
Rudolf Dassler
Rudolf Schenker
Rudolf von Miller
Rudolf Diesel
Rudolf Schieber
Rudolf Bingel
Rudolf Schmid
Rudolf Sprüngli
Rudolf Loh
Rudolf Ippisch
Rudolph Hertzog
Eduard Ignaz Nels
Eduard Nebelthau
Eduard Scharrer
Eduard von Todesco
Eduard Bartling
Eduard Friedrich Hugo Heusch
Eduard Hoffmann
Eduard Heindl
Eduard Engelmann
Eduard Oehler
Eduard Zwick
Eduard Lorenz Lorenz-Meyer
Otto von Pelser-Berensberg
Otto Schaechterle
Otto Rabbethge
Otto Lagerfeld
Otto Fahr
Otto Helmholtz
Otto Rettenmaier
Otto Fischbacher
Otto Haas
Otto Erzer
Otto Gastell
Otto Henrich
Otto Bengtson
Otto Happel
Otto Beisheim
Otto Budde
Otto Heinrich Flottmann
Otto Ineichen
Otto Meyer
Otto Schramm
Otto Flimm
Otto Stinnes
Otto von Bressensdorf
Otto Heinrich Graf von Hagenburg
Otto Steche
Davide Ricci
Daniele D'Odorico
Davide Campari
Davide Serra
Andrew Grove
Andrew Heiskell
Andrew Beatty
Andrew Housser 180px
Andrew Paulson
Andrew Regan
Andrew Bachman
Andrew Mason
Adolf Sommerfeld
Andrew Loog Oldham
Andrew Forrest
Andrew Viterbi
Andrew Forde
Andrew Perlman
Sir Andrew Witty
Sergio Mantegazza
Sergio Pininfarina
Sergio Bernardini
Sergio Cragnotti
Sergio Scaglietti
Sergio Mulitsch di Palmenberg
Sergio Saleri
Sergio Abramo
Sergio Porcedda
Sergio Rossi
Sergio Marchionne
Sergio Cassingena
Sergio Giordani
Sergio Zuncheddu
David Diaan
David Gere
David Darling
David Sarnoff
David Stern
David Packard
David Mitzner
David Hairion
David Gill
David Edgerton
David M. Cote
David Nish
David Splitgerber
David Atkins
David Cleevely
David Gonski <small>AC</small>
David Karp
David Koch
David Lauren
David T. Abercrombie
David G. Neeleman
David Citroen
David Carter
David Tyler
Sir David Edward Murray
David Benveniste
David J. Bronczek
David Caruso
David Steel
David Dunbar Buick
David Bismark
David Evans
David Sassoon
David von Eichthal
David Perry
David Alter
David O. Selznick
David Filo
David Dale
David J. Lesar
David Brown
David Brevik
Davíd Yang
David Reuben
David Schickler
David Schnur
David H. Murdock
David Quinn
David Rubenstein
David Armstrong-Jones, Visconte Linley
David Braben
David Allen
David C. Novak
David K. Williams
David Vigliano
David Sams
David Baird, Jr.
David N. Farr
David Perdue
David Lockton
David P. Bushnell
David W. Nelms
David Thomson
Antony Jenkins
Éric Boullier
Suzan Sabancı Dinçer
Simone Spoladori
Rick Scott
Arturo Ciano
Arturo Malignani
Arturo Schaerer
Rick Redewill
Rick Snyder
Arturo Ferrara
Renaud Laplanche
Marjan Podobnik
Berndt Niethammer
Gaston Gallimard
Rosemarie Veltins
Krizia
Reinhold Hoffmann
Reinhold Festge
Matthieu Pigasse
Luisa Todini
Luisa Spagnoli
Larry Rosen
Larry Page
Larry Ellison
Larry Flynt
Larry Nichols
Sebastián Piñera
Massimo Ferrero
Massimo Gabutti
Massimo Zanetti
Massimo Olivetti
Massimo Carfora
Massimo Moratti
Massimo Di Risio
Massimo Mezzaroma
Massimo Carraro
Massimo Cellino
Massimo Ciancimino
Massimo Ferrario
Massimo Cassano
Bob Falkenburg
Bob Corker
Bob Lazar
Bob Wilkinson
Bob Clifford
Bob Keiller
Jenna Jameson
Bob Douglas
Bob Stapleton
Bob Young
Bob Parsons
Bob Benmosche
Washington Sycip
Magno Magni
Fernando Aguerre
Fernando López
Allen Klein
Emily Gimmel
Eduardo Saverin
Eduardo Schaerer
Eduardo Fiorillo
Eduardo Huergo
Vladimir Romanov
Eduardo Cojuangco Jr.
Vladimir Lisin
Massimiliano Carlo di Thurn und Taxis
Leo Maximilian Baginski
Ferenc Gyurcsány
Cédric Bannel
Adrien de Lavalette
Nadja Schildknecht
Caspar Zeller
Caspar August Neuhaus
Caspar Honegger
Philipp Ludwig Arzt
Philipp Heinrich Pastor
Philipp Samhammer
Philipp Drachstedt
Philipp Haas von Teichen
Oskar Oliven
Oskar Troplowitz
Oskar Reinhart
Oskar Schindler
Oskar Messter
Walther Rathenau
Adolf Schmid von Schmidsfelden
Adolf von der Nahmer
Adolf Rohrbach
Adolf Dassler
Adolf Guyer-Zeller
Adolf Vorwerk
Adolf H. Lundin
Adolf Repsold
Adolf Greilich
Adolf Locher
Adolf Ruhmann
Adolf Scheufelen
Dietrich Mateschitz
Adolf Merckle
Adolf Ignaz Mautner von Markhof
Adolf Reese
Dietrich Walther
Adolf Kohner
Adolf Feller
Adolf Schindling
Dietrich Bahner senior
Adolf Jourdan
Adolf Würth
Óscar Armando Flores
Dominic Greene
Ralph Lauren
Konrad Lokar
Konrad Zuse
Ralph Baer
Ralph Gilles
Ralph Ungermann
Ralph Dommermuth
Zeno Durrer
Kaspar Honegger
Simón Iturri Patiño
Cäsar Denner
Horst-Dieter Esch
Dieter Schlüter
Dieter Burmester
Dieter Wiesmann
Dieter Zetsche
Dieter Meier
Dieter Freudenberg
Dieter Bührle
Dieter Schnabel
Dieter Murmann
Dieter Buttgereit
Felix Booth
Patai Imre
Claus Spreckels
Claus Dittrich
Claus von Bohlen und Halbach
Armando Corona
Armando Montelongo
Firmin Pons
Corina Ungureanu
Gilberto Benetton
Gilberto Colombo
Andrea Agnelli
Andrea Marcucci
Andrea Illy
Andrea Della Valle
Andrea Berrini
Andrea Rossi
Andrea Zenesini
Andrea Pininfarina
Andrea Pezzi
Andrea Ercoli
Andrea Lodovico Adamich
Andrea Montelpare
Andrea Gabrielli
Andrea Vecchio
Ignaz Edler von Mitis
Ignaz Spiro
Ignaz von Landsberg-Velen und Gemen
Reinhard Smolana
Reinhard Effertz
Reinhard Poensgen
Willi Weber
Willi Liebherr
Clement Studebaker
Emanuele Fenzi
Emanuele Vittorio Parodi
Emanuele Cacherano di Bricherasio
Emanuele Aliotta
Albrecht von Boeselager
Albrecht von Linde
Albrecht Hornbach
Isidor Bach
Isidor Mautner
Alfons Hörmann
Alfons Mauser
Alfonso Bialetti
Alfonso Cassin
Alfonso di Hohenlohe-Langenburg
Etienne Jornod
Gustavus Michaelis
Gustavus Franklin Swift
Curt Altmann
Roman Abramovič
Curt von Salmuth
Curt Dietz
Curt Mast
Romano Artioli
Saly Mayer
Maja Ruth Frenkel
Raffaele Dolfato
Raffaele Rubattino
Raffaele Pienovi
Raffaele Girotti
Raffaele Ursini
Federica Guidi
Ruedi Noser
Adalberto Tedeschi
Adalberto Garelli
Guillaume de Bèche
Jobst Wagner
Helmut John
Helmut Nanz
Helmut Greve
Helmut Hubert
Helmut Heinen
Helmut Rausch
Mariusz Świtalski
Mário Wallace Simonsen
Cristoforo Zabata
Cristoforo Benigno Crespi
Hannes Bardach
Sarah Toumi
Domingo Matheu
Sarah Allen
Pasquale Benini
Pasquale Nessa
Pasquale Pozzi
Lillo Foti
Pasquale Natuzzi
Pasquale Vena
Pasquale Falqui
Pasquale Ermini
Pasquale Alécce
Pasquale Revoltella
Pasquale Casillo
Casimiro Molins Ribot
Amos Whitney
Raúl Fontaina
Geremia Lunardelli
Isolde Liebherr
Joan Whitney Payson
Ignacio Bauer
Ramon de Montaner i Vila
Ignacy Łukasiewicz
Leonardo Fioravanti
Leonardo Del Vecchio
Leonardo Garilli
Leonardo Lorusso
Leonardo Michelini
Hilary Devey
Hilary Duff
Bill Stealey
Bill Beaumont
Bill Bowerman
Bill de Vigier
Bill Koch
Bill Gates
Bill Flores
Bill Young
William H. Gross
Bill Rancic
Bill Liao
Bill Booth
Bill Gatton
Bill Naito
Engelbert Hardt
Amedeo Obici
Amedeo di Savoia-Aosta
Amedeo Ortolani
Amadeo Barletta Barletta
Amadeo Giannini
Penny Pritzker
Felice Borroni
Felice Riva
Felice Colombo
Eusebi Güell
Gildo Pallanca Pastor
Gildo Pastor
Reuben Hecht
Reuben Mattus
Jesús Echave
Reuben C. Baker
Josh James
Josh Linkner
Ian Davis
Ian Cheshire
Ian King
Dr. Ian Clarke  <br> MBChB, MSc, DTM&H
Ian Schrager
Ian Livingstone
Ian Gorham
Ian Meakins
Steve Coast
Steve Ballmer
Steve Blank
Steve Gibson
Steve Wynn
Steve Morell
Steve Venright
Steve Rubell
Steve Andriole
Steve Mariotti
Steve Miller
Steve Bisciotti
Steve Foots
Steve Rifkind
Steve Mogford
Pierre-André de Chalendar
Benoît Potier
Cesare Campioli
Cesare Bortolotti
Cesare Paciotti
Cesare Ragazzi
Cesare Viganò
Costanzo Cantoni
Benedikt Weibel
Benedikt Schubiger
César Ritz
César Pelli
Ewald Marquardt
Liz Carmichael
Paulo de Sousa Pereira
Paulo Bellini
Joey Saputo
Gianni Versace
Gianni Cosetti
Gianni Maimeri
Gianni Scerni
Gianni Sassi
Eckhard Sauren
Günter Blümlein
Horace Elgin Dodge
Horace Smith
Gunter Heise
Ferran Fabra i Puig
Gordon Bowker
Gordon Moore
Aron Hirsch
Basilio Giordano
Ahmet Bozer
Salomon Herz
Salomon Honegger
Henri Deutsch de la Meurthe
Ahmet Ertegün
Ahmet Çalık
Ahmet Mücahid Ören
Raimon Carrasco
Rudolph Giuliani
King Camp Gillette
Barrie Wells
Paola Pelino
Albano Guaraldi
Adolph von Pittel
Doug McMillon
Doug Carlston
Doug Davis
Doug Ellis
Nello Baglini
Doug Richard
Amato Festi
Ambrogio Necchi
Ambrogio Dellachà
Ambrogio Mauri
Ambrogio Binda
Gregorio Agnini
Deborah Hutchison
Gregorio Ramirez Gonzalez
Deborah Thigpen
Gregorio Gregorj
Leopoldo Parodi Delfino
Leopoldo Pirelli
Willie Degel
Willie Nelson
Yuri Milner
Solomon R. Guggenheim
Sol Star
Henning Zoz
Gene Amdahl
Myron Charles Taylor
Aziz Akhennouch
Phebe Novakovic
Tan Le
Lutz Helmig
Franck Riboud
Mieke Berendsen
Jeff Clarke
Jeff Wellemeyer
Jeff Bezos
Jeff Berwick
Jeff Martin
Jeff Lawrence
Jeff Stibel
Jeff Wulkan
Waldemar Grube
Waldemar Petersen
Michele Tossani
Michele Ferrero
Michele Scianatico
Michele Aiello
Michele Angelo Zoccola
Michele Giuffrida
Michele Maluta
Gianpiero Moretti
Samuele Zopfi
Todd Pedersen
Zach Kaplan
Zach Klein
Joannes Boldoot
Zach Ness
Benny Binion
Olive Ann Beech
Agostino Rocca
Agostino Chigi
Agostino Kotzian
Agostino Pennisi di Floristella
Agostino Burgarella Ajola
Jenni Hogan
Carroll S. Page
Sander Hicks
Marion Donovan
Marion Heinrich
Geraldo Dannemann
Marion A. Trozzolo
Flavio Briatore
Flavio Pontello
Stein Erik Hagen
José María Núñez Piossek
Jef Colruyt
Hellmut Girardet
Okko Jacobus Bekker
Eleonora Berlusconi
Elie Saab
Angelo Poffo
Angelo Costa
Angelo Dalle Molle
Angelo Miceli
Angelo Molinari
Angelo Salmoiraghi
Angelo Deodati
Angelo Mozilo
Angelo Manzocchi
Angelo Rizzoli
Angelo Villani
Angelo Moratti
Angelo Motta
Angelo Delfino
Angelo Gabrielli
Angelo Massimino
Angelo Sotira
Angelo Gaslini
Angelo Picano
Johns Hopkins
Greg M. Greeson
Horatio G. Loomis
Greg B. Abbott
Greg Pulier
Greg Skibiski
Greg Brown
Greg Norman
Greg Roberts
Greg Selkoe
Duncan Bannatyne
Al Palladini
Salem bin Laden
Bjørn Rune Gjelsten
Rainer Buchmann
Rainer Schaller
Rainer Dulger
Rainer Lippe
Ulrike Butz
Sergey Brin
Sergey Galitsky
Danilo Coppola
Danilo Nannini
Danilo Arbilla
Faisal Qureshi
Dimitris Tziotis
Farid Vatanparast
Ippolito Niccolini
Meir Amit
Michelangelo Zois
Michelangelo Virgillito
Mansour Ojjeh
Ulisse Igliori
Diva Zappa
Valerij Levonevskij
Anatol Stati
Phil Harvey
Phil Gramm
Phil Cameron
Noël Martin
Edouard Getaz
Charles-Henri Sabet
François-Louis Cailler
Gerd Litfin
Gerd Schmelzer
Gerd Josef Weisensee
Gerd Brachmann
Gerd Pieper
Hans-Joachim Zillmer
Il'ja Ponomarëv
Ilya Segalovich
Reiner Daelen
Omid Kordestani <br /> امید کردستانی
Rupert Murdoch
Rupert Jee
Santino Pagano
Siegmund Seligmann
Torsten Toeller
Biagio Pogliano
Stanislao Zurlo
Henriette Lustig
Biagio Brasini
Beate Bahner
Caren Merrick
Carole Spiers
Conny Gasser
Dorothee Schumacher
Mohammed Mansour
Muhammad VI del Marocco
Stanford R. Ovshinsky
Mohammed Bin Sulayem
Mohamed bin Hammam
Muhammad Jamal Khalifa
Mohammed bin Laden
Mohamed Iltaf Sheikh
Mohamed Noordin Sopiee
Mohamed Al-Fayed
Dato' Seri Nazir Razak
Grover Loening
Mohamed Noordin Sopiee
Harvey Ball
Harvey Jacobson
Harvey Firestone
Archibald Mosman
Marino Puggina
Marino Contarini
Marino Torlonia
Marino Boldrin
Rocco Motto
Silvestro Petrini
Rocco Gardner
Rocco Commisso
Gauthier Toulemonde
Amar Panchal
Amar G. Bose
Nick Akins
Nick D'Aloisio
Nick Screnci
Nick Collier
Pio Pion
Nick Hanauer
Pat Croce
Pat Robertson
Sean Combs
Sean Parker
Sean Yazbeck
Brett Hales
Stanisław Tymiński
Brett Gurewitz
Brett Alegre-Wood
Glenn L. Martin
Gene Amdahl
Gene Hoffman
Gene Kim
Andrey Kolodyuk
Allah Rakha Rahman
F. Duane Ackerman
B. Wayne Hughes
Ramalinga Raju
G. Jason Bergenske
H. Vasanthakumar
H. F. Lenfest
Paxton Baker
Jehangir Ratanji Dadabhai Tata
J. P. McManus
M. Michele Burns
N. Murray Edwards
P.H.Yu
T. Boone Pickens
T. Russell Shields
R. J. Reynolds
R. C. Tway
Dmitry Evgenevich Rybolovlev
Phillip Terry
Pierce Schenck
Billy Glynn
Ernie Ball
Oleksandr Yaroslavsky<br><small>Олександр Ярославський</small>
Jay Pritzker
Jay S. Fishman
Jay S. Walker
Jay Sarno
Jay Penske
Jay Van Andel
Jay Gould
Jay-Z
Brent Handler
Brent Bolthouse
Rod Grams
Rod Menzies
Rod Aldridge
Irving Gould
Gail Kelly
Rich Martell
Rich Lesser
Kirk Kerkorian
Marshall Sehorn
Marshall Field
Marshall Larsen
Russ Diamond
Russ George
Russ Girling
Allison Maslan
Noah Kagan
Ferruccio Lamborghini
Ferruccio Vivanti
Maurício de Sousa
Mickey Deans
Hans-Dieter Blatzheim
Nicolò Tron
Nicolò Voltan
Buddy Adler
Valentino Cesarin
Mehdi Hashemi Rafsanjani
Ennio Brion
Mehdi Karrubi
Ennio Presutti
Ennio Doris
Vince Stanzione
Hossein Rahnama
Hossein Sabet
Abbas El Gamal
Stacey Rookhuizen
Raimund Allebrand
Harrison Phoebus
Leigh Bowery
Gregg L. Witt
Elliot Handler
Mark Zuckerberg
Anil Ambani
Clint McManaman
Dustin Moskovitz
Hellmuth Butenuth
Pam Henderson
Godfrey Lowell Cabot
Erick Thohir
Willard Whyte
Preston Robert Tisch
Lodovico Mazzotti
Lodovico Melzi d'Eril
Preston Tucker
Rubens Ometto Silveira Mello
Garrett Camp
Rachael Bermingham
Rachael Ray
Terry Pegula
Gottlob Schumann
Gottlob Moritz Nathusius
Meg Whitman
Ruud Lubbers
Edgard Frankignoul
Johann Jakob Sutter
Johann Jakob Stamm
Johann Jakob Scherer
Leroy Grumman
Leroy Chiao
Vijay Mallya
Rosella Sensi
Anastasiya Kvitko
Omer Vanaudenhove
Alvaro Arzú Escobar
Edme Campenon
Granville Semmes
Tomás Hirsch
Gonzalo Sánchez de Lozada
Theobald Obach
Semyon Dukach
Baudouin Prot
Woody Norris
Stanko Subotić
Branco Weiss
Zino Davidoff
Beny Alagem
Cesar Gon
Cesar Ascarrunz
Dany Saadia
Dagobert Oppenheim
Cosmus Schindler
Farhad Moshiri
Eirini d’Eirinis
Gebhard Braun
Gerolamo Gaslini
Huldreich Heusser
Giampietro Campana
Gioachino Zopfi
Moris Ergas
Miograd Kostić
Raffi Halaǰyan
Nolan Bushnell
Nuri Kamil Otay
Tamer Hassan
Veit Hans Schnorr
Krizia
Hermine Raths
Viatcheslav Moshe Kantor
Benigno Crespi
Spartaco Ghini
Santi Manganaro-Passanisi
Wolfhart Hauser
Aras Agalarov
Camillo Olivetti
Camillo Jacobini
Idan Ofer
Shai Reshef
Miel van Gils
Sylvan Goldman
Aneesh Varma
Ayman Asfari
'Ala' Mubarak
Rosalía Mera
Ivor Guest, I barone Wimborne
Matevž Frangež
Bartłomiej Bodio
Nikodem Caro
Arlene Dickinson
Ilonka Hufnagelová
Errol Damelin
Marian Ilitch
Erasmo Piaggio
Warwick Waugh
Andrius Šedžius
Moshe Arens
Publio Cortini
Jokin Aperribay
Reed Hastings
Sherry Lansing
Garret John LoPorto
Bradford Stroh
Ricardo Martinelli
Pompeo D'Ambrosio
Vicente Boluda
Vicente Calderón
Ricardo Salinas Pliego
Pedro Passos Coelho
Ricardo Brennand
Ricardo Salgado
Francisco Antônio Vieira Caldas Júnior
Assis Chateaubriand
Nicolaes Couckebacker
Garfield Wood
Chip Foose
Audra Lowe
Trish Costello
Toon Coppens
Florenz Sartorius
Salmaan Taseer
Salman Agah
Sherwood Egbert
Diether Hummel
Reid Hoffman
Christen Ager-Hanssen
Donny Deutsch
Ty Warner
Martien van Doorne
Herrmann Gerson
Radovan Krejčíř
Gianluigi Aponte
Radovan Vítek
Vincenc Zusner
Gabe Newell
Ludolf Matthias Hoesch
Muhammad Yunus
Dmitry Evgenevich Rybolovlev
Muhammad Ali Jr.
Gabrijel Jelovšek
Jurij Korablin
Khayrat al-Shater
Mohamed Al-Fayed
Jacob Christian Jacobsen
Mohammed Bin Sulayem
Muhammad Jamal Khalifa
Muhammad VI del Marocco
Jakub Kryštof Rad
Abdul Sattar Abu Risha
Alisher Usmanov
Moses Yale Beach
Dmitry Alimov
Mohamed bin Hammam
Mohammed bin Laden
