Afghanistan
Akrotiri
Albania
Algeria
Andorra
Angola
Anguilla
Antartide
Antigua e Barbuda
Antille olandesi
Arabia Saudita
Arctic Ocean
Argentina
Armenia
Aruba
Ashmore and Cartier Islands
Atlantic Ocean
Australia
Austria
Azerbaigian
Bahamas
Bahrein
Bangladesh
Barbados
Belgio
Belize
Benin
Bermuda
Bhutan
Bielorussia
Bolivia
Bosnia-Erzegovina
Botswana
Brasile
Brunei
Bulgaria
Burkina Faso
Burundi
Cambogia
Camerun
Canada
Capo Verde
Ciad
Cile
Cina
Cipro
Clipperton Island
Colombia
Comore
Congo
Coral Sea Islands
Corea del Nord
Corea del Sud
Costa d'Avorio
Costa Rica
Croazia
Cuba
Danimarca
Dhekelia
Dominica
Ecuador
Egitto
El Salvador
Emirati arabi uniti
Eritrea
Estonia
Etiopia
Figi
Filippine
Finlandia
Francia
Gabon
Gambia
Gaza Strip
Georgia
Germania
Ghana
Giamaica
Giappone
Gibilterra
Gibuti
Giordania
Gran Bretagna
Grecia
Grenada
Groenlandia
Guam
Guatemala
Guernsey
Guinea
Guinea Bissau
Guinea Equatoriale
Guyana
Haiti
Honduras
Hong Kong
India
Indian Ocean
Indonesia
Iran
Iraq
Irlanda
Islanda
Isola Bouvet
Isola Christmas
Isola Norfolk
Isole Cayman
Isole Cocos
Isole Cook
Isole Falkland
Isole Faroe
Isole Georgia del Sud e Sandwich del Sud
Isole Heard e McDonald
Isole Marshall
Isole Pitcairn
Isole Salomone
Isole Turks e Caicos
Isole Vergini americane
Isole Vergini britanniche
Israele
Italia
Jan Mayen
Jersey
Kazakistan
Kenya
Kirghizistan
Kiribati
Kuwait
Laos
Lesotho
Lettonia
Libano
Liberia
Libia
Liechtenstein
Lituania
Lussemburgo
Macao
Macedonia
Madagascar
Malawi
Maldive
Malesia
Mali
Malta
Marianne settentrionali
Marocco
Mauritania
Mauritius
Mayotte
Messico
Micronesia
Moldavia
Monaco
Mongolia
Monserrat
Montenegro
Mozambico
Myanmar
Namibia
Nauru
Navassa Island
Nepal
Nicaragua
Niger
Nigeria
Niue
Norvegia
Nuova Caledonia
Nuova Zelanda
Oman
Pacific Ocean
Paesi Bassi
Pakistan
Palau
Panama
Papua Nuova Guinea
Paracel Islands
Paraguay
Perù
Polinesia francese
Polonia
Portogallo
Portorico
Qatar
Repubblica ceca
Repubblica Centrafricana
Repubblica dominicana
Romania
Ruanda
Russia
Sahara occidentale
Saint Christopher e Nevis
Saint Lucia
Saint Vincent e Grenadine
Saint-Pierre e Miquelon
Samoa
Samoa americane
San Marino
Sant'Elena
São Tomé e Príncipe
Seicelle
Senegal
Serbia
Sierra Leone
Singapore
Siria
Slovacchia
Slovenia
Somalia
Southern Ocean
Spagna
Spratly Islands
Sri Lanka
Stati Uniti
Sudafrica
Sudan
Suriname
Svalbard e Jan Mayen
Svezia
Svizzera
Swaziland
Tagikistan
Taiwan
Tanzania
Territori australi francesi
Territorio britannico dell'Oceano Indiano
Thailandia
Timor orientale
Togo
Tokelau
Tonga
Trinidad e Tobago
Tunisia
Turchia
Turkmenistan
Tuvalu
Ucraina
Uganda
Ungheria
Unione europea
Uruguay
Uzbekistan
Vanuatu
Vaticano
Venezuela
Vietnam
Wake Island
Wallis e Futuna
West Bank
Yemen
Zaire
Zambia
Zimbabwe
