Alberto
Gustav
Deborah
Fabrizio
Cesare
Dario
Alessandro
Giuseppe
Pius
Leonardo
Giovanni
Primo
Luigi
Giorgio
Antonio
Oscar
Francesco
Carlo
Azeglio
Enrico
Cecilia
Thiago
Paolo
Vasco
Paul
Elisa
Laura
Toni
John
Juan Carlos
Angelo
Daniele
Matteo
Diana
Margherita
Francesca
Fabio
Franco
Michele
Louis-Marie
Gaetano
Ennio
Roberto
Pier
Raffaello
Sandro
Patrick
Riccardo
Filippo
Palma
Tommaso
Sara
Annibale
Andrea
Rafael
Piero
Bernardino
Eddy
Sandra
Eugenio
Jacopo
Pietro
Federico
Vittore
Gianfranco
Luca
Antonietta
Viktor
Luis
Bartolommeo
Livio
Bartolomeo
Anna
Elena
Emma
Zita
Ilona
Frank
Vittorio
Bernardo
Pippo
Mauro
Arturo
Giulio
Veronica
Albino
Camila
Luciano
Massimo
Ugo
Romano
Diego
Jean-Paul
Sergio
Alex
Hugo
Karl
Renato
Marco
Simone
Aurelio
Gian
Andreas
Vincenzo
Silvio
Giampaolo
Asumpta
Stephan
Assunta
Alois
Umberto
Augusto
Stefano
Maurizio
Marzia
Salvatore
Flavio
Rosario
Beppe
Giovanna
Milena
Mario
Desirée
Ludovico
Giacinto
Zeno
Sophia
Tiziano
Markus
Tarcisio
Peter
Sofia
Marcello
Ingenuino
Maria
August
Gabriel
Walter
Lina
Dino
Michael
Bruno
Elio
Aldo
Guido
Damiano
Ettore
Nino
Valerio
Saturnino
Carmine
Ermanno
Liliana
Rocco
Gina
Giuliano
Danilo
Anita
Gundi
Niccolò
Orazio
Gino
Nicola
Jerry
Christian
Romeo
Felice
Giancarlo
Oreste
Savino
Gianluigi
Giampiero
Edoardo
Marino
Anton
Lorenzo
Pino
Elisabeth
Kei
Emilio
Emanuele
Alfredo
Karin
Sepp
Sabine
Lisa
Arnold
Anne
Monica
Manuela
Angela
Manfred
Herbert
Kristian
Denise
Federica
Davide
Giacomo
Massimiliano
Eduard
Friedrich
Vincent
Fiona
Carl
Ernesto
Georg
Valentina
Robert
Roberta
Patrizio
Rosa
Yves
Virna
Ivo
Johannes
Kaspar
Anastasius
Alida
Silvana
Giulietta
Reni
Lydia
Gerardo
François
Biagio
Daniel
Giovanni Battista
Charles
Dagmar
Gennaro
Amedeo
Valentino
Ombretta
Edwin
Domenico
Ubaldesco
Alexander
Michelle
David
Nini
Nico
Simon
Gianni
Carolina
Manolo
Guglielmo
Tonino
Raffaele
Gabriele
Agostino
Barbara
Lola
Calogero
İsa
Kenjirō
Edda
Elsa
Ivan
Carla
Gualtiero
Eros
Firmus
Vanessa
Alcide
Cristian
Monika
Claudio
Oriana
Renzo
Italo
Max
Louis
Tony
Omar
Clemente
Corrado
Nikola
Tazio
Gioacchino
Alfonso
Gianmaria
Ingrid
Beniamino
Giuditta
Sonia
Cristiano
Tullio
Marina
Éder
Ornella
Silvia
Uli
Lucio
Girolamo
Ruggero
Ignazio
Enrica
Xavier
Manuel
Armando
Ken
Dionigi
Arduin
Nunzio
Artur
Camillo
Franz Xaver
Siegfried
Lamberto
Jarno
Teodorico
Adrien
Lella
Teo
Lucien
Théodore
Cirillo
Consalvo
Pierluigi
Rita
Adriano
Leo
Leon
Benedikt
Eleanor
Enzo
Benedict
Daniela
Nadia
Ivano
Ercole
Gianluca
Battista
Giulia
Achille
Günther
Fernando
Edith
Izabela
Ubaldo
Pierino
Antonello
Claudia
Gildo
Pio
Gelindo
Roger
Sebastian
Hannes
Salvador
Benito
Flavia
Santi
Severin
Baldassarre
Giovan
Stéphane
Benedetto
Marisa
Reinhold
Bettino
Humberto
Annamaria
Gastone
Morgan
Fausto
Philippe
Alvaro
Mattia
Graziano
Lirio
Sabrina
Valeria
Asia
Mara
Gianna
Alberta
Mirella
Heinz
Renata
Donatella
Gigliola
Iva
Susanna
Greta
Jeanne
Sofonisba
Lavinia
Martino
Henry
María
Moana
Ondina
Alessia
Emiliano
Joel
Corey
Ângelo
Egidio
Chiara
Gilberto
Marianna
Terence
Caterina
Ciro
Demetrio
Osvaldo
Lucia
Ginevra
Josefa
Katia
Arianna
Nina
Letizia
Stefania
Tatiana
Mia
Leonora
Silva
Licia
Lino
Joanna
Fiorenza
Romina
Nicole
Gabriella
Nilla
Alessandra
Isolde
Nicoletta
Fiamma
Albano
Johanna
Angelica
Rossana
Melania
Salvio
Raffaella
Antonella
Betty
Sabina
Nathalie
Ottavia
Elisabetta
Margaret
Franca
Kim
Magda
Giorgia
Allison
Allegra
Vittoria
Michela
Karen
Corinna
Pyotr
Vladimir
Milly
Rosalinda
Loretta
Maura
Marcella
Silke
Salome
Edina
Ivana
Marika
Fedora
Simona
Edwige
Raina
Raimundo
Rodolfo
Paola
Roland
Sebastiano
Serena
Patrizia
Marcellino
Ferdinando
Bianca
Teresa
Cristina
Yvonne
Cristiana
Alice
Sybil
Giuliana
Rosella
Agnese
Natalia
Pina
Rosanna
Lucilla
Lea
Vito
Rosaria
Costanza
Paula
Madeleine
Klaus
Alessio
Tania
João
Gemma
Vicky
Riziero
Aitana
Wendy
Arrigo
Palmiro
Virgilio
Nieves
Aaron
Rina
Cosimo
Lalla
Ottavio
Mariano
Piermario
Abdur Rahman
Abele
Potito
Donato
Marcus
Rolando
Joseph
Kurt
Geminiano
Ferruccio
Arthur
Berto
Felix
Danny
Virginia
Ambrogio
Anselmo
Rino
Urbano
Goffredo
Saúl
Cristoforo
Getulio
Silvano
Crescenzo
George
Renatus
Elia
Mike
Duilio
Igor
Ezio
Béla
Christof
Otello
Said
Achilles
Norberto
Eduardo
Giambattista
Pierre
Julius
Loris
Armin
Adalberto
Ada
Attilio
Axel
Pasquale
Lukas
Lois
Andy
Eligio
Mark
Gianpiero
Gianmarco
Rinaldo
Adele
Adelchi
Nereo
Gerry
Tito
Adolf
Eugenia
Miguel
Raphael
Adler
Salvator
Stelvio
Paris
Adolfo
Fulvio
Aleandro
Gigi
Alfred
Ricky
Alexandre
Francesco Saverio
Fabiano
Adone
Adriana
Irene
Marcjusz
Edmondo
Libero
Carlton
Moreno
Christa
Fiorenzo
Lou
Marta
Boris
Gustavo
Arnaldo
Samantha
Raoul
Martina
Oliviero
Clara
Nicolas
Afra
Eusebio
Agostina
Irma
Carmelo
Duccio
Dante
Paulo
Lodovico
Edgardo
Luisa
Amelia
Larissa
Giuseppina
Ilario
Alexandra
Loredana
Mimmo
Isabella
Noemi
Mariuccia
Barbora
Mercedes
Eva
Ambra
Catherine
Luciana
Helmuth
Ulisse
José
Nicolás
Olimpia
Alba
Victoria
Charlotte
Carmen
Lara
Natalie
Taddeo
Fabiana
Frankie
Camilla
Maffeo
Erminia
Melissa
Filippa
Wanda
Lauretta
Florian
Marie-Louise
Erika
Lia
Simonetta
Jean
Amerigo
Aimo
Candido
Gloria
Bruna
Bobby
Katja
Pippa
Servilio
Medea
Amanda
Edera
Lucas
Dorina
Evelyn
Novella
Valerie
Amalia
Emanuela
Saverio
Rocky
Clarissa
Jasmine
Ida
Amadeo
Ilaria
Bibiana
Dominique
Celina
Nilde
Sophie
Manuele
Livia
Nives
Ileana
Rosetta
Gerda
Alvise
Rosalba
Violante
Imelda
Vera
Ebe
Graziella
Samuele
Erica
Vincenza
Paulinus
Dorothea
Alberigo
Luce
Jusztina
Morena
Laurence
Marilù
Jochen
Nikoleta
Serge
Ira
Ray
Michaela
Andrew
Victor
Patty
Kamilla
Pierangelo
Scilla
Gerardina
Americo
Debora
Dalila
Romaine
Lilli
Gianfrancesco
Dorian
Cinzia
Lorella
Leandro
Ana
Denis
Amleto
Leopoldo
Pericle
Anacleto
Ranuccio
Amina
Learco
Virginio
Etta
Anastasio
Stefan
Serse
Dominik
Eberardo
Fortunato
Carlotta
Andreina
Andrej
Tosca
Julia
Benedetta
Eder
Mirko
Brian
Milo
Tino
Odo
Giusto
Pompeo
Nevio
Ottorino
Alexia
Lukrécia
Annabella
Brenda
Lorenza
Gisella
Wilma
Christoph
Ezequiel
Linda
Leonarda
Margie
Mariangela
Armida
André
Folco
Liana
Tiziana
Rik
Maria Fernanda
Rosemarie
Delia
Melanie
Olga
Beatrice
Antonino
Susy
Viola
Elvis
Giordano
Carol
Remo
Plinio
Verena
Saskia
Octavio
Tiberio
Margot
Viviana
Gaëlle
Angel
Athina
Dany
Monia
Emidio
Rosina
Vinícius
Mariella
Antonia
Lidia
Nicholas
Michelangelo
Brigitte
Angelina
Angelino
Don
Ulrico
Thomas
Alfonsina
Anja
Al
Doro
Fiore
Annalena
Pascal
Johnny
Alceste
Guillermo
Erminio
Alighiero
Ermete
Manswet
Predrag
Mauricio
Ardito
Schlomo
Marian
Ansano
Alfio
Werner
Anthony
Fausta
Danijel
Gavino
Tomaso
Marinella
Nikolaos
Gaspare
Romolo
Christopher
Sven
Clyde
Antoine
Lasse
Santino
Maurice
Hansjörg
Cesarina
Halina
Tomas
Araldo
Joachim
Bino
Antonius
Teresita
Eleonora
Mirco
Aloisio
Quinto
Letícia
Nando
Fiorella
Doris
Yuri
Felicita
Konstantin
Jessica
Manlio
Flaminio
Raul
Iacopo
Andreea
Lionello
Rossella
Leda
Ermenegildo
Miriam
Onofrio
Bonaventura
Ariel
Mikołaj
Medard
Alfons
Wolfgang
Gottfried
Giuseppa
Aristide
Cino
Nada
Joe
Curzio
William
Immacolata
Harald
Salvo
Tina
Opilio
Daria
Nello
Jean-Jacques
Leoluca
Ernst
Costanzo
Santo
Giosuè
Titta
Rachele
Wenancjusz
Ines
Sol
Lido
Aureliano
Monty
Tamás
Édouard
Richard
Norbert
Karim
Lena
Jury
Benvenuto
Spartaco
Annie
Ryan
Antonina
Javier
Salomone
Karméla
Wilhelm
Ippolito
Clementina
Gaudenzio
Imerio
Bogdan
Paride
Nicolò
Consuelo
Astrid
Lorraine
Gerolamo
Jennifer
Pierpaolo
Bibian
Vít
Valentine
Charlie
Velleda
Prospero
Cuno
Aurel
Aurél
Iginio
Benigno
Dimitri
Donatus
Sabin
Galvano
Beda
Basilio
Baccio
Balthazar
Bahman
Bernhard
Bettina
Bertrando
Vladislav
Benno
Beppo
Pellegrino
Amos
Billy
Archimede
Vinicio
Freddy
Gesualdo
Lanfranco
Alfiero
Brando
Cipriano
Nazzareno
Generoso
Egisto
Celso
Ramona
Hans
Renate
Alpha
Ronnie
Oswald
Vittorino
Dennis
Sacha
Alan
Eugène
Valter
Pia
Gonzalo
Aleksej
Fritz
Glauco
Viktoria
Ginetta
Gerhard
Celestino
Carina
Fred
René
Guilherme
Bernard
Josto
Sonny
Nicolao
Erwin
Esteban
Parsifal
Orlando
Ludwig
Herman
Konrad
Gianmario
Oberto
Eridano
Rajmund
Menotti
Sossio
Ascanio
Isidoro
Tano
Michel
Fabiola
Matthias
Gil
Rosalia
Ruben
Brunella
Jonathan
Silvestro
Fioravante
Rutyliusz
Giacobbe
Henri
Carter
Orso
Giustino
Turi
Natale
Elvio
Nancy
Lando
Carlos
Lilla
Concetta
Galeazzo
Jenny
Celeste
Cataldo
Catia
Randolfo
Micaela
Lapo
Guelfo
Nedo
Christine
Christiane
Donata
Claus
German
Rebecca
Isaac
Audrey
Germano
Lauro
Marcelo
Antym
Ilenia
Cristofano
Remigio
Sesto
Natalina
Yari
Odoardo
Derek
Tamara
Maino
Giada
Cornelio
Saba
Sabato
Adorno
Terenzio
Leonida
Stanislav
Dana
Dan
Evan
Damir
Craig
Costantino
Cosmo
Kathrin
Gioia
Natasha
Gianpietro
Lazzaro
D.
Enea
Lajos
Matías
Arkád
Durante
Davis
Joyce
Decio
Dieter
Ricardo
Catiuscia
Dave
Febo
Desiree
Dina
Dionisio
Alexei
Helga
Donatello
Elvira
Nik
Douglas
Martin
Grace
Erhard
Dragan
Franz
András
Stephen
Stelio
Hanspeter
Eddie
Edi
Valentin
Susanne
János
Willie
Efrem
Marcelino
Katherine
Josef
Egon
Alarico
Gregorio
Elda
Orfeusz
Evaristo
Elias
Eleuterio
Elide
Elmar
Eliseo
Gionata
Morris
Miko
Mikhail
Pasqualino
Giangiacomo
Erich
Erna
Kevin
Ermes
Vico
Tancredi
Julián
Waltraud
Esther
Pete
Rene
Ester
Maria Luisa
Jason
Johann
Wilfried
Eugene
Léon
Manrico
Wladimir
Marcel
Gerd
Evelin
Rudolf
Saad
Astolfo
Ferdinand
Sauro
Fredrik
Egiziano
Gaia
Gaja
Philipp
Petra
Serafino
Alberico
Francisco
Oberdan
Fosco
Ademar
Lodovica
Jonatan
Frida
Onorato
Leone
Travis
Ewazjusz
Varo
Frédéric
Gaétan
Ramon
Rosmarie
Rudy
Otto
Gabor
Onorio
Heinrich
Margret
Sascha
Leonard
Germana
Gervasio
Gerti
Giotto
Giovita
Marion
Giusi
Glenda
Gotthard
Pilade
Sisto
Gottlieb
Vladimiro
Grazia
Warin
Gunther
Heidi
Jorge
Hagen
Reinhard
Jacques
Hellmut
Helmut
Moris
Emmanuel
Letterio
Hermann
Innocenzo
Odoacre
Espedito
Catello
Brigida
Erik
Hubert
Severino
Joseph-Marie
Juan
Baldo
Jožko
Ildefonso
Ignaz
Ilda
Sem
Ondřej
Ingemar
Nadir
Tobia
Janko
Ulrike
Albert
Jack
Jeff
Siegmar
Tobias
Orsola
Jules
Julio
Ludovica
Pedro
Jörg
Raffael
Karoline
Kassian
Margarethe
Melchiorre
Gianvito
Oronzo
Paulino
Mimi
Placido
Veronika
Oskar
Leopold
Rudi
Cherubino
Severo
Zaccaria
Luiz
Pamela
Elpidio
Xabier
Magdalena
Martha
Marianne
Matthew
Matilde
Maxim
Meinhard
Moses
Nahum
Milla
Modesta
Vicente
Mário
Nerio
Vania
Nerina
Nicolai
Nick
Staffan
Marc
Ninni
Nuccia
Justin
Olaf
Arcangelo
Pacifico
Ovidio
Peppe
Piersanti
Sole
Álvaro
Pavel
Wladimiro
Quirino
Adelia
Rolf
Gelsomina
Maddalena
Gene
Sante
Maya
Eloy
Sarah
Scevola
Selma
Romualdo
Samuel
Zahra
Silla
Sigmar
Siro
Shaun
Ylenia
Sonja
Bice
Sorin
Karel
Stefanie
Emanuel
Abelardo
Ángel
Roman
Stephanie
Fabrice
Gábor
Raffaela
Diane
Josh
Louise
Theodor
Tiffany
Teodoro
Stevan
Brenno
Theo
Tim
Mateo
Maurits
Tonio
Benedikta
Petar
Ulrich
Ulli
Jérôme
Alejandro
Michiel
Fumiaki
Vigilio
Vitale
Clarice
Ellis
Giano
Alassane
Harry
Willy
Alceo
Antoinetta
Venere
Jayson
Dorotea
Jolanda
Simeon
Alban
Gleb
Francis
Antony
Beni
Manfredo
P.
Aligi
Matej
Jimmy
Goran
Adelaide
Adolphe
Lucie
Aleksandra
Anna-Maria
Annalisa
Antoni
Ariella
Piera
Aida
Athos
Pantaleon
Miranda
Julieta
Morando
Bono
Matilda
Desmond
Jože
Oleg
Karol
Caroline
Céleste
Chiaffredo
Christophe
Dietmar
Clelia
Conrad
Laurent
Micol
Darija
Diletta
Dominic
Dora
Oddo
Elli
Emily
Emmanuelle
Eric
Ernest
Esmeralda
Fery
Filomena
Floriana
Clement
Galileo
Ross
Gilda
Gratus
Gregor
Hervé
Iker
Indre
Isacco
Jamel
Jane
Jan
Jean-Baptiste
James
Jiří
Pasqual
Larry
Leonello
Lello
Nils
Lisandro
Loreto
Jean-Louis
Luana
Lucrezia
Luna
Holly
Manoa
Maikel
Perla
Marko
Matt
Maximilian
Maximiliano
Sébastien
Emilía
Nella
Neri
Nora
Olivia
Patricia
Paco
Pace
Paganino
Pierre-Alain
Regina
Morgana
Aleksandr
Julie
Rico
Rubens
Otmar
Garibaldi
Santa
Scipione
Selene
Sirio
Spiro
Tahar
Vanna
Vermondo
Yvan
Saro
Aldina
Agilulfo
Agata
Agnello
Aidan
Agim
Agesilao
Ado
Adelina
Adam
Adelino
Adalgisa
Alexis
Alfeusz
Aldobrando
Aleardo
Éric
Aba
Abraham
Abramo
Accursio
Abbondanzio
Alina
Alma
Aimé
Ambrosio
Amarilli
Alano
Albertina
Aina
Aladino
Anastasia
Anderson
Neris
Amir
Aminta
Andrés
Andrée
Alvin
Ali
Alvar
Angelika
Ann
Anikó
Antigono
Barry
Barnaba
Arpad
Aron
Aramis
Ares
Ariadna
Bartolo
Augusta
Astra
Astro
Armanda
Ario
Bernolfo
Bixio
Blas
Elizabeth
Benedek
Klaudiusz
Bob
Bonagiunta
Bonifacio
Bruce
Aurora
Bambi
Ausilio
Bachisio
Baldassare
Avelino
Aventino
Balbino
Aymo
Azzurra
Brooke
Brigitta
Brett
Branko
Aurelia
Aura
Aulo
Caio
Cafiero
Callisto
Bijan
Bryan
Bruto
Bella
Beato
Basso
Belen
Bassano
Ben
Beata
Belisario
Casimiro
Benjamin
Bernadette
Bent
Berard
Benita
Bennie
Carola
Carole
Carolus
Cece
Kasjusz
Catena
Catarina
Caesar
Charley
Cesira
Cesidio
Clayton
Cleo
Clem
Ciriaco
Cirano
Christina
Maria Cristina
Chico
Chris
Candida
Kamil
Canio
Corso
Cosima
Cosma
Cosetta
Damián
Damian
Connie
Clotilde
Clizia
Clio
Colette
Conchita
Corinne
Cornelia
Coriolano
Cloe
Dane
Dania
Danielle
Croce
Csaba
Dália
Dajana
Daisy q;z ciceyi
Dijana
Diomira
Dolores
Domitilla
Donald
Desdemona
Deodato
Desiderio
Didi
Adrian
Dušan
Dubravka
Drago
Edgar
Edo
Eden
Edilio
Edward
Edy
Efisio
Emmerich
Empedocle
Darwin
Darko
Élodie
Elvezio
Montserrat Monje Tamayo
Dea
Emerson
Emilia
Emiliana
Emil
Emerico
Enrique
Eno
Enoch
Enotrio
Erick
Ermacora
Eraldo
Epaminonda
Erasmo
Epifanio
Erberto
Ethel
Esperia
Ernestina
Ermelinda
Ernesta
Ermolao
Ervin
Hersylia
Euridice
Euprepio
Eurialo
Darina
Evi
Ezechiele
Evans
Evangelista
Evert
Vanni
Evandro
Evelina
Fabricio
Fabian
Fabia
Osman
Falco
Edouard
Egle
Ferrante
Felicia
Feliciano
Cornelis
Ferenc
Eli
Eliano
Eliana
Filibert
Fidel
Filadelfo
Fioretta
Florentyn
Faustina
Fatma
Faustino
Fatima
Flora
Flo
Flávia
Frederic
Frediano
Fedele
Fanny
Fantino
Farida
Jana
Gianmatteo
Geronimo
Geremia
Gertrud
Geri
Ghigo
Ghino
Gheorghe
Germán
Gerlando
Gelasio
Gelson
Aegidius
Georgia
Gallo
Galatea
Gary
Gaius
Gandolfo
Giampietro
Gilbert
Gilberta
Giaime
Gianantonio
Giocondo
Gioachino
Giobbe
Fulgenzio
Gisela
Giovanni Antonio
Gaddo
Gabriela
Franko
Iosif
Gualberto
Grégory
Gonario
Gottardo
Gordiano
Guia
Guglielmina
Guendalina
Guy
Hedy
Helene
Helle
Hamza
Hasan
Icilio
Ignacio
Isabelle
Isotta
Isaia
Iris
Ioan
Irnerio
Isabel
Irina
Iorio
Ippazio
Ireneus
Ivanhoe
Jacqueline
Jacobus
Ivy
Jacky
Iván
Jader
J.
Jay
Janet
Jean-Pierre
Janina
Jami
Jari
Jarmila
Hortense
Horst
Hilary
Horacio
Hrand
Jonas
Jone
Italia
Ketty
Kay
Katharina
Joey
Jim
Jenifer
Jeffrey
Jo
Joanne
Inna
Ingo
Ilia
Illuminato
Noel
Leila
Leana
Leano
Loriana
Leslie
Léonce
Leto
Leyla
Lili
Lida
Liberat
Lillo
Lily
Lieselotte
Liborio
Lisi
Lisimaco
Lucy
Lolita
Loren
Lorena
Lucifero
Mabel
Luigia
Maresa
Margareta
Joshua
Joy
Jun
Karima
Juri
Jurij
Judit
Jusuf
Justo
Josiane
Marit
Malcolm
Magno
Malika
Maggiorino
Marguerite
Margit
Layla
Kiki
Kiara
Khaled
Marius
Marte
Mary
María Teresa
Masha
Marjorie
Marla
Mathias
Mathilde
Marilena
Marija
Mila
Mikaela
Maud
Mattias
Mariana
Miran
Milone
Mimosa
Mina
Mimma
Euthymius
Milos
Miloš
Miriana
Milziade
Lattanzio
Laia
L.
Osiride
Nicolino
Niki
Olivier
Onesto
Onorina
Papa
Pasqua
Pablo
Oxana
Odette
Numa
Néstor
Noémi
Philip
Nardo
Mustafa
Nane
Myriam
Nat
Napoleone
Márcio
Narciso
Myrta
Norma
Norman
Norina
Pat
Patricio
Pagano
Pandolfo
Neda
Nelson
Nela
Nazario
Nelly
Nedda
Nataliya
Mel
Methodius
Bartholomew
Penelope
Pepi
Neron
Nicky
Pavle
Monte
Mirna
Miro
Modesto
Monique
Mitzi
Mohamed
Pierantonio
Jesse
Petru
Phil
Raf
Ralph
Rainer
Ramiro
Pompilio
Pirro
Pietra
Red
Reginaldo
Tarek
Renée
Ria
Riccarda
Robby
Roan
Rodrigo
Romana
Riki
Sammy
Samanta
Salve
Samuela
Ronny
Romy
Sandy
Santos
Rossa
Rose
Rosita
Rosellina
Rosi
Sahara
Salah
Sallustio
Rufin
Rustam
Rufo
Sergius
Robustiano
Robi
Roby
Sean
Sebastián
Secundus
Satiro
Siria
Prisco
Quintino
Prokul
Quintilio
Provino
Quirico
Rachid
Publio
Sennen
Selvaggia
Sylweriusz
Sharon
Set
Sigfrido
Silia
Stella
Villi
Villy
Viktorija
Virginie
Syria
Steven
Steve
Steno
Sveva
Solange
Sonya
Soraya
Stanislao
Teddy
Tamar
Theodosius
Tekla
Temistocle
Tessa
Tea
Telmo
Terry
Teofilo
Tammaro
Telemaco
Tanya
Tanja
Teofil
Teseo
Tercjusz
Telesforo
Tom
Tommy
Vittoriano
Vanda
Vanesa
Uliano
Torquato
Trevor
Tore
Tristano
Tuccio
Tranquillo
Totò
Vezio
Vic
Una
Uros
Ursula
Valdo
Vivi
Vivien
Vivian
Vivenzio
Volturno
Zora
Wilson
Xenia
Zack
Zoe
Yumiko
Óscar
Yvon
Zino
Winni
Yasemin
Zahira
Werther
Warner
Willi
Wellington
Willa
Thea
Tiborc
Timo
Clementine
Tita
Timothy
Tilde
Bellarmino
Domingo
Ajaks
Helena
Yelena
Abel
Alain
Aliprando
Amato
Ansaldo
Apollo
Arnoldo
Bart
Beatrix
B.
Bernd
Brandon
Camille
Calcedonio
Charlène
Dani
Dano
Denny
Dido
Raymond
Dilan
Dustin
E.
Edelweiss
F.
Frederick
Fredi
Georges
Juwenalis
Gisleno
Gretel
H.
Hanna
Alonso
Camilo
Hernán
Herta
Hildebrand
Albrecht
Karla
Luiza
Irmgard
Tomás
Joan
Julian
Jürgen
Karina
Kadir
Kasey
Lawrence
Lee
Lila
Liz
Lotte
Margarita
Manno
Marieta
Marwin
Matias
Mehdi
Metello
Mordecai
Mostafa
Ultimo
Nestor
Nemo
Nicolaus
Nike
Niko
Mafalda
Kenny
Brad
Hedi
Tiago
Nour
Othmar
Phillip
Marie
Raimund
Raimondo
Ridolfo
Roswitha
S.
Seth
Shadi
Sigismondo
Susan
Tariq
Todd
Tomasso
Vince
Vincenta
Walther
Wendel
Argentina
Cécile
Kashetu
Khalid
Enrichetta
César
Ronaldo
Carel
Mihai
Alojz
Alojzij
Ema
Dragomir
Franka
Livij
Marijan
Angeliki
Fortuna
Antero
Mitchell
Marietta
Roy
Sheila
Nadine
Mauritius
Diomede
Angelico
Arno
Jon
Alison
Pilar
Frieda
Saturno
Angie
Ewald
Benny
Janez
Heiner
Kingsley
Serenella
Liam
Rut
Gerard
Gabi
Ahmad
Vilma
Murilo
Agnes
Vega
Allan
Venerio
Antônio
Hassane
Mayk
Gero
Furio
G.
Tami
Mathurin
Jonny
Venera
Clodoveo
Minnie
Gioele
Jamal
Sigrid
Marja
Cassiano
Gianlorenzo
Marga
Olao
Silvan
Vivaldo
Sam
Graziadio
Miki
Aris
Arsenio
Abner
Daniella
Chelsea
Clorinda
Deniz
Eberhard
Denilson
Decimo
Emi
Fernand
Alia
Andrei
Hector
Genevieve
Evangelina
Idelma
Ina
Pasquarosa
Memmo
Lori
Lora
Matthäus
Marilda
Lilly
Lilian
Ori
Primarosa
Rosalda
Sami
Valdemaro
Sydney
Iuri
Velia
Annette
Armand
Lucian
Jaka
Júlio
Lorenz
Elly
Patric
Marvin
Michaël
Andres
Marilyn
Abbas
Dag
Dylan
Egeo
Emilie
Naila
Piergiorgio
Sylvie
Annina
Osvald
Priscilla
Felipe
Jakub
Ambrož
Soufiane
Amy
Diamante
Veronique
Kristiano
Vivante
Bonaventure
Fabrício
Tarquinio
Rosana
Zina
Thierry
Chantal
Amar
Luba
Jutta
Franziska
Ambroise
Celio
Horatio
Lepido
Maïmouna
Gregory
Fábio
Birgit
Ofelia
Géza
Ermal
Clay
Umbro
Iskra
Ladislao
Yasmina
Cencio
Fidenzio
Yoram
Burkhard
Eneasz
Sasha
Iolanda
Cathy
Neva
Jean-Claude
Lion
Edin
Yassine
Yohanes
Nikita
Petronilla
Floriano
Gunnar
Noura
Mustapha
Ottaviano
Björn
Nicolo
Higinio
Arlo
Kenneth
Angiolo
Nica
Jackie
Héctor
Wolfram
Francine
Ange
Osama
Alin
Antioco
Guerrino
Giammarco
Adelio
Claud
Devid
Oria
Liberiusz
Alpinolo
Artemio
Lamont
Joao
Maria Teresa
Raniero
Anna Maria
Raphaël
Shirley
Carmela
Filoteusz
Settimo
Lelio
Vitalianus
Maxime
Ulderico
Valmore
Onesimo
Živa
Ruth
Yassin
Leandra
