Mafia
Mafia macedone
Mongols Motorcycle Club
Yakuza
14K
Los Zetas
Triade
'Ndrangheta
Banda della Magliana
Famiglia di Filadelfia
camorra
Hells Angels
Mafia serba
Yamaguchi-gumi
Bandidos MC
Sacra corona unita
James–Younger Gang
Cartello di Cali
Cartello di Medellín
Pizza connection
Cartello del Golfo
Cartello di Juárez
Cartello di Sinaloa
Cartello di Tijuana
Primeiro Comando da Capital
Colombo
Cartello di Norte del Valle
Solncevskaja bratva
Mob Spangled
Banda di Tambov
Arif
Morabito
Sindacato del crimine di Clerkenwell
Izmajlovskaja gruppirovka
Potere armeno
Hunt-Gant Gang
Cartello di Jalisco Nuova Generazione
Caballeros Templarios
Ripper Crew
Oficina de Envigado
Boryokudan
Yacuza
Mafia cinese
Triade cinese
Cartel de Cali
Cartel de Calì
Cartello di Calì
Cartello di Medellin
Medellìn Cartel
Cartel de Juarez
Cartello di Juarez
Cartello del Pacifico
Organizzazione Guzmán-Loera
Organizzazione Arellano Felix
'ndrangheta
'Ndranghetista
‘ndrangheta
Andrangheta
Famiglia Montalbano
Ndrangheta
Picciotteria
Rapporti tra 'Ndrangheta e massoneria
Hell angel
Hell's Angels
PCC
Famiglia Colombo
Cartello del Norte del Valle
Solntsevskaya bratva
Clerkenwell crime syndicate
MAFIA
MAFIA MACEDONE
MONGOLS MOTORCYCLE CLUB
YAKUZA
LOS ZETAS
TRIADE
'NDRANGHETA
BANDA DELLA MAGLIANA
FAMIGLIA DI FILADELFIA
CAMORRA
HELLS ANGELS
MAFIA SERBA
YAMAGUCHI-GUMI
BANDIDOS MC
SACRA CORONA UNITA
JAMES–YOUNGER GANG
CARTELLO DI CALI
CARTELLO DI MEDELLÍN
PIZZA CONNECTION
CARTELLO DEL GOLFO
CARTELLO DI JUÁREZ
CARTELLO DI SINALOA
CARTELLO DI TIJUANA
PRIMEIRO COMANDO DA CAPITAL
COLOMBO
CARTELLO DI NORTE DEL VALLE
SOLNCEVSKAJA BRATVA
MOB SPANGLED
BANDA DI TAMBOV
ARIF
MORABITO
SINDACATO DEL CRIMINE DI CLERKENWELL
IZMAJLOVSKAJA GRUPPIROVKA
POTERE ARMENO
HUNT-GANT GANG
CARTELLO DI JALISCO NUOVA GENERAZIONE
CABALLEROS TEMPLARIOS
RIPPER CREW
OFICINA DE ENVIGADO
BORYOKUDAN
YACUZA
MAFIA CINESE
TRIADE CINESE
CARTEL DE CALI
CARTEL DE CALÌ
CARTELLO DI CALÌ
CARTELLO DI MEDELLIN
MEDELLÌN CARTEL
CARTEL DE JUAREZ
CARTELLO DI JUAREZ
CARTELLO DEL PACIFICO
ORGANIZZAZIONE GUZMÁN-LOERA
ORGANIZZAZIONE ARELLANO FELIX
'NDRANGHETISTA
‘NDRANGHETA
ANDRANGHETA
FAMIGLIA MONTALBANO
NDRANGHETA
PICCIOTTERIA
RAPPORTI TRA 'NDRANGHETA E MASSONERIA
HELL ANGEL
HELL'S ANGELS
FAMIGLIA COLOMBO
CARTELLO DEL NORTE DEL VALLE
SOLNTSEVSKAYA BRATVA
CLERKENWELL CRIME SYNDICATE
mafia
mafia macedone
mongols motorcycle club
yakuza
14k
los zetas
triade
banda della magliana
famiglia di filadelfia
hells angels
mafia serba
yamaguchi-gumi
bandidos mc
sacra corona unita
james–younger gang
cartello di cali
cartello di medellín
pizza connection
cartello del golfo
cartello di juárez
cartello di sinaloa
cartello di tijuana
primeiro comando da capital
colombo
cartello di norte del valle
solncevskaja bratva
mob spangled
banda di tambov
arif
morabito
sindacato del crimine di clerkenwell
izmajlovskaja gruppirovka
potere armeno
hunt-gant gang
cartello di jalisco nuova generazione
caballeros templarios
ripper crew
oficina de envigado
boryokudan
yacuza
mafia cinese
triade cinese
cartel de cali
cartel de calì
cartello di calì
cartello di medellin
medellìn cartel
cartel de juarez
cartello di juarez
cartello del pacifico
organizzazione guzmán-loera
organizzazione arellano felix
'ndranghetista
andrangheta
famiglia montalbano
ndrangheta
picciotteria
rapporti tra 'ndrangheta e massoneria
hell angel
hell's angels
pcc
famiglia colombo
cartello del norte del valle
solntsevskaya bratva
clerkenwell crime syndicate
Mafia Macedone
Famiglia Di Filadelfia
Camorra
Mafia Serba
Yamaguchi-Gumi
Bandidos Mc
Sacra Corona Unita
Cartello Di Cali
Cartello Di Medellín
Pizza Connection
Cartello Del Golfo
Cartello Di Juárez
Cartello Di Sinaloa
Cartello Di Tijuana
Primeiro Comando Da Capital
Cartello Di Norte Del Valle
Solncevskaja Bratva
Banda Di Tambov
Sindacato Del Crimine Di Clerkenwell
Izmajlovskaja Gruppirovka
Potere Armeno
Cartello Di Jalisco Nuova Generazione
Oficina De Envigado
Mafia Cinese
Triade Cinese
Cartel De Cali
Cartel De Calì
Cartello Di Calì
Cartello Di Medellin
Cartel De Juarez
Cartello Di Juarez
Cartello Del Pacifico
‘Ndrangheta
Banda Della Magliana
Rapporti Tra 'Ndrangheta E Massoneria
Hell Angel
Pcc
Cartello Del Norte Del Valle
Solntsevskaya Bratva
Clerkenwell Crime Syndicate
Mongols motorcycle club
Los zetas
Famiglia di filadelfia
Hells angels
Bandidos mc
James–younger gang
Cartello di cali
Cartello di medellín
Cartello del golfo
Cartello di juárez
Cartello di sinaloa
Cartello di tijuana
Primeiro comando da capital
Cartello di norte del valle
Mob spangled
Banda di tambov
Sindacato del crimine di clerkenwell
Hunt-gant gang
Cartello di jalisco nuova generazione
Caballeros templarios
Ripper crew
Oficina de envigado
Cartel de cali
Cartel de calì
Cartello di calì
Cartello di medellin
Medellìn cartel
Cartel de juarez
Cartello di juarez
Cartello del pacifico
Organizzazione guzmán-loera
Organizzazione arellano felix
Famiglia montalbano
Rapporti tra 'ndrangheta e massoneria
Hell's angels
Famiglia colombo
Cartello del norte del valle
