Fédération Autonomiste
Alleanza per l'Italia
Sinistra Ecologia Libertà
Forza Italia
Il Popolo della Libertà
Partito Democratico
Lega Nord
Italia dei Valori
Futuro e Libertà per l'Italia
Movimento 5 Stelle
Partito Popolare Italiano
Democratici Cristiani Uniti
Partito della Rifondazione Comunista
Federazione dei Liberali
Democrazia Cristiana
Südtiroler Heimatbund
Alleanza Nazionale
Partito Socialista Democratico Italiano
La Destra
Partito d'Azione
Partito Repubblicano Italiano
Movimento Sociale Italiano - Destra Nazionale
Democrazia è Libertà – La Margherita
Democratici Popolari
Fortza Paris
I Democratici
Movimento per le Autonomie
Popolari di Italia Domani
Conservatori e Social Riformatori
Autonomisti Democratici Progressisti
Pensionati Uniti
Union Valdôtaine
Sinistra Democratica
Partito Liberale Italiano
Movimento Repubblicani Europei
Renouveau Valdôtain
Repubblicani Democratici
Lista Consumatori
Liga Veneta
Serenissimi
Partito Nazionale Monarchico
Unione Democratica
Lega per l'Autonomia - Alleanza Lombarda
Vallée d'Aoste Vive
Progetto NordEst
Lega Padana
Io Sud
Indipendèntzia Repùbrica de Sardigna
Verso Nord
Alleanza Siciliana
Cittadini FVG - Libertà Civica
Concentrazione Democratica Repubblicana
Fondazione Liberaldemocratica
Fronte Nazionale
Popolari Uniti
Per la Valle d'Aosta
Rassemblement Valdôtain
Partito Comunista d'Italia
Partito Sardo d'Azione
Movimento Friuli
Moderati
Partito dei Comunisti Italiani
Radicali Italiani
Stella Alpina
Popolari UDEUR
Lega Nord Valle d'Aosta
Alleanza Democratica
Noi Sud - Libertà e Autonomia
Fratelli d'Italia
Democratici Autonomisti
Popolari Democratici
Movimento Associativo Italiani all'Estero
Unione Autonomista
Unione Popolare Cristiana
Lega Democratica Comunitaria
Convergenza per il Friuli
Domà Nunch
Destra Federale
Fronte Friulano
Fronte Marco Polo
Veneto Futuro
Fronte Giuliano
Partito Radicale
Sardigna Natzione
Slovenska Skupnost
Union Piemontèisa
Lega Alpina Lumbarda
Scelta Civica
Alleanza Popolare Autonomista
Autonomisti
Autonomisti Indipendenti
Riformatori Liberali
Lega Lombarda
Progetto Sardegna
Liga Veneta Repubblica
Riformatori Sardi
Liberal Democratici
Süd-Tiroler Freiheit
Unione Democratica Sarda
Azione Popolare
Forza del Sud
Autonomie Liberté Participation Écologie
Unione per il Trentino
Movimento Indipendentista Siciliano
Fronte Indipendentista Lombardia
Xoventù Independentista
Destra Liberale Italiana
Union Valdôtaine Progressiste
Lega per le Marche
Lega per la Toscana
Lega Lombardo Veneta
Lega Nord Friuli-Venezia Giulia
Lega Nord Marche
Lega Nord Romagna
Lega Nord Sardegna
Lega Nord Trieste
Lega Nord Umbria
Lega Nuova
Unione Padana Alpina
La Puglia Prima di Tutto
a Manca pro s'Indipendentzia
Lega Autonomia Veneta
Lega d'Azione Meridionale
Liberalsocialisti
Lista per Trieste
Movimento Comunità
Movimento Unionista Italiano
Nuova Sicilia
Partito Comunista d'Italia (marxista-leninista)
Partito Democratico Costituzionale
Partito Democratico Meridionale
Partito Democratico del Lavoro
Partito Liberale Democratico
Partito Radicale Italiano
Rinascita della Democrazia Cristiana
Movimento Indipendentista Ligure
Unione Ossolana per l'Autonomia
Unione Siciliana Cristiano Sociale
Movimento Veneto Regione Autonoma
Movimento per l'Indipendenza della Sicilia
Lega Nord Piemont
Alleanza per il Veneto
Progett'Azione
Progetu Repùblica de Sardigna
Movimento Federativo Radicale
Rosso Mori
Sardegna Domani
Popolari Autonomisti Sardi
Partidu Indipendentista Sardu
Partito Sardo d'Azione Socialista
Liga Federativa Veneta
Liga Nathion Veneta
Liga Veneta Serenissima
Liga Veneto Autonomo
Leone di San Marco
Indipendenza Veneta
Lista Mancini
Moderati e Popolari
Movimento per l'Autonomia Regionale Piemontese
Movimento per l'Autonomia della Romagna
Patto per la Sicilia
Unione Padana
Partito per il Veneto Indipendente
Partito dei Siciliani
Il Megafono - Lista Crocetta
Federazione dei Verdi
Partito Pirata
Fare per Fermare il Declino
Nuovo Centrodestra - Unione di Centro
Green Italia
Movimento Unione Italiano (MUI)
Unione di Centro
Partito Socialista dei Siciliani
Popolari per l'Italia
L'Altra Europa con Tsipras
Io amo l'Italia
Lega Nord Friuli
pro Lombardia Indipendenza
Centristi per l'Europa
Realtà Italia
Liga dei Veneti
Prima il Veneto
Libertà e Diritti
Liberali
Partito Comunista Italiano
Movimento dei Comunisti Unitari
Conservatori e Riformisti
Possibile
Fare!
Sinistra Italiana
La Rete 2018
Futuro a Sinistra
Identità e Azione
Popolo della Famiglia
Partito del Popolo Sardo
CasaPound Italia
ApI
PdL
PD
Carroccio
Lega
Lega Nord Padania
Lega Nord per l'Indipendenza della Padania
LN
LNP
IdV
Italia dei Valori - Lista Di Pietro
FLI
Futuro e Libertà
M5S
MoVimento 5 Stelle
Movimento Cinque Stelle
UV
MRE
"Alleanza Nazionale, ""AN"""
"""PSDI"""
SEL
Heimatbund
Wahlverband des Heimatbundes
PRI
LC
Lega Nord Veneto
LV
DCU
PRC
Rifondazione Comunista
FdL
DC
Democrazia Cristiana - Libertas
Fronte Sociale Nazionale
Partito Comunista d’Italia
PCd'I
PCDI
Storia del Partito Comunista d'Italia
DP
FP
L'Asinello
Movimento per l'Autonomia
MpA
MPA - Movimento per l'Autonomia Alleati per il Sud
Patto per le autonomie
PSd'Az
MF
Moviment Furlan
Moderati per il Piemonte
Comunisti Italiani
PdCI
RI
MAIE
UA
I Popolari di Italia Domani
Popolari per l'Italia di domani
CSR
ADP
Autonomistes Démocrates Progressistes
PU
Federazione Italiana Pensionati Uniti
FIPU
APA
Autonomistes
AI
Veneta Serenissima Armata
LAL
Lega per l'Autonomia - Alleanza Lombarda - Lega Pensionati
Aosta Viva
Vallee d'Aoste Vive
VdA Vive
PLI
PNE
ProgettoNordest
Destra Nazionale
M.S.I.
Movimento Sociale Italiano
Movimento Sociale Italiano-Destra Nazionale
MSI-Destra Nazionale
MSI-DN
Democrazia è Libertà
Democrazia e Libertà - La Margherita
DL-La Margherita
La Margherita
Indipendenza Repubblica di Sardegna
iRS
SA
Alleanza Popolare-UDEUR
Popolari - UDEUR
Popolari per il Sud
U.D.EUR
Udeur
UDEUR-Popolari
Unione dei Democratici per l'Europa
Unione Democratici per l'Europa
Noi Sud
Centrodestra Nazionale
Fratelli d'Italia - Alleanza Nazionale
Fratelli d'Italia - Centrodestra Nazionale
DA
SNI
Partidu Sardu Indipendentista
Sardigna Natzione Indipendentzia
Sardigna Nazione Indipendentzia
Unione Slovena
UP
SC
Scelta Civica - Con Monti per l'Italia
SCpI
Cittadini per il Presidente
Con Illy per Trieste
Una regione in comune
Concentrazione democratica repubblicana
Federazione Liberaldemocratica
FLD
Fronte nazionale (Italia)
Pour la Vallée d'Aoste
PVdA
RV
Lega Autonomista Lombarda
Lega Lombarda - Lega Nord Padania
PS
Liga Fronte Veneto
Liga Repubblica Veneta
Veneti d'Europa
RS
LD
Liberal Democratici per il Rinnovamento
Liberaldemocratici
STF
Libera alleanza per il Tirolo
Libertà Sud-tirolese
Sud-Tiroler Freiheit
Süd-Tiroler Freiheit - Freies Bündnis für Tirol
Südtiroler Freiheit
UDS
Unione Democratica Sarda - Progetto Nazionalitario
ALPE
Autonomia Libertà Partecipazione Ecologia
UpT
ApV
UPA
Io sud
LDC
Convergence pal Friûl
CpF
UVP
DF
FF
Front Furlan
FMP
VF
FG
La Puglia prima di tutto
aMpI
Lega delle Regioni
Veneto Nord Est
AT6
Lega d'azione meridionale
Circoli Socialisti
LpT
Pcd'I(m-l)
Partito Democratico Costituzionale Italiano
Democrazia del Lavoro
Partito Radicale (1877-1925)
Partito Radicale (storico)
MIL
UOPA
USCS
MVRA
Veneto Autonomo
Lega Nord Piemonte
Moviment Autonomista Piemontèis
Piemont Autonomista
FIL
XI
DLI
Liberali per l'Italia
LpI
LpM
LLV
Lega Nord FVG
LNFVG
LNS
UPC
LFV
LNV
LVS
LVA
IV
PSE
MeP
MARP
MAR
PAS
ParIS
PPS
PVI
PdS
PA
Popolari Piemontesi
ProgReS
MFR
RM
Il Megafono
Movimento Politico Crocetta Presidente
UDC
Unione dei Democratici Cristiani e dei Democratici di Centro
Unione dei Democratici Cristiani e di Centro
L'Altra Europa
Fare
Fermare il Declino
LdV
PiV
LeD
Libertà e Diritti - Socialisti europei
PCI
Comunisti Unitari
Verdi
Partito Pirata italiano
Partito Pirata Italiano
PP-IT
CR
CoR
F!
SI
IDeA
PDF
Il Popolo della Famiglia
PdF
CPI
Lega Friuli
pLI
Centristi per l'Italia
CpI
FÉDÉRATION AUTONOMISTE
ALLEANZA PER L'ITALIA
SINISTRA ECOLOGIA LIBERTÀ
FORZA ITALIA
IL POPOLO DELLA LIBERTÀ
PARTITO DEMOCRATICO
LEGA NORD
ITALIA DEI VALORI
FUTURO E LIBERTÀ PER L'ITALIA
MOVIMENTO 5 STELLE
PARTITO POPOLARE ITALIANO
DEMOCRATICI CRISTIANI UNITI
PARTITO DELLA RIFONDAZIONE COMUNISTA
FEDERAZIONE DEI LIBERALI
DEMOCRAZIA CRISTIANA
SÜDTIROLER HEIMATBUND
ALLEANZA NAZIONALE
PARTITO SOCIALISTA DEMOCRATICO ITALIANO
LA DESTRA
PARTITO D'AZIONE
PARTITO REPUBBLICANO ITALIANO
MOVIMENTO SOCIALE ITALIANO - DESTRA NAZIONALE
DEMOCRAZIA È LIBERTÀ – LA MARGHERITA
DEMOCRATICI POPOLARI
FORTZA PARIS
I DEMOCRATICI
MOVIMENTO PER LE AUTONOMIE
POPOLARI DI ITALIA DOMANI
CONSERVATORI E SOCIAL RIFORMATORI
AUTONOMISTI DEMOCRATICI PROGRESSISTI
PENSIONATI UNITI
UNION VALDÔTAINE
SINISTRA DEMOCRATICA
PARTITO LIBERALE ITALIANO
MOVIMENTO REPUBBLICANI EUROPEI
RENOUVEAU VALDÔTAIN
REPUBBLICANI DEMOCRATICI
LISTA CONSUMATORI
LIGA VENETA
SERENISSIMI
PARTITO NAZIONALE MONARCHICO
UNIONE DEMOCRATICA
LEGA PER L'AUTONOMIA - ALLEANZA LOMBARDA
VALLÉE D'AOSTE VIVE
PROGETTO NORDEST
LEGA PADANA
IO SUD
INDIPENDÈNTZIA REPÙBRICA DE SARDIGNA
VERSO NORD
ALLEANZA SICILIANA
CITTADINI FVG - LIBERTÀ CIVICA
CONCENTRAZIONE DEMOCRATICA REPUBBLICANA
FONDAZIONE LIBERALDEMOCRATICA
FRONTE NAZIONALE
POPOLARI UNITI
PER LA VALLE D'AOSTA
RASSEMBLEMENT VALDÔTAIN
PARTITO COMUNISTA D'ITALIA
PARTITO SARDO D'AZIONE
MOVIMENTO FRIULI
MODERATI
PARTITO DEI COMUNISTI ITALIANI
RADICALI ITALIANI
STELLA ALPINA
POPOLARI UDEUR
LEGA NORD VALLE D'AOSTA
ALLEANZA DEMOCRATICA
NOI SUD - LIBERTÀ E AUTONOMIA
FRATELLI D'ITALIA
DEMOCRATICI AUTONOMISTI
POPOLARI DEMOCRATICI
MOVIMENTO ASSOCIATIVO ITALIANI ALL'ESTERO
UNIONE AUTONOMISTA
UNIONE POPOLARE CRISTIANA
LEGA DEMOCRATICA COMUNITARIA
CONVERGENZA PER IL FRIULI
DOMÀ NUNCH
DESTRA FEDERALE
FRONTE FRIULANO
FRONTE MARCO POLO
VENETO FUTURO
FRONTE GIULIANO
PARTITO RADICALE
SARDIGNA NATZIONE
SLOVENSKA SKUPNOST
UNION PIEMONTÈISA
LEGA ALPINA LUMBARDA
SCELTA CIVICA
ALLEANZA POPOLARE AUTONOMISTA
AUTONOMISTI
AUTONOMISTI INDIPENDENTI
RIFORMATORI LIBERALI
LEGA LOMBARDA
PROGETTO SARDEGNA
LIGA VENETA REPUBBLICA
RIFORMATORI SARDI
LIBERAL DEMOCRATICI
SÜD-TIROLER FREIHEIT
UNIONE DEMOCRATICA SARDA
AZIONE POPOLARE
FORZA DEL SUD
AUTONOMIE LIBERTÉ PARTICIPATION ÉCOLOGIE
UNIONE PER IL TRENTINO
MOVIMENTO INDIPENDENTISTA SICILIANO
FRONTE INDIPENDENTISTA LOMBARDIA
XOVENTÙ INDEPENDENTISTA
DESTRA LIBERALE ITALIANA
UNION VALDÔTAINE PROGRESSISTE
LEGA PER LE MARCHE
LEGA PER LA TOSCANA
LEGA LOMBARDO VENETA
LEGA NORD FRIULI-VENEZIA GIULIA
LEGA NORD MARCHE
LEGA NORD ROMAGNA
LEGA NORD SARDEGNA
LEGA NORD TRIESTE
LEGA NORD UMBRIA
LEGA NUOVA
UNIONE PADANA ALPINA
LA PUGLIA PRIMA DI TUTTO
A MANCA PRO S'INDIPENDENTZIA
LEGA AUTONOMIA VENETA
LEGA D'AZIONE MERIDIONALE
LIBERALSOCIALISTI
LISTA PER TRIESTE
MOVIMENTO COMUNITÀ
MOVIMENTO UNIONISTA ITALIANO
NUOVA SICILIA
PARTITO COMUNISTA D'ITALIA (MARXISTA-LENINISTA)
PARTITO DEMOCRATICO COSTITUZIONALE
PARTITO DEMOCRATICO MERIDIONALE
PARTITO DEMOCRATICO DEL LAVORO
PARTITO LIBERALE DEMOCRATICO
PARTITO RADICALE ITALIANO
RINASCITA DELLA DEMOCRAZIA CRISTIANA
MOVIMENTO INDIPENDENTISTA LIGURE
UNIONE OSSOLANA PER L'AUTONOMIA
UNIONE SICILIANA CRISTIANO SOCIALE
MOVIMENTO VENETO REGIONE AUTONOMA
MOVIMENTO PER L'INDIPENDENZA DELLA SICILIA
LEGA NORD PIEMONT
ALLEANZA PER IL VENETO
PROGETT'AZIONE
PROGETU REPÙBLICA DE SARDIGNA
MOVIMENTO FEDERATIVO RADICALE
ROSSO MORI
SARDEGNA DOMANI
POPOLARI AUTONOMISTI SARDI
PARTIDU INDIPENDENTISTA SARDU
PARTITO SARDO D'AZIONE SOCIALISTA
LIGA FEDERATIVA VENETA
LIGA NATHION VENETA
LIGA VENETA SERENISSIMA
LIGA VENETO AUTONOMO
LEONE DI SAN MARCO
INDIPENDENZA VENETA
LISTA MANCINI
MODERATI E POPOLARI
MOVIMENTO PER L'AUTONOMIA REGIONALE PIEMONTESE
MOVIMENTO PER L'AUTONOMIA DELLA ROMAGNA
PATTO PER LA SICILIA
UNIONE PADANA
PARTITO PER IL VENETO INDIPENDENTE
PARTITO DEI SICILIANI
IL MEGAFONO - LISTA CROCETTA
FEDERAZIONE DEI VERDI
PARTITO PIRATA
FARE PER FERMARE IL DECLINO
NUOVO CENTRODESTRA - UNIONE DI CENTRO
GREEN ITALIA
MOVIMENTO UNIONE ITALIANO (MUI)
UNIONE DI CENTRO
PARTITO SOCIALISTA DEI SICILIANI
POPOLARI PER L'ITALIA
L'ALTRA EUROPA CON TSIPRAS
IO AMO L'ITALIA
LEGA NORD FRIULI
PRO LOMBARDIA INDIPENDENZA
CENTRISTI PER L'EUROPA
REALTÀ ITALIA
LIGA DEI VENETI
PRIMA IL VENETO
LIBERTÀ E DIRITTI
LIBERALI
PARTITO COMUNISTA ITALIANO
MOVIMENTO DEI COMUNISTI UNITARI
CONSERVATORI E RIFORMISTI
POSSIBILE
FARE!
SINISTRA ITALIANA
LA RETE 2018
FUTURO A SINISTRA
IDENTITÀ E AZIONE
POPOLO DELLA FAMIGLIA
PARTITO DEL POPOLO SARDO
CASAPOUND ITALIA
API
PDL
CARROCCIO
LEGA
LEGA NORD PADANIA
LEGA NORD PER L'INDIPENDENZA DELLA PADANIA
IDV
ITALIA DEI VALORI - LISTA DI PIETRO
FUTURO E LIBERTÀ
MOVIMENTO CINQUE STELLE
"ALLEANZA NAZIONALE, ""AN"""
HEIMATBUND
WAHLVERBAND DES HEIMATBUNDES
LEGA NORD VENETO
RIFONDAZIONE COMUNISTA
FDL
DEMOCRAZIA CRISTIANA - LIBERTAS
FRONTE SOCIALE NAZIONALE
PARTITO COMUNISTA D’ITALIA
PCD'I
STORIA DEL PARTITO COMUNISTA D'ITALIA
L'ASINELLO
MOVIMENTO PER L'AUTONOMIA
MPA
MPA - MOVIMENTO PER L'AUTONOMIA ALLEATI PER IL SUD
PATTO PER LE AUTONOMIE
PSD'AZ
MOVIMENT FURLAN
MODERATI PER IL PIEMONTE
COMUNISTI ITALIANI
PDCI
I POPOLARI DI ITALIA DOMANI
POPOLARI PER L'ITALIA DI DOMANI
AUTONOMISTES DÉMOCRATES PROGRESSISTES
FEDERAZIONE ITALIANA PENSIONATI UNITI
AUTONOMISTES
VENETA SERENISSIMA ARMATA
LEGA PER L'AUTONOMIA - ALLEANZA LOMBARDA - LEGA PENSIONATI
AOSTA VIVA
VALLEE D'AOSTE VIVE
VDA VIVE
PROGETTONORDEST
DESTRA NAZIONALE
MOVIMENTO SOCIALE ITALIANO
MOVIMENTO SOCIALE ITALIANO-DESTRA NAZIONALE
MSI-DESTRA NAZIONALE
DEMOCRAZIA È LIBERTÀ
DEMOCRAZIA E LIBERTÀ - LA MARGHERITA
DL-LA MARGHERITA
LA MARGHERITA
INDIPENDENZA REPUBBLICA DI SARDEGNA
IRS
ALLEANZA POPOLARE-UDEUR
POPOLARI - UDEUR
POPOLARI PER IL SUD
UDEUR
UDEUR-POPOLARI
UNIONE DEI DEMOCRATICI PER L'EUROPA
UNIONE DEMOCRATICI PER L'EUROPA
NOI SUD
CENTRODESTRA NAZIONALE
FRATELLI D'ITALIA - ALLEANZA NAZIONALE
FRATELLI D'ITALIA - CENTRODESTRA NAZIONALE
PARTIDU SARDU INDIPENDENTISTA
SARDIGNA NATZIONE INDIPENDENTZIA
SARDIGNA NAZIONE INDIPENDENTZIA
UNIONE SLOVENA
SCELTA CIVICA - CON MONTI PER L'ITALIA
SCPI
CITTADINI PER IL PRESIDENTE
CON ILLY PER TRIESTE
UNA REGIONE IN COMUNE
FEDERAZIONE LIBERALDEMOCRATICA
FRONTE NAZIONALE (ITALIA)
POUR LA VALLÉE D'AOSTE
PVDA
LEGA AUTONOMISTA LOMBARDA
LEGA LOMBARDA - LEGA NORD PADANIA
LIGA FRONTE VENETO
LIGA REPUBBLICA VENETA
VENETI D'EUROPA
LIBERAL DEMOCRATICI PER IL RINNOVAMENTO
LIBERALDEMOCRATICI
LIBERA ALLEANZA PER IL TIROLO
LIBERTÀ SUD-TIROLESE
SUD-TIROLER FREIHEIT
SÜD-TIROLER FREIHEIT - FREIES BÜNDNIS FÜR TIROL
SÜDTIROLER FREIHEIT
UNIONE DEMOCRATICA SARDA - PROGETTO NAZIONALITARIO
AUTONOMIA LIBERTÀ PARTECIPAZIONE ECOLOGIA
UPT
APV
CONVERGENCE PAL FRIÛL
CPF
FRONT FURLAN
AMPI
LEGA DELLE REGIONI
VENETO NORD EST
CIRCOLI SOCIALISTI
LPT
PCD'I(M-L)
PARTITO DEMOCRATICO COSTITUZIONALE ITALIANO
DEMOCRAZIA DEL LAVORO
PARTITO RADICALE (1877-1925)
PARTITO RADICALE (STORICO)
VENETO AUTONOMO
LEGA NORD PIEMONTE
MOVIMENT AUTONOMISTA PIEMONTÈIS
PIEMONT AUTONOMISTA
LIBERALI PER L'ITALIA
LPI
LPM
LEGA NORD FVG
MEP
PARIS
PDS
POPOLARI PIEMONTESI
PROGRES
IL MEGAFONO
MOVIMENTO POLITICO CROCETTA PRESIDENTE
UNIONE DEI DEMOCRATICI CRISTIANI E DEI DEMOCRATICI DI CENTRO
UNIONE DEI DEMOCRATICI CRISTIANI E DI CENTRO
L'ALTRA EUROPA
FARE
FERMARE IL DECLINO
LDV
PIV
LED
LIBERTÀ E DIRITTI - SOCIALISTI EUROPEI
COMUNISTI UNITARI
VERDI
PARTITO PIRATA ITALIANO
COR
IDEA
IL POPOLO DELLA FAMIGLIA
LEGA FRIULI
CENTRISTI PER L'ITALIA
Alleanza Per L'italia
Il Popolo Della Libertà
Italia Dei Valori
Futuro E Libertà Per L'italia
Partito Della Rifondazione Comunista
Federazione Dei Liberali
Partito D'azione
Democrazia È Libertà – La Margherita
Movimento Per Le Autonomie
Popolari Di Italia Domani
Conservatori E Social Riformatori
Lega Per L'autonomia - Alleanza Lombarda
Vallée D'aoste Vive
Progetto Nordest
Indipendèntzia Repùbrica De Sardigna
Cittadini Fvg - Libertà Civica
Per La Valle D'aosta
Partito Comunista D'italia
Partito Sardo D'azione
Partito Dei Comunisti Italiani
Popolari Udeur
Lega Nord Valle D'aosta
Noi Sud - Libertà E Autonomia
Fratelli D'italia
Movimento Associativo Italiani All'estero
Convergenza Per Il Friuli
Forza Del Sud
Unione Per Il Trentino
Lega Per Le Marche
Lega Per La Toscana
La Puglia Prima Di Tutto
A Manca Pro S'indipendentzia
Lega D'azione Meridionale
Lista Per Trieste
Partito Comunista D'italia (Marxista-Leninista)
Partito Democratico Del Lavoro
Rinascita Della Democrazia Cristiana
Unione Ossolana Per L'autonomia
Movimento Per L'indipendenza Della Sicilia
Alleanza Per Il Veneto
Progett'azione
Progetu Repùblica De Sardigna
Partito Sardo D'azione Socialista
Leone Di San Marco
Moderati E Popolari
Movimento Per L'autonomia Regionale Piemontese
Movimento Per L'autonomia Della Romagna
Patto Per La Sicilia
Partito Per Il Veneto Indipendente
Partito Dei Siciliani
Federazione Dei Verdi
Fare Per Fermare Il Declino
Nuovo Centrodestra - Unione Di Centro
Movimento Unione Italiano (Mui)
Unione Di Centro
Partito Socialista Dei Siciliani
Popolari Per L'italia
L'altra Europa Con Tsipras
Io Amo L'italia
Pro Lombardia Indipendenza
Centristi Per L'europa
Liga Dei Veneti
Prima Il Veneto
Libertà E Diritti
Movimento Dei Comunisti Unitari
Conservatori E Riformisti
Futuro A Sinistra
Identità E Azione
Popolo Della Famiglia
Partito Del Popolo Sardo
Casapound Italia
Api
Pdl
Pd
Lega Nord Per L'indipendenza Della Padania
Ln
Lnp
Idv
Italia Dei Valori - Lista Di Pietro
Fli
Futuro E Libertà
Uv
Mre
"Alleanza Nazionale, ""An"""
"""Psdi"""
Sel
Wahlverband Des Heimatbundes
Pri
Lc
Lv
Dcu
Prc
Fdl
Dc
Partito Comunista D’italia
Pcd'i
Pcdi
Storia Del Partito Comunista D'italia
Dp
Fp
L'asinello
Movimento Per L'autonomia
Mpa
Mpa - Movimento Per L'autonomia Alleati Per Il Sud
Patto Per Le Autonomie
Psd'az
Mf
Moderati Per Il Piemonte
Pdci
Ri
Maie
Ua
I Popolari Di Italia Domani
Popolari Per L'italia Di Domani
Csr
Adp
Pu
Fipu
Apa
Ai
Lal
Lega Per L'autonomia - Alleanza Lombarda - Lega Pensionati
Vallee D'aoste Vive
Vda Vive
Pli
Pne
Progettonordest
Msi-Destra Nazionale
Msi-Dn
Democrazia È Libertà
Democrazia E Libertà - La Margherita
Dl-La Margherita
Indipendenza Repubblica Di Sardegna
Irs
Sa
Alleanza Popolare-Udeur
Popolari - Udeur
Popolari Per Il Sud
U.D.Eur
Udeur-Popolari
Unione Dei Democratici Per L'europa
Unione Democratici Per L'europa
Fratelli D'italia - Alleanza Nazionale
Fratelli D'italia - Centrodestra Nazionale
Da
Sni
Up
Sc
Scelta Civica - Con Monti Per L'italia
Scpi
Cittadini Per Il Presidente
Con Illy Per Trieste
Una Regione In Comune
Fld
Fronte Nazionale (Italia)
Pour La Vallée D'aoste
Pvda
Rv
Ps
Veneti D'europa
Rs
Ld
Liberal Democratici Per Il Rinnovamento
Stf
Libera Alleanza Per Il Tirolo
Libertà Sud-Tirolese
Süd-Tiroler Freiheit - Freies Bündnis Für Tirol
Uds
Alpe
Upt
Apv
Upa
Ldc
Convergence Pal Friûl
Cpf
Uvp
Df
Ff
Fmp
Vf
Fg
Ampi
Lega Delle Regioni
At6
Lpt
Pcd'i(M-L)
Democrazia Del Lavoro
Partito Radicale (Storico)
Mil
Uopa
Uscs
Mvra
Fil
Xi
Dli
Liberali Per L'italia
Lpi
Lpm
Llv
Lega Nord Fvg
Lnfvg
Lns
Upc
Lfv
Lnv
Lvs
Lva
Iv
Pse
Mep
Marp
Mar
Pas
Paris
Pps
Pvi
Pds
Pa
Progres
Mfr
Rm
Udc
Unione Dei Democratici Cristiani E Dei Democratici Di Centro
Unione Dei Democratici Cristiani E Di Centro
L'altra Europa
Fermare Il Declino
Ldv
Piv
Led
Libertà E Diritti - Socialisti Europei
Pci
Pp-It
Cr
Cor
Si
Idea
Pdf
Il Popolo Della Famiglia
Cpi
Centristi Per L'italia
Fédération autonomiste
Alleanza per l'italia
Sinistra ecologia libertà
Forza italia
Il popolo della libertà
Partito democratico
Lega nord
Italia dei valori
Futuro e libertà per l'italia
Movimento 5 stelle
Partito popolare italiano
Democratici cristiani uniti
Partito della rifondazione comunista
Federazione dei liberali
Democrazia cristiana
Südtiroler heimatbund
Alleanza nazionale
Partito socialista democratico italiano
La destra
Partito d'azione
Partito repubblicano italiano
Movimento sociale italiano - destra nazionale
Democrazia è libertà – la margherita
Democratici popolari
Fortza paris
I democratici
Movimento per le autonomie
Popolari di italia domani
Conservatori e social riformatori
Autonomisti democratici progressisti
Pensionati uniti
Union valdôtaine
Sinistra democratica
Partito liberale italiano
Movimento repubblicani europei
Renouveau valdôtain
Repubblicani democratici
Lista consumatori
Liga veneta
Partito nazionale monarchico
Unione democratica
Lega per l'autonomia - alleanza lombarda
Vallée d'aoste vive
Progetto nordest
Lega padana
Indipendèntzia repùbrica de sardigna
Verso nord
Alleanza siciliana
Cittadini fvg - libertà civica
Fondazione liberaldemocratica
Fronte nazionale
Popolari uniti
Per la valle d'aosta
Rassemblement valdôtain
Partito comunista d'italia
Partito sardo d'azione
Movimento friuli
Partito dei comunisti italiani
Radicali italiani
Stella alpina
Popolari udeur
Lega nord valle d'aosta
Alleanza democratica
Noi sud - libertà e autonomia
Fratelli d'italia
Democratici autonomisti
Popolari democratici
Movimento associativo italiani all'estero
Unione autonomista
Unione popolare cristiana
Lega democratica comunitaria
Convergenza per il friuli
Domà nunch
Destra federale
Fronte friulano
Fronte marco polo
Veneto futuro
Fronte giuliano
Partito radicale
Sardigna natzione
Slovenska skupnost
Union piemontèisa
Lega alpina lumbarda
Scelta civica
Alleanza popolare autonomista
Autonomisti indipendenti
Riformatori liberali
Lega lombarda
Progetto sardegna
Liga veneta repubblica
Riformatori sardi
Liberal democratici
Süd-tiroler freiheit
Unione democratica sarda
Azione popolare
Forza del sud
Autonomie liberté participation écologie
Unione per il trentino
Movimento indipendentista siciliano
Fronte indipendentista lombardia
Xoventù independentista
Destra liberale italiana
Union valdôtaine progressiste
Lega per le marche
Lega per la toscana
Lega lombardo veneta
Lega nord friuli-venezia giulia
Lega nord marche
Lega nord romagna
Lega nord sardegna
Lega nord trieste
Lega nord umbria
Lega nuova
Unione padana alpina
La puglia prima di tutto
A manca pro s'indipendentzia
Lega autonomia veneta
Lista per trieste
Movimento comunità
Movimento unionista italiano
Nuova sicilia
Partito comunista d'italia (marxista-leninista)
Partito democratico costituzionale
Partito democratico meridionale
Partito democratico del lavoro
Partito liberale democratico
Partito radicale italiano
Rinascita della democrazia cristiana
Movimento indipendentista ligure
Unione ossolana per l'autonomia
Unione siciliana cristiano sociale
Movimento veneto regione autonoma
Movimento per l'indipendenza della sicilia
Lega nord piemont
Alleanza per il veneto
Progetu repùblica de sardigna
Movimento federativo radicale
Rosso mori
Sardegna domani
Popolari autonomisti sardi
Partidu indipendentista sardu
Partito sardo d'azione socialista
Liga federativa veneta
Liga nathion veneta
Liga veneta serenissima
Liga veneto autonomo
Leone di san marco
Indipendenza veneta
Lista mancini
Moderati e popolari
Movimento per l'autonomia regionale piemontese
Movimento per l'autonomia della romagna
Patto per la sicilia
Unione padana
Partito per il veneto indipendente
Partito dei siciliani
Il megafono - lista crocetta
Federazione dei verdi
Partito pirata
Fare per fermare il declino
Nuovo centrodestra - unione di centro
Green italia
Movimento unione italiano (mui)
Unione di centro
Partito socialista dei siciliani
Popolari per l'italia
L'altra europa con tsipras
Io amo l'italia
Lega nord friuli
Pro lombardia indipendenza
Centristi per l'europa
Realtà italia
Liga dei veneti
Prima il veneto
Libertà e diritti
Partito comunista italiano
Movimento dei comunisti unitari
Conservatori e riformisti
Sinistra italiana
La rete 2018
Futuro a sinistra
Identità e azione
Popolo della famiglia
Partito del popolo sardo
Casapound italia
Lega nord padania
Lega nord per l'indipendenza della padania
Italia dei valori - lista di pietro
Futuro e libertà
M5s
Movimento cinque stelle
"Alleanza nazionale, ""an"""
"""psdi"""
Wahlverband des heimatbundes
Lega nord veneto
Rifondazione comunista
Democrazia cristiana - libertas
Fronte sociale nazionale
Partito comunista d’italia
Storia del partito comunista d'italia
Movimento per l'autonomia
Mpa - movimento per l'autonomia alleati per il sud
Moviment furlan
Moderati per il piemonte
Comunisti italiani
I popolari di italia domani
Popolari per l'italia di domani
Autonomistes démocrates progressistes
Federazione italiana pensionati uniti
Veneta serenissima armata
Lega per l'autonomia - alleanza lombarda - lega pensionati
Aosta viva
Vallee d'aoste vive
Vda vive
Destra nazionale
M.s.i.
Movimento sociale italiano
Movimento sociale italiano-destra nazionale
Msi-destra nazionale
Msi-dn
Democrazia è libertà
Democrazia e libertà - la margherita
Dl-la margherita
La margherita
Indipendenza repubblica di sardegna
Alleanza popolare-udeur
Popolari - udeur
Popolari per il sud
U.d.eur
Udeur-popolari
Unione dei democratici per l'europa
Unione democratici per l'europa
Noi sud
Centrodestra nazionale
Fratelli d'italia - alleanza nazionale
Fratelli d'italia - centrodestra nazionale
Partidu sardu indipendentista
Sardigna natzione indipendentzia
Sardigna nazione indipendentzia
Unione slovena
Scelta civica - con monti per l'italia
Cittadini per il presidente
Con illy per trieste
Federazione liberaldemocratica
Fronte nazionale (italia)
Pour la vallée d'aoste
Lega autonomista lombarda
Lega lombarda - lega nord padania
Liga fronte veneto
Liga repubblica veneta
Veneti d'europa
Liberal democratici per il rinnovamento
Libera alleanza per il tirolo
Libertà sud-tirolese
Sud-tiroler freiheit
Süd-tiroler freiheit - freies bündnis für tirol
Südtiroler freiheit
Unione democratica sarda - progetto nazionalitario
Autonomia libertà partecipazione ecologia
Convergence pal friûl
Front furlan
Lega delle regioni
Veneto nord est
Circoli socialisti
Pcd'i(m-l)
Partito democratico costituzionale italiano
Democrazia del lavoro
Partito radicale (1877-1925)
Partito radicale (storico)
Veneto autonomo
Lega nord piemonte
Moviment autonomista piemontèis
Piemont autonomista
Liberali per l'italia
Lega nord fvg
Popolari piemontesi
Il megafono
Movimento politico crocetta presidente
Unione dei democratici cristiani e dei democratici di centro
Unione dei democratici cristiani e di centro
L'altra europa
Fermare il declino
Libertà e diritti - socialisti europei
Comunisti unitari
Partito pirata italiano
Pp-it
Il popolo della famiglia
Lega friuli
Centristi per l'italia
